Archive member included to satisfy reference by file (symbol)

/opt/devkitpro/libctru/lib/libcitro2d.a(base.o)
                              main.o (C2D_Init)
/opt/devkitpro/libctru/lib/libcitro2d.a(spritesheet.o)
                              main.o (C2D_SpriteSheetLoad)
/opt/devkitpro/libctru/lib/libcitro2d.a(render2d.shbin.o)
                              /opt/devkitpro/libctru/lib/libcitro2d.a(base.o) (render2d_shbin_size)
/opt/devkitpro/libctru/lib/libcitro3d.a(base.o)
                              main.o (C3D_Init)
/opt/devkitpro/libctru/lib/libcitro3d.a(renderqueue.o)
                              main.o (C3D_FrameBegin)
/opt/devkitpro/libctru/lib/libcitro3d.a(texture.o)
                              /opt/devkitpro/libctru/lib/libcitro2d.a(base.o) (C3D_TexBind)
/opt/devkitpro/libctru/lib/libcitro3d.a(tex3ds.o)
                              /opt/devkitpro/libctru/lib/libcitro2d.a(spritesheet.o) (Tex3DS_TextureImport)
/opt/devkitpro/libctru/lib/libcitro3d.a(framebuffer.o)
                              /opt/devkitpro/libctru/lib/libcitro3d.a(renderqueue.o) (C3D_CalcColorBufSize)
/opt/devkitpro/libctru/lib/libcitro3d.a(texenv.o)
                              /opt/devkitpro/libctru/lib/libcitro2d.a(base.o) (C3D_GetTexEnv)
/opt/devkitpro/libctru/lib/libcitro3d.a(proctex.o)
                              /opt/devkitpro/libctru/lib/libcitro2d.a(base.o) (C3D_ProcTexInit)
/opt/devkitpro/libctru/lib/libcitro3d.a(buffers.o)
                              /opt/devkitpro/libctru/lib/libcitro2d.a(base.o) (BufInfo_Init)
/opt/devkitpro/libctru/lib/libcitro3d.a(drawArrays.o)
                              /opt/devkitpro/libctru/lib/libcitro2d.a(base.o) (C3D_DrawArrays)
/opt/devkitpro/libctru/lib/libcitro3d.a(effect.o)
                              /opt/devkitpro/libctru/lib/libcitro3d.a(base.o) (C3D_DepthMap)
/opt/devkitpro/libctru/lib/libcitro3d.a(attribs.o)
                              /opt/devkitpro/libctru/lib/libcitro2d.a(base.o) (AttrInfo_Init)
/opt/devkitpro/libctru/lib/libcitro3d.a(immediate.o)
                              /opt/devkitpro/libctru/lib/libcitro3d.a(base.o) (C3D_ImmSendAttrib)
/opt/devkitpro/libctru/lib/libcitro3d.a(uniforms.o)
                              /opt/devkitpro/libctru/lib/libcitro3d.a(base.o) (C3D_UpdateUniforms)
/opt/devkitpro/libctru/lib/libcitro3d.a(mtx_ortho.o)
                              /opt/devkitpro/libctru/lib/libcitro2d.a(base.o) (Mtx_Ortho)
/opt/devkitpro/libctru/lib/libcitro3d.a(mtx_orthotilt.o)
                              /opt/devkitpro/libctru/lib/libcitro2d.a(base.o) (Mtx_OrthoTilt)
/opt/devkitpro/libctru/lib/libctru.a(vram.o)
                              /opt/devkitpro/libctru/lib/libcitro3d.a(renderqueue.o) (vramAlloc)
/opt/devkitpro/libctru/lib/libctru.a(linear.o)
                              /opt/devkitpro/libctru/lib/libcitro2d.a(base.o) (linearAlloc)
/opt/devkitpro/libctru/lib/libctru.a(mem_pool.o)
                              /opt/devkitpro/libctru/lib/libctru.a(vram.o) (MemPool::Allocate(MemChunk&, unsigned long, int))
/opt/devkitpro/libctru/lib/libctru.a(romfs_dev.o)
                              main.o (romfsMount)
/opt/devkitpro/libctru/lib/libctru.a(os.o)
                              /opt/devkitpro/libctru/lib/libcitro3d.a(texture.o) (osConvertVirtToPhys)
/opt/devkitpro/libctru/lib/libctru.a(console.o)
                              main.o (consoleInit)
/opt/devkitpro/libctru/lib/libctru.a(gfx.o)
                              /opt/devkitpro/libctru/lib/libcitro3d.a(renderqueue.o) (gfxIs3D)
/opt/devkitpro/libctru/lib/libctru.a(shaderProgram.o)
                              /opt/devkitpro/libctru/lib/libcitro2d.a(base.o) (shaderInstanceGetUniformLocation)
/opt/devkitpro/libctru/lib/libctru.a(shbin.o)
                              /opt/devkitpro/libctru/lib/libcitro2d.a(base.o) (DVLB_ParseFile)
/opt/devkitpro/libctru/lib/libctru.a(gx.o)
                              /opt/devkitpro/libctru/lib/libctru.a(gfx.o) (gxCmdBuf)
/opt/devkitpro/libctru/lib/libctru.a(gxqueue.o)
                              /opt/devkitpro/libctru/lib/libcitro3d.a(renderqueue.o) (gxCmdQueueClear)
/opt/devkitpro/libctru/lib/libctru.a(gpu.o)
                              /opt/devkitpro/libctru/lib/libcitro3d.a(base.o) (gpuCmdBufOffset)
/opt/devkitpro/libctru/lib/libctru.a(gspgpu.o)
                              /opt/devkitpro/libctru/lib/libctru.a(gfx.o) (gspInit)
/opt/devkitpro/libctru/lib/libctru.a(apt.o)
                              /opt/devkitpro/libctru/lib/libcitro3d.a(base.o) (aptHook)
/opt/devkitpro/libctru/lib/libctru.a(hid.o)
                              main.o (hidScanInput)
/opt/devkitpro/libctru/lib/libctru.a(ptmsysm.o)
                              /opt/devkitpro/libctru/lib/libctru.a(os.o) (ptmSysmInit)
/opt/devkitpro/libctru/lib/libctru.a(fs.o)
                              /opt/devkitpro/libctru/lib/libctru.a(romfs_dev.o) (FSUSER_OpenFileDirectly)
/opt/devkitpro/libctru/lib/libctru.a(decompress.o)
[...]
Memory Configuration

Name             Origin             Length             Attributes
*default*        0x0000000000000000 0xffffffffffffffff

Linker script and memory map

                0x0000000000100000                PROVIDE (__start__ = 0x100000)
                0x0000000000100000                . = __start__

.text           0x0000000000100000    0x26c88
 *(.crt0)
 .crt0          0x0000000000100000       0x94 /opt/devkitpro/devkitARM/lib/gcc/arm-none-eabi/9.1.0/../../../../arm-none-eabi/lib/armv6k/fpu/3dsx_crt0.o
                0x0000000000100000                _start
                0x0000000000100008                __service_ptr
                0x000000000010000c                __apt_appid
                0x0000000000100010                __heap_size
                0x0000000000100014                __linear_heap_size
                0x0000000000100018                __system_arglist
                0x000000000010001c                __system_runflags
 *(.init)
 .init          0x0000000000100094        0xc /opt/devkitpro/devkitARM/lib/gcc/arm-none-eabi/9.1.0/armv6k/fpu/crti.o
                0x0000000000100094                _init
 .init          0x00000000001000a0        0xc /opt/devkitpro/devkitARM/lib/gcc/arm-none-eabi/9.1.0/armv6k/fpu/crtn.o
                0x00000000001000ac                . = ALIGN (0x4)
 *(.text)
 .text          0x00000000001000ac       0x64 /opt/devkitpro/libctru/lib/libctru.a(stack_adjust.o)
                0x00000000001000ac                initSystem
                0x00000000001000f0                __ctru_exit
 .text          0x0000000000100110      0x20c /opt/devkitpro/devkitARM/lib/gcc/arm-none-eabi/9.1.0/armv6k/fpu/libgcc.a(_udivsi3.o)
                0x0000000000100110                __udivsi3
                0x0000000000100110                __aeabi_uidiv
                0x00000000001002fc                __aeabi_uidivmod
 .text          0x000000000010031c      0x240 /opt/devkitpro/devkitARM/lib/gcc/arm-none-eabi/9.1.0/armv6k/fpu/libgcc.a(_divsi3.o)
                0x000000000010031c                __aeabi_idiv
                0x000000000010031c                __divsi3
                0x000000000010053c                __aeabi_idivmod
 .text          0x000000000010055c        0x4 /opt/devkitpro/devkitARM/lib/gcc/arm-none-eabi/9.1.0/armv6k/fpu/libgcc.a(_dvmd_tls.o)
                0x000000000010055c                __aeabi_ldiv0
                0x000000000010055c                __aeabi_idiv0
 .text          0x0000000000100560      0x3c0 /opt/devkitpro/devkitARM/lib/gcc/arm-none-eabi/9.1.0/armv6k/fpu/libgcc.a(_arm_addsubdf3.o)
                0x0000000000100560                __aeabi_drsub
                0x0000000000100568                __aeabi_dsub
                0x0000000000100568                __subdf3
                0x000000000010056c                __adddf3
                0x000000000010056c                __aeabi_dadd
                0x0000000000100818                __aeabi_ui2d
                0x0000000000100818                __floatunsidf
                0x000000000010083c                __floatsidf
                0x000000000010083c                __aeabi_i2d
                0x0000000000100864                __extendsfdf2
                0x0000000000100864                __aeabi_f2d
                0x00000000001008ac                __aeabi_ul2d
                0x00000000001008ac                __floatundidf
                0x00000000001008c0                __floatdidf
                0x00000000001008c0                __aeabi_l2d
 .text          0x0000000000100920       0x3c /opt/devkitpro/devkitARM/lib/gcc/arm-none-eabi/9.1.0/armv6k/fpu/libgcc.a(_aeabi_uldivmod.o)
                0x0000000000100920                __aeabi_uldivmod
 *fill*         0x000000000010095c        0x4 
 .text          0x0000000000100960      0x390 /opt/devkitpro/devkitARM/lib/gcc/arm-none-eabi/9.1.0/../../../../arm-none-eabi/lib/armv6k/fpu/libg.a(lib_a-strcmp.o)
                0x0000000000100968                strcmp
 *(.text.*)
 .text.deregister_tm_clones
                0x0000000000100cf0       0x2c /opt/devkitpro/devkitARM/lib/gcc/arm-none-eabi/9.1.0/armv6k/fpu/crtbegin.o
 .text.register_tm_clones
                0x0000000000100d1c       0x38 /opt/devkitpro/devkitARM/lib/gcc/arm-none-eabi/9.1.0/armv6k/fpu/crtbegin.o
 .text.__do_global_dtors_aux
                0x0000000000100d54       0x44 /opt/devkitpro/devkitARM/lib/gcc/arm-none-eabi/9.1.0/armv6k/fpu/crtbegin.o
 .text.frame_dummy
                0x0000000000100d98       0x34 /opt/devkitpro/devkitARM/lib/gcc/arm-none-eabi/9.1.0/armv6k/fpu/crtbegin.o
 *fill*         0x0000000000100dcc        0x4 
 .text.startup.main
                0x0000000000100dd0      0xaf8 main.o
                0x0000000000100dd0                main
 .text.C2D_Init
                0x00000000001018c8      0x330 /opt/devkitpro/libctru/lib/libcitro2d.a(base.o)
                0x00000000001018c8                C2D_Init
 .text.C2D_Fini
                0x0000000000101bf8       0x44 /opt/devkitpro/libctru/lib/libcitro2d.a(base.o)
                0x0000000000101bf8                C2D_Fini
 .text.C2D_Prepare
                0x0000000000101c3c       0xc8 /opt/devkitpro/libctru/lib/libcitro2d.a(base.o)
                0x0000000000101c3c                C2D_Prepare
 .text.C2D_SceneSize
                0x0000000000101d04      0x10c /opt/devkitpro/libctru/lib/libcitro2d.a(base.o)
                0x0000000000101d04                C2D_SceneSize
 .text.C2D_CreateScreenTarget
                0x0000000000101e10       0x44 /opt/devkitpro/libctru/lib/libcitro2d.a(base.o)
                0x0000000000101e10                C2D_CreateScreenTarget
 .text.C2Di_CalcQuad
                0x0000000000101e54      0x13c /opt/devkitpro/libctru/lib/libcitro2d.a(base.o)
                0x0000000000101e54                C2Di_CalcQuad
 .text.C2Di_FlushVtxBuf
                0x0000000000101f90       0x30 /opt/devkitpro/libctru/lib/libcitro2d.a(base.o)
                0x0000000000101f90                C2Di_FlushVtxBuf
 .text.C2Di_FrameEndHook
                0x0000000000101fc0       0x20 /opt/devkitpro/libctru/lib/libcitro2d.a(base.o)
 .text.C2D_Flush
                0x0000000000101fe0       0x18 /opt/devkitpro/libctru/lib/libcitro2d.a(base.o)
                0x0000000000101fe0                C2D_Flush
 .text.C2D_TargetClear
                0x0000000000101ff8       0x30 /opt/devkitpro/libctru/lib/libcitro2d.a(base.o)
                0x0000000000101ff8                C2D_TargetClear
 .text.C2Di_Update
                0x0000000000102028      0x210 /opt/devkitpro/libctru/lib/libcitro2d.a(base.o)
                0x0000000000102028                C2Di_Update
 .text.C2D_DrawImage
                0x0000000000102238      0x2ec /opt/devkitpro/libctru/lib/libcitro2d.a(base.o)
                0x0000000000102238                C2D_DrawImage
 .text.C2D_SpriteSheetLoadFromHandle
                0x0000000000102524       0x6c /opt/devkitpro/libctru/lib/libcitro2d.a(spritesheet.o)
                0x0000000000102524                C2D_SpriteSheetLoadFromHandle
 .text.C2D_SpriteSheetLoad
                0x0000000000102590       0x34 /opt/devkitpro/libctru/lib/libcitro2d.a(spritesheet.o)
                0x0000000000102590                C2D_SpriteSheetLoad
 .text.C2D_SpriteSheetFree
                0x00000000001025c4       0x28 /opt/devkitpro/libctru/lib/libcitro2d.a(spritesheet.o)
                0x00000000001025c4                C2D_SpriteSheetFree
 .text.C2D_SpriteSheetCount
                0x00000000001025ec        0x8 /opt/devkitpro/libctru/lib/libcitro2d.a(spritesheet.o)
                0x00000000001025ec                C2D_SpriteSheetCount
 .text.C2D_SpriteSheetGetImage
                0x00000000001025f4       0x28 /opt/devkitpro/libctru/lib/libcitro2d.a(spritesheet.o)
                0x00000000001025f4                C2D_SpriteSheetGetImage
 .text.C3Di_SplitFrame.part.1
                0x000000000010261c       0xc4 /opt/devkitpro/libctru/lib/libcitro3d.a(base.o)
 .text.C3Di_LightEnvUpdate
                0x00000000001026e0        0x4 /opt/devkitpro/libctru/lib/libcitro3d.a(base.o)
                0x00000000001026e0                C3Di_LightEnvUpdate
 .text.C3Di_LightEnvDirty
                0x00000000001026e4        0x4 /opt/devkitpro/libctru/lib/libcitro3d.a(base.o)
                0x00000000001026e4                C3Di_LightEnvDirty
 .text.C3Di_AptEventHook
                0x00000000001026e8       0xac /opt/devkitpro/libctru/lib/libcitro3d.a(base.o)
 .text.C3Di_GasUpdate
                0x0000000000102794        0x4 /opt/devkitpro/libctru/lib/libcitro3d.a(base.o)
                0x0000000000102794                C3Di_GasUpdate
 .text.C3D_Init
                0x0000000000102798      0x21c /opt/devkitpro/libctru/lib/libcitro3d.a(base.o)
                0x0000000000102798                C3D_Init
 .text.C3D_SetViewport
                0x00000000001029b4       0x98 /opt/devkitpro/libctru/lib/libcitro3d.a(base.o)
                0x00000000001029b4                C3D_SetViewport
 .text.C3Di_UpdateContext
                0x0000000000102a4c      0x50c /opt/devkitpro/libctru/lib/libcitro3d.a(base.o)
                0x0000000000102a4c                C3Di_UpdateContext
 .text.C3Di_SplitFrame
                0x0000000000102f58       0x20 /opt/devkitpro/libctru/lib/libcitro3d.a(base.o)
                0x0000000000102f58                C3Di_SplitFrame
 .text.C3D_GetCmdBufUsage
                0x0000000000102f78       0x10 /opt/devkitpro/libctru/lib/libcitro3d.a(base.o)
                0x0000000000102f78                C3D_GetCmdBufUsage
 .text.C3D_Fini
                0x0000000000102f88       0x64 /opt/devkitpro/libctru/lib/libcitro3d.a(base.o)
                0x0000000000102f88                C3D_Fini
 .text.C3D_BindProgram
                0x0000000000102fec      0x114 /opt/devkitpro/libctru/lib/libcitro3d.a(base.o)
                0x0000000000102fec                C3D_BindProgram
 .text.C3Di_RenderQueueInit
                0x0000000000103100       0x54 /opt/devkitpro/libctru/lib/libcitro3d.a(renderqueue.o)
 .text.C3Di_RenderTargetDestroy
                0x0000000000103154       0x80 /opt/devkitpro/libctru/lib/libcitro3d.a(renderqueue.o)
 .text.onVBlank1
                0x00000000001031d4       0xac /opt/devkitpro/libctru/lib/libcitro3d.a(renderqueue.o)
 .text.onVBlank0
                0x0000000000103280      0x13c /opt/devkitpro/libctru/lib/libcitro3d.a(renderqueue.o)
 .text.C3Di_RenderTargetNew
                0x00000000001033bc        0xc /opt/devkitpro/libctru/lib/libcitro3d.a(renderqueue.o)
 .text.C3Di_WaitAndClearQueue
                0x00000000001033c8       0x7c /opt/devkitpro/libctru/lib/libcitro3d.a(renderqueue.o)
 .text.onQueueFinish
                0x0000000000103444       0xc0 /opt/devkitpro/libctru/lib/libcitro3d.a(renderqueue.o)
 .text.C3D_FrameSplit.part.6
                0x0000000000103504       0x44 /opt/devkitpro/libctru/lib/libcitro3d.a(renderqueue.o)
 .text.C3D_FrameSync
                0x0000000000103548       0x30 /opt/devkitpro/libctru/lib/libcitro3d.a(renderqueue.o)
                0x0000000000103548                C3D_FrameSync
 .text.C3Di_RenderQueueExit
                0x0000000000103578       0xa0 /opt/devkitpro/libctru/lib/libcitro3d.a(renderqueue.o)
                0x0000000000103578                C3Di_RenderQueueExit
 .text.C3Di_RenderQueueWaitDone
                0x0000000000103618       0x20 /opt/devkitpro/libctru/lib/libcitro3d.a(renderqueue.o)
                0x0000000000103618                C3Di_RenderQueueWaitDone
 .text.C3D_FrameBegin
                0x0000000000103638       0x7c /opt/devkitpro/libctru/lib/libcitro3d.a(renderqueue.o)
                0x0000000000103638                C3D_FrameBegin
 .text.C3D_FrameDrawOn
                0x00000000001036b4       0x48 /opt/devkitpro/libctru/lib/libcitro3d.a(renderqueue.o)
                0x00000000001036b4                C3D_FrameDrawOn
 .text.C3D_FrameSplit
                0x00000000001036fc       0x18 /opt/devkitpro/libctru/lib/libcitro3d.a(renderqueue.o)
                0x00000000001036fc                C3D_FrameSplit
 .text.C3D_FrameEnd
                0x0000000000103714      0x164 /opt/devkitpro/libctru/lib/libcitro3d.a(renderqueue.o)
                0x0000000000103714                C3D_FrameEnd
 .text.C3D_FrameEndHook
                0x0000000000103878       0x1c /opt/devkitpro/libctru/lib/libcitro3d.a(renderqueue.o)
                0x0000000000103878                C3D_FrameEndHook
 .text.C3D_GetDrawingTime
                0x0000000000103894       0x18 /opt/devkitpro/libctru/lib/libcitro3d.a(renderqueue.o)
                0x0000000000103894                C3D_GetDrawingTime
 .text.C3D_GetProcessingTime
                0x00000000001038ac       0x18 /opt/devkitpro/libctru/lib/libcitro3d.a(renderqueue.o)
                0x00000000001038ac                C3D_GetProcessingTime
 .text.C3D_RenderTargetCreate
                0x00000000001038c4      0x17c /opt/devkitpro/libctru/lib/libcitro3d.a(renderqueue.o)
                0x00000000001038c4                C3D_RenderTargetCreate
 .text.C3D_RenderTargetSetOutput
                0x0000000000103a40       0x4c /opt/devkitpro/libctru/lib/libcitro3d.a(renderqueue.o)
                0x0000000000103a40                C3D_RenderTargetSetOutput
 .text.C3D_SyncTextureCopy
                0x0000000000103a8c       0xb4 /opt/devkitpro/libctru/lib/libcitro3d.a(renderqueue.o)
                0x0000000000103a8c                C3D_SyncTextureCopy
 .text.C3D_TexInitWithParams
                0x0000000000103b40      0x284 /opt/devkitpro/libctru/lib/libcitro3d.a(texture.o)
                0x0000000000103b40                C3D_TexInitWithParams
 .text.C3D_TexLoadImage
                0x0000000000103dc4       0xdc /opt/devkitpro/libctru/lib/libcitro3d.a(texture.o)
                0x0000000000103dc4                C3D_TexLoadImage
 .text.C3D_TexBind
                0x0000000000103ea0       0x48 /opt/devkitpro/libctru/lib/libcitro3d.a(texture.o)
                0x0000000000103ea0                C3D_TexBind
 .text.C3D_TexDelete
                0x0000000000103ee8       0x7c /opt/devkitpro/libctru/lib/libcitro3d.a(texture.o)
                0x0000000000103ee8                C3D_TexDelete
 .text.C3Di_SetTex
                0x0000000000103f64      0x174 /opt/devkitpro/libctru/lib/libcitro3d.a(texture.o)
                0x0000000000103f64                C3Di_SetTex
 .text.Tex3DSi_ImportCommon
                0x00000000001040d8      0x3e8 /opt/devkitpro/libctru/lib/libcitro3d.a(tex3ds.o)
 .text.Tex3DS_TextureImportStdio
                0x00000000001044c0       0x34 /opt/devkitpro/libctru/lib/libcitro3d.a(tex3ds.o)
                0x00000000001044c0                Tex3DS_TextureImportStdio
 .text.Tex3DS_GetNumSubTextures
                0x00000000001044f4        0x8 /opt/devkitpro/libctru/lib/libcitro3d.a(tex3ds.o)
                0x00000000001044f4                Tex3DS_GetNumSubTextures
 .text.Tex3DS_GetSubTexture
                0x00000000001044fc       0x1c /opt/devkitpro/libctru/lib/libcitro3d.a(tex3ds.o)
                0x00000000001044fc                Tex3DS_GetSubTexture
 .text.Tex3DS_TextureFree
                0x0000000000104518        0x4 /opt/devkitpro/libctru/lib/libcitro3d.a(tex3ds.o)
                0x0000000000104518                Tex3DS_TextureFree
 .text.C3D_CalcColorBufSize
                0x000000000010451c       0x1c /opt/devkitpro/libctru/lib/libcitro3d.a(framebuffer.o)
                0x000000000010451c                C3D_CalcColorBufSize
 .text.C3D_CalcDepthBufSize
                0x0000000000104538       0x1c /opt/devkitpro/libctru/lib/libcitro3d.a(framebuffer.o)
                0x0000000000104538                C3D_CalcDepthBufSize
 .text.C3D_SetFrameBuf
                0x0000000000104554       0x44 /opt/devkitpro/libctru/lib/libcitro3d.a(framebuffer.o)
                0x0000000000104554                C3D_SetFrameBuf
 .text.C3Di_FrameBufBind
                0x0000000000104598      0x168 /opt/devkitpro/libctru/lib/libcitro3d.a(framebuffer.o)
                0x0000000000104598                C3Di_FrameBufBind
 .text.C3D_FrameBufClear
                0x0000000000104700       0xc8 /opt/devkitpro/libctru/lib/libcitro3d.a(framebuffer.o)
                0x0000000000104700                C3D_FrameBufClear
 .text.C3D_FrameBufTransfer
                0x00000000001047c8       0x48 /opt/devkitpro/libctru/lib/libcitro3d.a(framebuffer.o)
                0x00000000001047c8                C3D_FrameBufTransfer
 .text.C3D_GetTexEnv
                0x0000000000104810       0x34 /opt/devkitpro/libctru/lib/libcitro3d.a(texenv.o)
                0x0000000000104810                C3D_GetTexEnv
 .text.C3Di_TexEnvBind
                0x0000000000104844       0x24 /opt/devkitpro/libctru/lib/libcitro3d.a(texenv.o)
                0x0000000000104844                C3Di_TexEnvBind
 .text.C3D_ProcTexInit
                0x0000000000104868       0x6c /opt/devkitpro/libctru/lib/libcitro3d.a(proctex.o)
                0x0000000000104868                C3D_ProcTexInit
 .text.C3D_ProcTexBind
                0x00000000001048d4       0x50 /opt/devkitpro/libctru/lib/libcitro3d.a(proctex.o)
                0x00000000001048d4                C3D_ProcTexBind
 .text.C3D_ProcTexLutBind
                0x0000000000104924       0x60 /opt/devkitpro/libctru/lib/libcitro3d.a(proctex.o)
                0x0000000000104924                C3D_ProcTexLutBind
 .text.ProcTexLut_FromArray
                0x0000000000104984       0xa4 /opt/devkitpro/libctru/lib/libcitro3d.a(proctex.o)
                0x0000000000104984                ProcTexLut_FromArray
 .text.C3Di_ProcTexUpdate
                0x0000000000104a28      0x174 /opt/devkitpro/libctru/lib/libcitro3d.a(proctex.o)
                0x0000000000104a28                C3Di_ProcTexUpdate
 .text.C3Di_ProcTexDirty
                0x0000000000104b9c       0x68 /opt/devkitpro/libctru/lib/libcitro3d.a(proctex.o)
                0x0000000000104b9c                C3Di_ProcTexDirty
 .text.BufInfo_Init
                0x0000000000104c04       0x24 /opt/devkitpro/libctru/lib/libcitro3d.a(buffers.o)
                0x0000000000104c04                BufInfo_Init
 .text.BufInfo_Add
                0x0000000000104c28       0x84 /opt/devkitpro/libctru/lib/libcitro3d.a(buffers.o)
                0x0000000000104c28                BufInfo_Add
 .text.C3D_SetBufInfo
                0x0000000000104cac       0x40 /opt/devkitpro/libctru/lib/libcitro3d.a(buffers.o)
                0x0000000000104cac                C3D_SetBufInfo
 .text.C3Di_BufInfoBind
                0x0000000000104cec       0x48 /opt/devkitpro/libctru/lib/libcitro3d.a(buffers.o)
                0x0000000000104cec                C3Di_BufInfoBind
 .text.C3D_DrawArrays
                0x0000000000104d34      0x148 /opt/devkitpro/libctru/lib/libcitro3d.a(drawArrays.o)
                0x0000000000104d34                C3D_DrawArrays
 .text.C3D_DepthMap
                0x0000000000104e7c       0x40 /opt/devkitpro/libctru/lib/libcitro3d.a(effect.o)
                0x0000000000104e7c                C3D_DepthMap
 .text.C3D_CullFace
                0x0000000000104ebc       0x1c /opt/devkitpro/libctru/lib/libcitro3d.a(effect.o)
                0x0000000000104ebc                C3D_CullFace
 .text.C3D_StencilTest
                0x0000000000104ed8       0x40 /opt/devkitpro/libctru/lib/libcitro3d.a(effect.o)
                0x0000000000104ed8                C3D_StencilTest
 .text.C3D_StencilOp
                0x0000000000104f18       0x24 /opt/devkitpro/libctru/lib/libcitro3d.a(effect.o)
                0x0000000000104f18                C3D_StencilOp
 .text.C3D_BlendingColor
                0x0000000000104f3c       0x1c /opt/devkitpro/libctru/lib/libcitro3d.a(effect.o)
                0x0000000000104f3c                C3D_BlendingColor
 .text.C3D_EarlyDepthTest
                0x0000000000104f58       0x24 /opt/devkitpro/libctru/lib/libcitro3d.a(effect.o)
                0x0000000000104f58                C3D_EarlyDepthTest
 .text.C3D_DepthTest
                0x0000000000104f7c       0x2c /opt/devkitpro/libctru/lib/libcitro3d.a(effect.o)
                0x0000000000104f7c                C3D_DepthTest
 .text.C3D_AlphaTest
                0x0000000000104fa8       0x2c /opt/devkitpro/libctru/lib/libcitro3d.a(effect.o)
                0x0000000000104fa8                C3D_AlphaTest
 .text.C3D_AlphaBlend
                0x0000000000104fd4       0x50 /opt/devkitpro/libctru/lib/libcitro3d.a(effect.o)
                0x0000000000104fd4                C3D_AlphaBlend
 .text.C3D_FragOpMode
                0x0000000000105024       0x30 /opt/devkitpro/libctru/lib/libcitro3d.a(effect.o)
                0x0000000000105024                C3D_FragOpMode
 .text.C3D_FragOpShadow
                0x0000000000105054       0x44 /opt/devkitpro/libctru/lib/libcitro3d.a(effect.o)
                0x0000000000105054                C3D_FragOpShadow
 .text.C3Di_EffectBind
                0x0000000000105098      0x1ac /opt/devkitpro/libctru/lib/libcitro3d.a(effect.o)
                0x0000000000105098                C3Di_EffectBind
 .text.AttrInfo_Init
                0x0000000000105244       0x28 /opt/devkitpro/libctru/lib/libcitro3d.a(attribs.o)
                0x0000000000105244                AttrInfo_Init
 .text.AttrInfo_AddLoader
                0x000000000010526c       0xa0 /opt/devkitpro/libctru/lib/libcitro3d.a(attribs.o)
                0x000000000010526c                AttrInfo_AddLoader
 .text.C3D_SetAttrInfo
                0x000000000010530c       0x54 /opt/devkitpro/libctru/lib/libcitro3d.a(attribs.o)
                0x000000000010530c                C3D_SetAttrInfo
 .text.C3Di_AttrInfoBind
                0x0000000000105360       0x80 /opt/devkitpro/libctru/lib/libcitro3d.a(attribs.o)
                0x0000000000105360                C3Di_AttrInfoBind
 .text.C3D_ImmSendAttrib
                0x00000000001053e0       0xa4 /opt/devkitpro/libctru/lib/libcitro3d.a(immediate.o)
                0x00000000001053e0                C3D_ImmSendAttrib
 .text.C3D_UpdateUniforms
                0x0000000000105484      0x2b8 /opt/devkitpro/libctru/lib/libcitro3d.a(uniforms.o)
                0x0000000000105484                C3D_UpdateUniforms
 .text.C3Di_DirtyUniforms
                0x000000000010573c       0xc0 /opt/devkitpro/libctru/lib/libcitro3d.a(uniforms.o)
                0x000000000010573c                C3Di_DirtyUniforms
 .text.C3Di_LoadShaderUniforms
                0x00000000001057fc       0xe0 /opt/devkitpro/libctru/lib/libcitro3d.a(uniforms.o)
                0x00000000001057fc                C3Di_LoadShaderUniforms
 .text.C3Di_ClearShaderUniforms
                0x00000000001058dc       0x28 /opt/devkitpro/libctru/lib/libcitro3d.a(uniforms.o)
                0x00000000001058dc                C3Di_ClearShaderUniforms
 .text.Mtx_Ortho
                0x0000000000105904       0xcc /opt/devkitpro/libctru/lib/libcitro3d.a(mtx_ortho.o)
                0x0000000000105904                Mtx_Ortho
 .text.Mtx_OrthoTilt
                0x00000000001059d0       0xcc /opt/devkitpro/libctru/lib/libcitro3d.a(mtx_orthotilt.o)
                0x00000000001059d0                Mtx_OrthoTilt
 .text._ZL21addrMapNodeComparatorPK11rbtree_nodeS1_
                0x0000000000105a9c       0x24 /opt/devkitpro/libctru/lib/libctru.a(vram.o)
 .text._ZL21addrMapNodeDestructorP11rbtree_node
                0x0000000000105ac0        0x4 /opt/devkitpro/libctru/lib/libctru.a(vram.o)
 .text.vramMemAlign
                0x0000000000105ac4      0x114 /opt/devkitpro/libctru/lib/libctru.a(vram.o)
                0x0000000000105ac4                vramMemAlign
 .text.vramAlloc
                0x0000000000105bd8        0x8 /opt/devkitpro/libctru/lib/libctru.a(vram.o)
                0x0000000000105bd8                vramAlloc
 .text.vramFree
                0x0000000000105be0       0x54 /opt/devkitpro/libctru/lib/libctru.a(vram.o)
                0x0000000000105be0                vramFree
 .text._ZL21addrMapNodeComparatorPK11rbtree_nodeS1_
                0x0000000000105c34       0x24 /opt/devkitpro/libctru/lib/libctru.a(linear.o)
 .text._ZL21addrMapNodeDestructorP11rbtree_node
                0x0000000000105c58        0x4 /opt/devkitpro/libctru/lib/libctru.a(linear.o)
 .text.linearMemAlign
                0x0000000000105c5c      0x124 /opt/devkitpro/libctru/lib/libctru.a(linear.o)
                0x0000000000105c5c                linearMemAlign
 .text.linearAlloc
                0x0000000000105d80        0x8 /opt/devkitpro/libctru/lib/libctru.a(linear.o)
                0x0000000000105d80                linearAlloc
 .text.linearFree
                0x0000000000105d88       0x54 /opt/devkitpro/libctru/lib/libctru.a(linear.o)
                0x0000000000105d88                linearFree
 .text._ZN7MemPool13CoalesceRightEP8MemBlock
                0x0000000000105ddc       0x8c /opt/devkitpro/libctru/lib/libctru.a(mem_pool.o)
                0x0000000000105ddc                MemPool::CoalesceRight(MemBlock*)
 .text._ZN7MemPool8AllocateER8MemChunkmi
                0x0000000000105e68      0x174 /opt/devkitpro/libctru/lib/libctru.a(mem_pool.o)
                0x0000000000105e68                MemPool::Allocate(MemChunk&, unsigned long, int)
 .text._ZN7MemPool10DeallocateERK8MemChunk
                0x0000000000105fdc       0xfc /opt/devkitpro/libctru/lib/libctru.a(mem_pool.o)
                0x0000000000105fdc                MemPool::Deallocate(MemChunk const&)
 .text.romfs_close
                0x00000000001060d8        0x8 /opt/devkitpro/libctru/lib/libctru.a(romfs_dev.o)
 .text.romfs_seek
                0x00000000001060e0       0xd4 /opt/devkitpro/libctru/lib/libctru.a(romfs_dev.o)
 .text.romfs_dirreset
                0x00000000001061b4       0x24 /opt/devkitpro/libctru/lib/libctru.a(romfs_dev.o)
 .text.romfs_fstat
                0x00000000001061d8       0x78 /opt/devkitpro/libctru/lib/libctru.a(romfs_dev.o)
 .text._romfs_read_chk
                0x0000000000106250       0x54 /opt/devkitpro/libctru/lib/libctru.a(romfs_dev.o)
 .text.romfs_read
                0x00000000001062a4       0xcc /opt/devkitpro/libctru/lib/libctru.a(romfs_dev.o)
 .text.romfs_free
                0x0000000000106370       0x7c /opt/devkitpro/libctru/lib/libctru.a(romfs_dev.o)
 .text.romfsMountCommon
                0x00000000001063ec      0x16c /opt/devkitpro/libctru/lib/libctru.a(romfs_dev.o)
 .text.romfs_dirnext
                0x0000000000106558      0x254 /opt/devkitpro/libctru/lib/libctru.a(romfs_dev.o)
 .text.romfsInitMtime.isra.0
                0x00000000001067ac       0xbc /opt/devkitpro/libctru/lib/libctru.a(romfs_dev.o)
 .text.searchForFile.constprop.0
                0x0000000000106868       0xb4 /opt/devkitpro/libctru/lib/libctru.a(romfs_dev.o)
 .text.searchForDir.constprop.0
                0x000000000010691c       0xb8 /opt/devkitpro/libctru/lib/libctru.a(romfs_dev.o)
 .text.navigateToDir.constprop.0
                0x00000000001069d4      0x1c4 /opt/devkitpro/libctru/lib/libctru.a(romfs_dev.o)
 .text.romfs_open
                0x0000000000106b98      0x11c /opt/devkitpro/libctru/lib/libctru.a(romfs_dev.o)
 .text.romfs_stat
                0x0000000000106cb4      0x204 /opt/devkitpro/libctru/lib/libctru.a(romfs_dev.o)
 .text.romfs_chdir
                0x0000000000106eb8       0x54 /opt/devkitpro/libctru/lib/libctru.a(romfs_dev.o)
 .text.romfs_diropen
                0x0000000000106f0c       0x78 /opt/devkitpro/libctru/lib/libctru.a(romfs_dev.o)
 .text.romfs_dirclose
                0x0000000000106f84        0x8 /opt/devkitpro/libctru/lib/libctru.a(romfs_dev.o)
 .text.romfsMount
                0x0000000000106f8c      0x344 /opt/devkitpro/libctru/lib/libctru.a(romfs_dev.o)
                0x0000000000106f8c                romfsMount
 .text.romfsUnmount
                0x00000000001072d0       0x78 /opt/devkitpro/libctru/lib/libctru.a(romfs_dev.o)
                0x00000000001072d0                romfsUnmount
 .text.getSysTime
                0x0000000000107348       0x58 /opt/devkitpro/libctru/lib/libctru.a(os.o)
 .text.__ctru_speedup_config.part.0
                0x00000000001073a0       0x28 /opt/devkitpro/libctru/lib/libctru.a(os.o)
 .text.osConvertVirtToPhys
                0x00000000001073c8       0x4c /opt/devkitpro/libctru/lib/libctru.a(os.o)
                0x00000000001073c8                osConvertVirtToPhys
 .text.osGetMemRegionUsed
                0x0000000000107414       0x24 /opt/devkitpro/libctru/lib/libctru.a(os.o)
                0x0000000000107414                osGetMemRegionUsed
 .text.__libctru_gtod
                0x0000000000107438      0x128 /opt/devkitpro/libctru/lib/libctru.a(os.o)
                0x0000000000107438                __libctru_gtod
 .text.osTickCounterRead
                0x0000000000107560       0x38 /opt/devkitpro/libctru/lib/libctru.a(os.o)
                0x0000000000107560                osTickCounterRead
 .text.__ctru_speedup_config
                0x0000000000107598       0x18 /opt/devkitpro/libctru/lib/libctru.a(os.o)
                0x0000000000107598                __ctru_speedup_config
 .text.consoleDrawChar
                0x00000000001075b0      0x1b8 /opt/devkitpro/libctru/lib/libctru.a(console.o)
                0x00000000001075b0                consoleDrawChar
 .text.consolePrintChar
                0x0000000000107768      0x124 /opt/devkitpro/libctru/lib/libctru.a(console.o)
                0x0000000000107768                consolePrintChar
 .text.consoleCls
                0x000000000010788c      0x15c /opt/devkitpro/libctru/lib/libctru.a(console.o)
 .text.consoleInit
                0x00000000001079e8      0x104 /opt/devkitpro/libctru/lib/libctru.a(console.o)
                0x00000000001079e8                consoleInit
 .text.consoleClearLine
                0x0000000000107aec      0x10c /opt/devkitpro/libctru/lib/libctru.a(console.o)
 .text.newRow   0x0000000000107bf8       0xc4 /opt/devkitpro/libctru/lib/libctru.a(console.o)
 .text.con_write
                0x0000000000107cbc      0x7cc /opt/devkitpro/libctru/lib/libctru.a(console.o)
                0x0000000000107cbc                con_write
 .text.gfxSetFramebufferInfo.part.0
                0x0000000000108488       0x8c /opt/devkitpro/libctru/lib/libctru.a(gfx.o)
 .text.gfxSetFramebufferInfo
                0x0000000000108514       0x6c /opt/devkitpro/libctru/lib/libctru.a(gfx.o)
 .text.gfxGetFramebuffer.part.0
                0x0000000000108580       0x58 /opt/devkitpro/libctru/lib/libctru.a(gfx.o)
 .text.gfxIs3D  0x00000000001085d8       0x10 /opt/devkitpro/libctru/lib/libctru.a(gfx.o)
                0x00000000001085d8                gfxIs3D
 .text.__get_bytes_per_pixel
                0x00000000001085e8       0x18 /opt/devkitpro/libctru/lib/libctru.a(gfx.o)
                0x00000000001085e8                __get_bytes_per_pixel
 .text.gfxSetScreenFormat
                0x0000000000108600      0x184 /opt/devkitpro/libctru/lib/libctru.a(gfx.o)
                0x0000000000108600                gfxSetScreenFormat
 .text.gfxSetDoubleBuffering
                0x0000000000108784       0x10 /opt/devkitpro/libctru/lib/libctru.a(gfx.o)
                0x0000000000108784                gfxSetDoubleBuffering
 .text.gfxInit  0x0000000000108794      0x214 /opt/devkitpro/libctru/lib/libctru.a(gfx.o)
                0x0000000000108794                gfxInit
 .text.gfxInitDefault
                0x00000000001089a8       0x10 /opt/devkitpro/libctru/lib/libctru.a(gfx.o)
                0x00000000001089a8                gfxInitDefault
 .text.gfxExit  0x00000000001089b8       0xe0 /opt/devkitpro/libctru/lib/libctru.a(gfx.o)
                0x00000000001089b8                gfxExit
 .text.gfxGetFramebuffer
                0x0000000000108a98       0x64 /opt/devkitpro/libctru/lib/libctru.a(gfx.o)
                0x0000000000108a98                gfxGetFramebuffer
 .text.gfxFlushBuffers
                0x0000000000108afc       0xcc /opt/devkitpro/libctru/lib/libctru.a(gfx.o)
                0x0000000000108afc                gfxFlushBuffers
 .text.gfxConfigScreen
                0x0000000000108bc8       0xf4 /opt/devkitpro/libctru/lib/libctru.a(gfx.o)
                0x0000000000108bc8                gfxConfigScreen
 .text.gfxSwapBuffersGpu
                0x0000000000108cbc       0x20 /opt/devkitpro/libctru/lib/libctru.a(gfx.o)
                0x0000000000108cbc                gfxSwapBuffersGpu
 .text.shaderInstanceInit
                0x0000000000108cdc      0x1f0 /opt/devkitpro/libctru/lib/libctru.a(shaderProgram.o)
                0x0000000000108cdc                shaderInstanceInit
 .text.shaderInstanceFree
                0x0000000000108ecc       0x34 /opt/devkitpro/libctru/lib/libctru.a(shaderProgram.o)
                0x0000000000108ecc                shaderInstanceFree
 .text.shaderInstanceGetUniformLocation
                0x0000000000108f00       0x18 /opt/devkitpro/libctru/lib/libctru.a(shaderProgram.o)
                0x0000000000108f00                shaderInstanceGetUniformLocation
 .text.shaderProgramInit
                0x0000000000108f18       0x18 /opt/devkitpro/libctru/lib/libctru.a(shaderProgram.o)
                0x0000000000108f18                shaderProgramInit
 .text.shaderProgramFree
                0x0000000000108f30       0x2c /opt/devkitpro/libctru/lib/libctru.a(shaderProgram.o)
                0x0000000000108f30                shaderProgramFree
 .text.shaderProgramSetVsh
                0x0000000000108f5c       0x6c /opt/devkitpro/libctru/lib/libctru.a(shaderProgram.o)
                0x0000000000108f5c                shaderProgramSetVsh
 .text.shaderProgramConfigure
                0x0000000000108fc8      0x8b4 /opt/devkitpro/libctru/lib/libctru.a(shaderProgram.o)
                0x0000000000108fc8                shaderProgramConfigure
 .text.DVLE_GenerateOutmap.part.0
                0x000000000010987c      0x1f8 /opt/devkitpro/libctru/lib/libctru.a(shbin.o)
 .text.DVLB_ParseFile
                0x0000000000109a74      0x1c8 /opt/devkitpro/libctru/lib/libctru.a(shbin.o)
                0x0000000000109a74                DVLB_ParseFile
 .text.DVLB_Free
                0x0000000000109c3c       0x38 /opt/devkitpro/libctru/lib/libctru.a(shbin.o)
                0x0000000000109c3c                DVLB_Free
 .text.DVLE_GetUniformRegister
                0x0000000000109c74       0x78 /opt/devkitpro/libctru/lib/libctru.a(shbin.o)
                0x0000000000109c74                DVLE_GetUniformRegister
 .text.submitGxCommand
                0x0000000000109cec       0x38 /opt/devkitpro/libctru/lib/libctru.a(gx.o)
 .text.GX_BindQueue
                0x0000000000109d24       0x10 /opt/devkitpro/libctru/lib/libctru.a(gx.o)
                0x0000000000109d24                GX_BindQueue
 .text.GX_ProcessCommandList
                0x0000000000109d34       0x50 /opt/devkitpro/libctru/lib/libctru.a(gx.o)
                0x0000000000109d34                GX_ProcessCommandList
 .text.GX_MemoryFill
                0x0000000000109d84       0x54 /opt/devkitpro/libctru/lib/libctru.a(gx.o)
                0x0000000000109d84                GX_MemoryFill
 .text.GX_DisplayTransfer
                0x0000000000109dd8       0x48 /opt/devkitpro/libctru/lib/libctru.a(gx.o)
                0x0000000000109dd8                GX_DisplayTransfer
 .text.GX_TextureCopy
                0x0000000000109e20       0x4c /opt/devkitpro/libctru/lib/libctru.a(gx.o)
                0x0000000000109e20                GX_TextureCopy
 .text.gxCmdQueueDoCommands.part.0
                0x0000000000109e6c       0x74 /opt/devkitpro/libctru/lib/libctru.a(gxqueue.o)
 .text.gxCmdQueueInterrupt
                0x0000000000109ee0       0xc8 /opt/devkitpro/libctru/lib/libctru.a(gxqueue.o)
                0x0000000000109ee0                gxCmdQueueInterrupt
 .text.gxCmdQueueClear
                0x0000000000109fa8       0x4c /opt/devkitpro/libctru/lib/libctru.a(gxqueue.o)
                0x0000000000109fa8                gxCmdQueueClear
 .text.gxCmdQueueAdd
                0x0000000000109ff4       0xf8 /opt/devkitpro/libctru/lib/libctru.a(gxqueue.o)
                0x0000000000109ff4                gxCmdQueueAdd
 .text.gxCmdQueueRun
                0x000000000010a0ec       0x80 /opt/devkitpro/libctru/lib/libctru.a(gxqueue.o)
                0x000000000010a0ec                gxCmdQueueRun
 .text.gxCmdQueueStop
                0x000000000010a16c       0x60 /opt/devkitpro/libctru/lib/libctru.a(gxqueue.o)
                0x000000000010a16c                gxCmdQueueStop
 .text.gxCmdQueueWait
                0x000000000010a1cc       0x84 /opt/devkitpro/libctru/lib/libctru.a(gxqueue.o)
                0x000000000010a1cc                gxCmdQueueWait
 .text.GPUCMD_Add
                0x000000000010a250      0x13c /opt/devkitpro/libctru/lib/libctru.a(gpu.o)
                0x000000000010a250                GPUCMD_Add
 .text.GPUCMD_Split
                0x000000000010a38c       0xb0 /opt/devkitpro/libctru/lib/libctru.a(gpu.o)
                0x000000000010a38c                GPUCMD_Split
 .text.f32tof16
                0x000000000010a43c       0x40 /opt/devkitpro/libctru/lib/libctru.a(gpu.o)
                0x000000000010a43c                f32tof16
 .text.f32tof24
                0x000000000010a47c       0x40 /opt/devkitpro/libctru/lib/libctru.a(gpu.o)
                0x000000000010a47c                f32tof24
 .text.f32tof31
                0x000000000010a4bc       0x44 /opt/devkitpro/libctru/lib/libctru.a(gpu.o)
                0x000000000010a4bc                f32tof31
 .text.gspInit  0x000000000010a500       0x74 /opt/devkitpro/libctru/lib/libctru.a(gspgpu.o)
                0x000000000010a500                gspInit
 .text.gspExit  0x000000000010a574       0x3c /opt/devkitpro/libctru/lib/libctru.a(gspgpu.o)
                0x000000000010a574                gspExit
 .text.gspSetEventCallback
                0x000000000010a5b0       0x34 /opt/devkitpro/libctru/lib/libctru.a(gspgpu.o)
                0x000000000010a5b0                gspSetEventCallback
 .text.gspInitEventHandler
                0x000000000010a5e4       0xa4 /opt/devkitpro/libctru/lib/libctru.a(gspgpu.o)
                0x000000000010a5e4                gspInitEventHandler
 .text.gspExitEventHandler
                0x000000000010a688       0x40 /opt/devkitpro/libctru/lib/libctru.a(gspgpu.o)
                0x000000000010a688                gspExitEventHandler
 .text.gspWaitForEvent
                0x000000000010a6c8       0x50 /opt/devkitpro/libctru/lib/libctru.a(gspgpu.o)
                0x000000000010a6c8                gspWaitForEvent
 .text.gspWaitForAnyEvent
                0x000000000010a718       0x64 /opt/devkitpro/libctru/lib/libctru.a(gspgpu.o)
                0x000000000010a718                gspWaitForAnyEvent
 .text.gspEventThreadMain
                0x000000000010a77c      0x178 /opt/devkitpro/libctru/lib/libctru.a(gspgpu.o)
 .text.gspSubmitGxCommand
                0x000000000010a8f4      0x124 /opt/devkitpro/libctru/lib/libctru.a(gspgpu.o)
                0x000000000010a8f4                gspSubmitGxCommand
 .text.GSPGPU_SetBufferSwap
                0x000000000010aa18       0x6c /opt/devkitpro/libctru/lib/libctru.a(gspgpu.o)
                0x000000000010aa18                GSPGPU_SetBufferSwap
 .text.GSPGPU_FlushDataCache
                0x000000000010aa84       0x4c /opt/devkitpro/libctru/lib/libctru.a(gspgpu.o)
                0x000000000010aa84                GSPGPU_FlushDataCache
 .text.GSPGPU_SetLcdForceBlack
                0x000000000010aad0       0x34 /opt/devkitpro/libctru/lib/libctru.a(gspgpu.o)
                0x000000000010aad0                GSPGPU_SetLcdForceBlack
 .text.GSPGPU_RegisterInterruptRelayQueue
                0x000000000010ab04       0x64 /opt/devkitpro/libctru/lib/libctru.a(gspgpu.o)
                0x000000000010ab04                GSPGPU_RegisterInterruptRelayQueue
 .text.GSPGPU_UnregisterInterruptRelayQueue
                0x000000000010ab68       0x2c /opt/devkitpro/libctru/lib/libctru.a(gspgpu.o)
                0x000000000010ab68                GSPGPU_UnregisterInterruptRelayQueue
 .text.GSPGPU_AcquireRight
                0x000000000010ab94       0x48 /opt/devkitpro/libctru/lib/libctru.a(gspgpu.o)
                0x000000000010ab94                GSPGPU_AcquireRight
 .text.GSPGPU_ReleaseRight
                0x000000000010abdc       0x2c /opt/devkitpro/libctru/lib/libctru.a(gspgpu.o)
                0x000000000010abdc                GSPGPU_ReleaseRight
 .text.GSPGPU_ImportDisplayCaptureInfo
                0x000000000010ac08       0x80 /opt/devkitpro/libctru/lib/libctru.a(gspgpu.o)
                0x000000000010ac08                GSPGPU_ImportDisplayCaptureInfo
 .text.GSPGPU_SaveVramSysArea
                0x000000000010ac88       0x2c /opt/devkitpro/libctru/lib/libctru.a(gspgpu.o)
                0x000000000010ac88                GSPGPU_SaveVramSysArea
 .text.GSPGPU_RestoreVramSysArea
                0x000000000010acb4       0x2c /opt/devkitpro/libctru/lib/libctru.a(gspgpu.o)
                0x000000000010acb4                GSPGPU_RestoreVramSysArea
 .text._aptDebug
                0x000000000010ace0        0x4 /opt/devkitpro/libctru/lib/libctru.a(apt.o)
                0x000000000010ace0                _aptDebug
 .text.aptSendCommand
                0x000000000010ace4      0x170 /opt/devkitpro/libctru/lib/libctru.a(apt.o)
                0x000000000010ace4                aptSendCommand
 .text.aptExitProcess
                0x000000000010ae54       0x3c /opt/devkitpro/libctru/lib/libctru.a(apt.o)
 .text.aptHook  0x000000000010ae90       0x30 /opt/devkitpro/libctru/lib/libctru.a(apt.o)
                0x000000000010ae90                aptHook
 .text.aptUnhook
                0x000000000010aec0       0x30 /opt/devkitpro/libctru/lib/libctru.a(apt.o)
                0x000000000010aec0                aptUnhook
 .text.APT_InquireNotification
                0x000000000010aef0       0x50 /opt/devkitpro/libctru/lib/libctru.a(apt.o)
                0x000000000010aef0                APT_InquireNotification
 .text.aptEventHandler
                0x000000000010af40      0x194 /opt/devkitpro/libctru/lib/libctru.a(apt.o)
 .text.APT_AppletUtility
                0x000000000010b0d4       0x74 /opt/devkitpro/libctru/lib/libctru.a(apt.o)
                0x000000000010b0d4                APT_AppletUtility
 .text.aptSetSleepAllowed
                0x000000000010b148       0xb0 /opt/devkitpro/libctru/lib/libctru.a(apt.o)
                0x000000000010b148                aptSetSleepAllowed
 .text.APT_GlanceParameter
                0x000000000010b1f8       0xb4 /opt/devkitpro/libctru/lib/libctru.a(apt.o)
                0x000000000010b1f8                APT_GlanceParameter
 .text.APT_ReceiveParameter
                0x000000000010b2ac       0xc8 /opt/devkitpro/libctru/lib/libctru.a(apt.o)
                0x000000000010b2ac                APT_ReceiveParameter
 .text.aptReceiveParameter.constprop.0
                0x000000000010b374       0xbc /opt/devkitpro/libctru/lib/libctru.a(apt.o)
 .text.aptScreenTransfer
                0x000000000010b430      0x1e0 /opt/devkitpro/libctru/lib/libctru.a(apt.o)
 .text.aptWaitForWakeUp
                0x000000000010b610      0x210 /opt/devkitpro/libctru/lib/libctru.a(apt.o)
 .text.APT_CancelParameter
                0x000000000010b820       0x70 /opt/devkitpro/libctru/lib/libctru.a(apt.o)
                0x000000000010b820                APT_CancelParameter
 .text.aptInit  0x000000000010b890      0x25c /opt/devkitpro/libctru/lib/libctru.a(apt.o)
                0x000000000010b890                aptInit
 .text.aptClearParamQueue
                0x000000000010baec       0x88 /opt/devkitpro/libctru/lib/libctru.a(apt.o)
 .text.aptMainLoop
                0x000000000010bb74      0x264 /opt/devkitpro/libctru/lib/libctru.a(apt.o)
                0x000000000010bb74                aptMainLoop
 .text.aptExit  0x000000000010bdd8      0x254 /opt/devkitpro/libctru/lib/libctru.a(apt.o)
                0x000000000010bdd8                aptExit
 .text.APT_CheckNew3DS
                0x000000000010c02c       0x7c /opt/devkitpro/libctru/lib/libctru.a(apt.o)
                0x000000000010c02c                APT_CheckNew3DS
 .text.hidCheckSectionUpdateTime.part.0
                0x000000000010c0a8       0x28 /opt/devkitpro/libctru/lib/libctru.a(hid.o)
 .text.hidExit  0x000000000010c0d0       0xd0 /opt/devkitpro/libctru/lib/libctru.a(hid.o)
                0x000000000010c0d0                hidExit
 .text.hidScanInput
                0x000000000010c1a0      0x1d8 /opt/devkitpro/libctru/lib/libctru.a(hid.o)
                0x000000000010c1a0                hidScanInput
 .text.hidKeysHeld
                0x000000000010c378       0x10 /opt/devkitpro/libctru/lib/libctru.a(hid.o)
                0x000000000010c378                hidKeysHeld
 .text.hidKeysDown
                0x000000000010c388       0x10 /opt/devkitpro/libctru/lib/libctru.a(hid.o)
                0x000000000010c388                hidKeysDown
 .text.HIDUSER_GetHandles
                0x000000000010c398       0x90 /opt/devkitpro/libctru/lib/libctru.a(hid.o)
                0x000000000010c398                HIDUSER_GetHandles
 .text.hidInit  0x000000000010c428      0x1a4 /opt/devkitpro/libctru/lib/libctru.a(hid.o)
                0x000000000010c428                hidInit
 .text.ptmSysmInit
                0x000000000010c5cc       0x74 /opt/devkitpro/libctru/lib/libctru.a(ptmsysm.o)
                0x000000000010c5cc                ptmSysmInit
 .text.ptmSysmExit
                0x000000000010c640       0x3c /opt/devkitpro/libctru/lib/libctru.a(ptmsysm.o)
                0x000000000010c640                ptmSysmExit
 .text.PTMSYSM_ConfigureNew3DSCPU
                0x000000000010c67c       0x34 /opt/devkitpro/libctru/lib/libctru.a(ptmsysm.o)
                0x000000000010c67c                PTMSYSM_ConfigureNew3DSCPU
 .text.fsSessionForArchive.part.0
                0x000000000010c6b0       0x28 /opt/devkitpro/libctru/lib/libctru.a(fs.o)
 .text.fsInit   0x000000000010c6d8       0xc4 /opt/devkitpro/libctru/lib/libctru.a(fs.o)
                0x000000000010c6d8                fsInit
 .text.fsExit   0x000000000010c79c       0x3c /opt/devkitpro/libctru/lib/libctru.a(fs.o)
                0x000000000010c79c                fsExit
 .text.fsExemptFromSession
                0x000000000010c7d8       0x64 /opt/devkitpro/libctru/lib/libctru.a(fs.o)
                0x000000000010c7d8                fsExemptFromSession
 .text.fsUnexemptFromSession
                0x000000000010c83c       0x5c /opt/devkitpro/libctru/lib/libctru.a(fs.o)
                0x000000000010c83c                fsUnexemptFromSession
 .text.FSUSER_OpenFile
                0x000000000010c898       0xbc /opt/devkitpro/libctru/lib/libctru.a(fs.o)
                0x000000000010c898                FSUSER_OpenFile
 .text.FSUSER_OpenFileDirectly
                0x000000000010c954       0xd4 /opt/devkitpro/libctru/lib/libctru.a(fs.o)
                0x000000000010c954                FSUSER_OpenFileDirectly
 .text.FSUSER_DeleteFile
                0x000000000010ca28       0xac /opt/devkitpro/libctru/lib/libctru.a(fs.o)
                0x000000000010ca28                FSUSER_DeleteFile
 .text.FSUSER_RenameFile
                0x000000000010cad4       0xe8 /opt/devkitpro/libctru/lib/libctru.a(fs.o)
                0x000000000010cad4                FSUSER_RenameFile
 .text.FSUSER_DeleteDirectory
                0x000000000010cbbc       0xac /opt/devkitpro/libctru/lib/libctru.a(fs.o)
                0x000000000010cbbc                FSUSER_DeleteDirectory
 .text.FSUSER_CreateFile
                0x000000000010cc68       0xc4 /opt/devkitpro/libctru/lib/libctru.a(fs.o)
                0x000000000010cc68                FSUSER_CreateFile
 .text.FSUSER_CreateDirectory
                0x000000000010cd2c       0xb4 /opt/devkitpro/libctru/lib/libctru.a(fs.o)
                0x000000000010cd2c                FSUSER_CreateDirectory
 .text.FSUSER_RenameDirectory
                0x000000000010cde0       0xe8 /opt/devkitpro/libctru/lib/libctru.a(fs.o)
                0x000000000010cde0                FSUSER_RenameDirectory
 .text.FSUSER_OpenDirectory
                0x000000000010cec8       0xa0 /opt/devkitpro/libctru/lib/libctru.a(fs.o)
                0x000000000010cec8                FSUSER_OpenDirectory
 .text.FSUSER_OpenArchive
                0x000000000010cf68       0x98 /opt/devkitpro/libctru/lib/libctru.a(fs.o)
                0x000000000010cf68                FSUSER_OpenArchive
 .text.FSUSER_ControlArchive
                0x000000000010d000       0xa0 /opt/devkitpro/libctru/lib/libctru.a(fs.o)
                0x000000000010d000                FSUSER_ControlArchive
 .text.FSUSER_CloseArchive
                0x000000000010d0a0       0x78 /opt/devkitpro/libctru/lib/libctru.a(fs.o)
                0x000000000010d0a0                FSUSER_CloseArchive
 .text.FSUSER_GetSdmcArchiveResource
                0x000000000010d118       0x78 /opt/devkitpro/libctru/lib/libctru.a(fs.o)
                0x000000000010d118                FSUSER_GetSdmcArchiveResource
 .text.FSUSER_IsSdmcWritable
                0x000000000010d190       0x64 /opt/devkitpro/libctru/lib/libctru.a(fs.o)
                0x000000000010d190                FSUSER_IsSdmcWritable
 .text.FSFILE_Read
                0x000000000010d1f4       0x5c /opt/devkitpro/libctru/lib/libctru.a(fs.o)
                0x000000000010d1f4                FSFILE_Read
 .text.FSFILE_Write
                0x000000000010d250       0x64 /opt/devkitpro/libctru/lib/libctru.a(fs.o)
                0x000000000010d250                FSFILE_Write
 .text.FSFILE_GetSize
                0x000000000010d2b4       0x38 /opt/devkitpro/libctru/lib/libctru.a(fs.o)
                0x000000000010d2b4                FSFILE_GetSize
 .text.FSFILE_SetSize
                0x000000000010d2ec       0x28 /opt/devkitpro/libctru/lib/libctru.a(fs.o)
                0x000000000010d2ec                FSFILE_SetSize
 .text.FSFILE_Close
                0x000000000010d314       0x3c /opt/devkitpro/libctru/lib/libctru.a(fs.o)
                0x000000000010d314                FSFILE_Close
 .text.FSFILE_Flush
                0x000000000010d350       0x24 /opt/devkitpro/libctru/lib/libctru.a(fs.o)
                0x000000000010d350                FSFILE_Flush
 .text.FSDIR_Read
                0x000000000010d374       0x54 /opt/devkitpro/libctru/lib/libctru.a(fs.o)
                0x000000000010d374                FSDIR_Read
 .text.FSDIR_Close
                0x000000000010d3c8       0x3c /opt/devkitpro/libctru/lib/libctru.a(fs.o)
                0x000000000010d3c8                FSDIR_Close
 .text.iov_memmove
                0x000000000010d404      0x120 /opt/devkitpro/libctru/lib/libctru.a(decompress.o)
 .text.buffer_read
                0x000000000010d524       0xcc /opt/devkitpro/libctru/lib/libctru.a(decompress.o)
 .text.iov_read
                0x000000000010d5f0       0xd8 /opt/devkitpro/libctru/lib/libctru.a(decompress.o)
 .text.decompress_rle
                0x000000000010d6c8      0x1c4 /opt/devkitpro/libctru/lib/libctru.a(decompress.o)
 .text.decompress_lzss
                0x000000000010d88c      0x268 /opt/devkitpro/libctru/lib/libctru.a(decompress.o)
 .text.decompress_huff.isra.0.part.0
                0x000000000010daf4      0x2ec /opt/devkitpro/libctru/lib/libctru.a(decompress.o)
 .text.decompress_lz11
                0x000000000010dde0      0x440 /opt/devkitpro/libctru/lib/libctru.a(decompress.o)
 .text.decompressCallback_Stdio
                0x000000000010e220       0x10 /opt/devkitpro/libctru/lib/libctru.a(decompress.o)
                0x000000000010e220                decompressCallback_Stdio
 .text.decompressHeader
                0x000000000010e230       0xe8 /opt/devkitpro/libctru/lib/libctru.a(decompress.o)
                0x000000000010e230                decompressHeader
 .text.decompressV
                0x000000000010e318      0x23c /opt/devkitpro/libctru/lib/libctru.a(decompress.o)
                0x000000000010e318                decompressV
 .text.rbtree_init
                0x000000000010e554       0x14 /opt/devkitpro/libctru/lib/libctru.a(rbtree_init.o)
                0x000000000010e554                rbtree_init
 .text.do_insert
                0x000000000010e568      0x1a4 /opt/devkitpro/libctru/lib/libctru.a(rbtree_insert.o)
 .text.rbtree_insert
                0x000000000010e70c        0x8 /opt/devkitpro/libctru/lib/libctru.a(rbtree_insert.o)
                0x000000000010e70c                rbtree_insert
 .text.rbtree_rotate
                0x000000000010e714       0x90 /opt/devkitpro/libctru/lib/libctru.a(rbtree_rotate.o)
                0x000000000010e714                rbtree_rotate
 .text.rbtree_remove
                0x000000000010e7a4      0x334 /opt/devkitpro/libctru/lib/libctru.a(rbtree_remove.o)
                0x000000000010e7a4                rbtree_remove
 .text.rbtree_find
                0x000000000010ead8       0x74 /opt/devkitpro/libctru/lib/libctru.a(rbtree_find.o)
                0x000000000010ead8                rbtree_find
 .text.utf16_to_utf8
                0x000000000010eb4c       0xe8 /opt/devkitpro/libctru/lib/libctru.a(utf16_to_utf8.o)
                0x000000000010eb4c                utf16_to_utf8
 .text.decode_utf16
                0x000000000010ec34       0x60 /opt/devkitpro/libctru/lib/libctru.a(decode_utf16.o)
                0x000000000010ec34                decode_utf16
 .text.utf8_to_utf16
                0x000000000010ec94       0xc0 /opt/devkitpro/libctru/lib/libctru.a(utf8_to_utf16.o)
                0x000000000010ec94                utf8_to_utf16
 .text.__libctru_init
                0x000000000010ed54       0x38 /opt/devkitpro/libctru/lib/libctru.a(initSystem.o)
                0x000000000010ed54                __libctru_init
 .text.__libctru_nanosleep
                0x000000000010ed8c       0x34 /opt/devkitpro/libctru/lib/libctru.a(syscalls.o)
 .text.__ctru_get_reent
                0x000000000010edc0       0x30 /opt/devkitpro/libctru/lib/libctru.a(syscalls.o)
 .text.__system_initSyscalls
                0x000000000010edf0       0xfc /opt/devkitpro/libctru/lib/libctru.a(syscalls.o)
                0x000000000010edf0                __system_initSyscalls
 .text.__system_allocateHeaps
                0x000000000010eeec      0x100 /opt/devkitpro/libctru/lib/libctru.a(allocateHeaps.o)
                0x000000000010eeec                __system_allocateHeaps
 .text.__system_initArgv
                0x000000000010efec       0xf0 /opt/devkitpro/libctru/lib/libctru.a(initArgv.o)
                0x000000000010efec                __system_initArgv
 .text.svcControlMemory
                0x000000000010f0dc       0x20 /opt/devkitpro/libctru/lib/libctru.a(svc.o)
                0x000000000010f0dc                svcControlMemory
 .text.svcExitProcess
                0x000000000010f0fc        0x8 /opt/devkitpro/libctru/lib/libctru.a(svc.o)
                0x000000000010f0fc                svcExitProcess
 .text.svcCreateThread
                0x000000000010f104       0x20 /opt/devkitpro/libctru/lib/libctru.a(svc.o)
                0x000000000010f104                svcCreateThread
 .text.svcExitThread
                0x000000000010f124        0x8 /opt/devkitpro/libctru/lib/libctru.a(svc.o)
                0x000000000010f124                svcExitThread
 .text.svcSleepThread
                0x000000000010f12c        0x8 /opt/devkitpro/libctru/lib/libctru.a(svc.o)
                0x000000000010f12c                svcSleepThread
 .text.svcReleaseMutex
                0x000000000010f134        0x8 /opt/devkitpro/libctru/lib/libctru.a(svc.o)
                0x000000000010f134                svcReleaseMutex
 .text.svcCreateEvent
                0x000000000010f13c       0x14 /opt/devkitpro/libctru/lib/libctru.a(svc.o)
                0x000000000010f13c                svcCreateEvent
 .text.svcSignalEvent
                0x000000000010f150        0x8 /opt/devkitpro/libctru/lib/libctru.a(svc.o)
                0x000000000010f150                svcSignalEvent
 .text.svcClearEvent
                0x000000000010f158        0x8 /opt/devkitpro/libctru/lib/libctru.a(svc.o)
                0x000000000010f158                svcClearEvent
 .text.svcMapMemoryBlock
                0x000000000010f160        0x8 /opt/devkitpro/libctru/lib/libctru.a(svc.o)
                0x000000000010f160                svcMapMemoryBlock
 .text.svcUnmapMemoryBlock
                0x000000000010f168        0x8 /opt/devkitpro/libctru/lib/libctru.a(svc.o)
                0x000000000010f168                svcUnmapMemoryBlock
 .text.svcCreateAddressArbiter
                0x000000000010f170       0x14 /opt/devkitpro/libctru/lib/libctru.a(svc.o)
                0x000000000010f170                svcCreateAddressArbiter
 .text.svcArbitrateAddress
                0x000000000010f184       0x18 /opt/devkitpro/libctru/lib/libctru.a(svc.o)
                0x000000000010f184                svcArbitrateAddress
 .text.svcCloseHandle
                0x000000000010f19c        0x8 /opt/devkitpro/libctru/lib/libctru.a(svc.o)
                0x000000000010f19c                svcCloseHandle
 .text.svcWaitSynchronization
                0x000000000010f1a4        0x8 /opt/devkitpro/libctru/lib/libctru.a(svc.o)
                0x000000000010f1a4                svcWaitSynchronization
 .text.svcWaitSynchronizationN
                0x000000000010f1ac       0x28 /opt/devkitpro/libctru/lib/libctru.a(svc.o)
                0x000000000010f1ac                svcWaitSynchronizationN
 .text.svcDuplicateHandle
                0x000000000010f1d4       0x14 /opt/devkitpro/libctru/lib/libctru.a(svc.o)
                0x000000000010f1d4                svcDuplicateHandle
 .text.svcGetSystemTick
                0x000000000010f1e8        0x8 /opt/devkitpro/libctru/lib/libctru.a(svc.o)
                0x000000000010f1e8                svcGetSystemTick
 .text.svcGetSystemInfo
                0x000000000010f1f0       0x18 /opt/devkitpro/libctru/lib/libctru.a(svc.o)
                0x000000000010f1f0                svcGetSystemInfo
 .text.svcConnectToPort
                0x000000000010f208       0x14 /opt/devkitpro/libctru/lib/libctru.a(svc.o)
                0x000000000010f208                svcConnectToPort
 .text.svcSendSyncRequest
                0x000000000010f21c        0x8 /opt/devkitpro/libctru/lib/libctru.a(svc.o)
                0x000000000010f21c                svcSendSyncRequest
 .text.svcBreak
                0x000000000010f224        0x8 /opt/devkitpro/libctru/lib/libctru.a(svc.o)
                0x000000000010f224                svcBreak
 .text._ZL21addrMapNodeComparatorPK11rbtree_nodeS1_
                0x000000000010f22c       0x24 /opt/devkitpro/libctru/lib/libctru.a(mappable.o)
 .text._ZL21addrMapNodeDestructorP11rbtree_node
                0x000000000010f250        0x4 /opt/devkitpro/libctru/lib/libctru.a(mappable.o)
 .text.mappableAlloc
                0x000000000010f254       0xe8 /opt/devkitpro/libctru/lib/libctru.a(mappable.o)
                0x000000000010f254                mappableAlloc
 .text.mappableFree
                0x000000000010f33c       0x54 /opt/devkitpro/libctru/lib/libctru.a(mappable.o)
                0x000000000010f33c                mappableFree
 .text.LightLock_Unlock.part.0
                0x000000000010f390       0x38 /opt/devkitpro/libctru/lib/libctru.a(synchronization.o)
 .text.__sync_init
                0x000000000010f3c8        0xc /opt/devkitpro/libctru/lib/libctru.a(synchronization.o)
                0x000000000010f3c8                __sync_init
 .text.__sync_fini
                0x000000000010f3d4       0x18 /opt/devkitpro/libctru/lib/libctru.a(synchronization.o)
                0x000000000010f3d4                __sync_fini
 .text.__sync_get_arbiter
                0x000000000010f3ec       0x10 /opt/devkitpro/libctru/lib/libctru.a(synchronization.o)
                0x000000000010f3ec                __sync_get_arbiter
 .text.LightLock_Init
                0x000000000010f3fc       0x18 /opt/devkitpro/libctru/lib/libctru.a(synchronization.o)
                0x000000000010f3fc                LightLock_Init
 .text.LightLock_Lock
                0x000000000010f414       0x90 /opt/devkitpro/libctru/lib/libctru.a(synchronization.o)
                0x000000000010f414                LightLock_Lock
 .text.LightLock_TryLock
                0x000000000010f4a4       0x34 /opt/devkitpro/libctru/lib/libctru.a(synchronization.o)
                0x000000000010f4a4                LightLock_TryLock
 .text.LightLock_Unlock
                0x000000000010f4d8       0x20 /opt/devkitpro/libctru/lib/libctru.a(synchronization.o)
                0x000000000010f4d8                LightLock_Unlock
 .text.RecursiveLock_Init
                0x000000000010f4f8       0x24 /opt/devkitpro/libctru/lib/libctru.a(synchronization.o)
                0x000000000010f4f8                RecursiveLock_Init
 .text.RecursiveLock_Lock
                0x000000000010f51c       0x30 /opt/devkitpro/libctru/lib/libctru.a(synchronization.o)
                0x000000000010f51c                RecursiveLock_Lock
 .text.RecursiveLock_TryLock
                0x000000000010f54c       0x58 /opt/devkitpro/libctru/lib/libctru.a(synchronization.o)
                0x000000000010f54c                RecursiveLock_TryLock
 .text.RecursiveLock_Unlock
                0x000000000010f5a4       0x38 /opt/devkitpro/libctru/lib/libctru.a(synchronization.o)
                0x000000000010f5a4                RecursiveLock_Unlock
 .text.LightEvent_Init
                0x000000000010f5dc       0x38 /opt/devkitpro/libctru/lib/libctru.a(synchronization.o)
                0x000000000010f5dc                LightEvent_Init
 .text.LightEvent_Clear
                0x000000000010f614       0x7c /opt/devkitpro/libctru/lib/libctru.a(synchronization.o)
                0x000000000010f614                LightEvent_Clear
 .text.LightEvent_Signal
                0x000000000010f690       0xdc /opt/devkitpro/libctru/lib/libctru.a(synchronization.o)
                0x000000000010f690                LightEvent_Signal
 .text.LightEvent_Wait
                0x000000000010f76c       0xc0 /opt/devkitpro/libctru/lib/libctru.a(synchronization.o)
                0x000000000010f76c                LightEvent_Wait
 .text.envGetHandle
                0x000000000010f82c       0x84 /opt/devkitpro/libctru/lib/libctru.a(env.o)
                0x000000000010f82c                envGetHandle
 .text.envDestroyHandles
                0x000000000010f8b0       0x4c /opt/devkitpro/libctru/lib/libctru.a(env.o)
                0x000000000010f8b0                envDestroyHandles
 .text.srvExit  0x000000000010f8fc       0x58 /opt/devkitpro/libctru/lib/libctru.a(srv.o)
                0x000000000010f8fc                srvExit
 .text.srvRegisterClient
                0x000000000010f954       0x38 /opt/devkitpro/libctru/lib/libctru.a(srv.o)
                0x000000000010f954                srvRegisterClient
 .text.srvInit  0x000000000010f98c       0xcc /opt/devkitpro/libctru/lib/libctru.a(srv.o)
                0x000000000010f98c                srvInit
 .text.srvGetServiceHandleDirect
                0x000000000010fa58       0x80 /opt/devkitpro/libctru/lib/libctru.a(srv.o)
                0x000000000010fa58                srvGetServiceHandleDirect
 .text.srvGetServiceHandle
                0x000000000010fad8       0x48 /opt/devkitpro/libctru/lib/libctru.a(srv.o)
                0x000000000010fad8                srvGetServiceHandle
 .text.threadFree.part.0
                0x000000000010fb20       0x1c /opt/devkitpro/libctru/lib/libctru.a(thread.o)
 .text.threadCreate
                0x000000000010fb3c      0x180 /opt/devkitpro/libctru/lib/libctru.a(thread.o)
                0x000000000010fb3c                threadCreate
 .text.threadJoin
                0x000000000010fcbc       0x24 /opt/devkitpro/libctru/lib/libctru.a(thread.o)
                0x000000000010fcbc                threadJoin
 .text.threadExit
                0x000000000010fce0       0x68 /opt/devkitpro/libctru/lib/libctru.a(thread.o)
                0x000000000010fce0                threadExit
 .text._thread_begin
                0x000000000010fd48       0x48 /opt/devkitpro/libctru/lib/libctru.a(thread.o)
 .text.irrstScanInput
                0x000000000010fd90       0xac /opt/devkitpro/libctru/lib/libctru.a(irrst.o)
                0x000000000010fd90                irrstScanInput
 .text.irrstKeysHeld
                0x000000000010fe3c       0x24 /opt/devkitpro/libctru/lib/libctru.a(irrst.o)
                0x000000000010fe3c                irrstKeysHeld
 .text.IRRST_GetHandles
                0x000000000010fe60       0x50 /opt/devkitpro/libctru/lib/libctru.a(irrst.o)
                0x000000000010fe60                IRRST_GetHandles
 .text.irrstInit
                0x000000000010feb0      0x154 /opt/devkitpro/libctru/lib/libctru.a(irrst.o)
                0x000000000010feb0                irrstInit
 .text.IRRST_Shutdown
                0x0000000000110004       0x2c /opt/devkitpro/libctru/lib/libctru.a(irrst.o)
                0x0000000000110004                IRRST_Shutdown
 .text.irrstExit
                0x0000000000110030       0xac /opt/devkitpro/libctru/lib/libctru.a(irrst.o)
                0x0000000000110030                irrstExit
 .text.srvPmGetSessionHandle
                0x00000000001100dc        0xc /opt/devkitpro/libctru/lib/libctru.a(srvpm.o)
                0x00000000001100dc                srvPmGetSessionHandle
 .text.rbtree_node_next
                0x00000000001100e8       0x50 /opt/devkitpro/libctru/lib/libctru.a(rbtree_iterator.o)
                0x00000000001100e8                rbtree_node_next
 .text.encode_utf16
                0x0000000000110138       0x68 /opt/devkitpro/libctru/lib/libctru.a(encode_utf16.o)
                0x0000000000110138                encode_utf16
 .text.encode_utf8
                0x00000000001101a0      0x104 /opt/devkitpro/libctru/lib/libctru.a(encode_utf8.o)
                0x00000000001101a0                encode_utf8
 .text.decode_utf8
                0x00000000001102a4      0x138 /opt/devkitpro/libctru/lib/libctru.a(decode_utf8.o)
                0x00000000001102a4                decode_utf8
 .text.__appInit
                0x00000000001103dc       0x1c /opt/devkitpro/libctru/lib/libctru.a(appInit.o)
                0x00000000001103dc                __appInit
 .text.__appExit
                0x00000000001103f8       0x1c /opt/devkitpro/libctru/lib/libctru.a(appExit.o)
                0x00000000001103f8                __appExit
 .text.__libctru_exit
                0x0000000000110414       0xa0 /opt/devkitpro/libctru/lib/libctru.a(ctru_exit.o)
                0x0000000000110414                __libctru_exit
 .text.sdmc_link
                0x00000000001104b4       0x14 /opt/devkitpro/libctru/lib/libctru.a(sdmc_dev.o)
 .text.sdmc_dirreset
                0x00000000001104c8       0x14 /opt/devkitpro/libctru/lib/libctru.a(sdmc_dev.o)
 .text.sdmc_chmod
                0x00000000001104dc       0x14 /opt/devkitpro/libctru/lib/libctru.a(sdmc_dev.o)
 .text.error_cmp
                0x00000000001104f0       0x24 /opt/devkitpro/libctru/lib/libctru.a(sdmc_dev.o)
 .text.sdmc_translate_error
                0x0000000000110514       0x50 /opt/devkitpro/libctru/lib/libctru.a(sdmc_dev.o)
 .text.sdmc_fsync
                0x0000000000110564       0x34 /opt/devkitpro/libctru/lib/libctru.a(sdmc_dev.o)
 .text.sdmc_ftruncate
                0x0000000000110598       0x54 /opt/devkitpro/libctru/lib/libctru.a(sdmc_dev.o)
 .text.sdmc_statvfs
                0x00000000001105ec       0xbc /opt/devkitpro/libctru/lib/libctru.a(sdmc_dev.o)
 .text.sdmc_dirclose
                0x00000000001106a8       0x38 /opt/devkitpro/libctru/lib/libctru.a(sdmc_dev.o)
 .text.sdmc_dirnext
                0x00000000001106e0      0x13c /opt/devkitpro/libctru/lib/libctru.a(sdmc_dev.o)
 .text.sdmc_close
                0x000000000011081c       0x34 /opt/devkitpro/libctru/lib/libctru.a(sdmc_dev.o)
 .text.sdmc_fstat
                0x0000000000110850       0x70 /opt/devkitpro/libctru/lib/libctru.a(sdmc_dev.o)
 .text.sdmc_seek
                0x00000000001108c0       0xd4 /opt/devkitpro/libctru/lib/libctru.a(sdmc_dev.o)
 .text.sdmc_read
                0x0000000000110994       0x78 /opt/devkitpro/libctru/lib/libctru.a(sdmc_dev.o)
 .text.sdmc_write
                0x0000000000110a0c       0xac /opt/devkitpro/libctru/lib/libctru.a(sdmc_dev.o)
 .text.sdmc_utf16path
                0x0000000000110ab8      0x1b0 /opt/devkitpro/libctru/lib/libctru.a(sdmc_dev.o)
 .text.sdmc_rmdir
                0x0000000000110c68       0x74 /opt/devkitpro/libctru/lib/libctru.a(sdmc_dev.o)
 .text.sdmc_diropen
                0x0000000000110cdc       0xa4 /opt/devkitpro/libctru/lib/libctru.a(sdmc_dev.o)
 .text.sdmc_chdir
                0x0000000000110d80       0xac /opt/devkitpro/libctru/lib/libctru.a(sdmc_dev.o)
 .text.sdmc_mkdir
                0x0000000000110e2c       0x98 /opt/devkitpro/libctru/lib/libctru.a(sdmc_dev.o)
 .text.sdmc_rename
                0x0000000000110ec4      0x108 /opt/devkitpro/libctru/lib/libctru.a(sdmc_dev.o)
 .text.sdmc_unlink
                0x0000000000110fcc       0x74 /opt/devkitpro/libctru/lib/libctru.a(sdmc_dev.o)
 .text.sdmc_stat
                0x0000000000111040      0x108 /opt/devkitpro/libctru/lib/libctru.a(sdmc_dev.o)
 .text.sdmc_open
                0x0000000000111148      0x198 /opt/devkitpro/libctru/lib/libctru.a(sdmc_dev.o)
 .text.sdmc_fchmod
                0x00000000001112e0       0x14 /opt/devkitpro/libctru/lib/libctru.a(sdmc_dev.o)
 .text.sdmcInit
                0x00000000001112f4      0x168 /opt/devkitpro/libctru/lib/libctru.a(sdmc_dev.o)
                0x00000000001112f4                sdmcInit
 .text.sdmcExit
                0x000000000011145c       0x60 /opt/devkitpro/libctru/lib/libctru.a(sdmc_dev.o)
                0x000000000011145c                sdmcExit
 .text.__aeabi_read_tp
                0x00000000001114bc        0xc /opt/devkitpro/libctru/lib/libctru.a(readtp.o)
                0x00000000001114bc                __aeabi_read_tp
 .text.cosf     0x00000000001114c8      0x244 /opt/devkitpro/devkitARM/lib/gcc/arm-none-eabi/9.1.0/../../../../arm-none-eabi/lib/armv6k/fpu/libm.a(lib_a-cosf.o)
                0x00000000001114c8                cosf
 .text.with_errnof
                0x000000000011170c       0x24 /opt/devkitpro/devkitARM/lib/gcc/arm-none-eabi/9.1.0/../../../../arm-none-eabi/lib/armv6k/fpu/libm.a(lib_a-math_errf.o)
 .text.__math_invalidf
                0x0000000000111730       0x1c /opt/devkitpro/devkitARM/lib/gcc/arm-none-eabi/9.1.0/../../../../arm-none-eabi/lib/armv6k/fpu/libm.a(lib_a-math_errf.o)
                0x0000000000111730                __math_invalidf
 *fill*         0x000000000011174c        0x4 
 .text.sinf     0x0000000000111750      0x26c /opt/devkitpro/devkitARM/lib/gcc/arm-none-eabi/9.1.0/../../../../arm-none-eabi/lib/armv6k/fpu/libm.a(lib_a-sinf.o)
                0x0000000000111750                sinf
 .text.__fixdfdi
                0x00000000001119bc       0x38 /opt/devkitpro/devkitARM/lib/gcc/arm-none-eabi/9.1.0/armv6k/fpu/libgcc.a(_fixdfdi.o)
                0x00000000001119bc                __aeabi_d2lz
                0x00000000001119bc                __fixdfdi
 *fill*         0x00000000001119f4        0x4 
 .text.__fixunsdfdi
                0x00000000001119f8       0x40 /opt/devkitpro/devkitARM/lib/gcc/arm-none-eabi/9.1.0/armv6k/fpu/libgcc.a(_fixunsdfdi.o)
                0x00000000001119f8                __aeabi_d2ulz
                0x00000000001119f8                __fixunsdfdi
 .text.__udivmoddi4
                0x0000000000111a38      0x130 /opt/devkitpro/devkitARM/lib/gcc/arm-none-eabi/9.1.0/armv6k/fpu/libgcc.a(_udivmoddi4.o)
                0x0000000000111a38                __udivmoddi4
 .text.bsearch  0x0000000000111b68       0x7c /opt/devkitpro/devkitARM/lib/gcc/arm-none-eabi/9.1.0/../../../../arm-none-eabi/lib/armv6k/fpu/libg.a(lib_a-bsearch.o)
                0x0000000000111b68                bsearch
 .text.calloc   0x0000000000111be4       0x28 /opt/devkitpro/devkitARM/lib/gcc/arm-none-eabi/9.1.0/../../../../arm-none-eabi/lib/armv6k/fpu/libg.a(lib_a-calloc.o)
                0x0000000000111be4                calloc
 .text._calloc_r
                0x0000000000111c0c       0x94 /opt/devkitpro/devkitARM/lib/gcc/arm-none-eabi/9.1.0/../../../../arm-none-eabi/lib/armv6k/fpu/libg.a(lib_a-callocr.o)
                0x0000000000111c0c                _calloc_r
 .text.__errno  0x0000000000111ca0        0xc /opt/devkitpro/devkitARM/lib/gcc/arm-none-eabi/9.1.0/../../../../arm-none-eabi/lib/armv6k/fpu/libg.a(lib_a-errno.o)
                0x0000000000111ca0                __errno
 .text.exit     0x0000000000111cac       0x34 /opt/devkitpro/devkitARM/lib/gcc/arm-none-eabi/9.1.0/../../../../arm-none-eabi/lib/armv6k/fpu/libg.a(lib_a-exit.o)
                0x0000000000111cac                exit
 .text._fclose_r
                0x0000000000111ce0      0x160 /opt/devkitpro/devkitARM/lib/gcc/arm-none-eabi/9.1.0/../../../../arm-none-eabi/lib/armv6k/fpu/libg.a(lib_a-fclose.o)
                0x0000000000111ce0                _fclose_r
 .text.fclose   0x0000000000111e40       0x20 /opt/devkitpro/devkitARM/lib/gcc/arm-none-eabi/9.1.0/../../../../arm-none-eabi/lib/armv6k/fpu/libg.a(lib_a-fclose.o)
                0x0000000000111e40                fclose
 .text.__sflush_r
                0x0000000000111e60      0x278 /opt/devkitpro/devkitARM/lib/gcc/arm-none-eabi/9.1.0/../../../../arm-none-eabi/lib/armv6k/fpu/libg.a(lib_a-fflush.o)
                0x0000000000111e60                __sflush_r
 .text._fflush_r
                0x00000000001120d8       0x94 /opt/devkitpro/devkitARM/lib/gcc/arm-none-eabi/9.1.0/../../../../arm-none-eabi/lib/armv6k/fpu/libg.a(lib_a-fflush.o)
                0x00000000001120d8                _fflush_r
 .text.fflush   0x000000000011216c       0x38 /opt/devkitpro/devkitARM/lib/gcc/arm-none-eabi/9.1.0/../../../../arm-none-eabi/lib/armv6k/fpu/libg.a(lib_a-fflush.o)
                0x000000000011216c                fflush
 .text.std      0x00000000001121a4       0x78 /opt/devkitpro/devkitARM/lib/gcc/arm-none-eabi/9.1.0/../../../../arm-none-eabi/lib/armv6k/fpu/libg.a(lib_a-findfp.o)
 .text._cleanup_r
                0x000000000011221c        0xc /opt/devkitpro/devkitARM/lib/gcc/arm-none-eabi/9.1.0/../../../../arm-none-eabi/lib/armv6k/fpu/libg.a(lib_a-findfp.o)
                0x000000000011221c                _cleanup_r
 .text.__sfmoreglue
                0x0000000000112228       0x48 /opt/devkitpro/devkitARM/lib/gcc/arm-none-eabi/9.1.0/../../../../arm-none-eabi/lib/armv6k/fpu/libg.a(lib_a-findfp.o)
                0x0000000000112228                __sfmoreglue
 .text.__sinit  0x0000000000112270       0x8c /opt/devkitpro/devkitARM/lib/gcc/arm-none-eabi/9.1.0/../../../../arm-none-eabi/lib/armv6k/fpu/libg.a(lib_a-findfp.o)
                0x0000000000112270                __sinit
 .text.__sfp    0x00000000001122fc      0x10c /opt/devkitpro/devkitARM/lib/gcc/arm-none-eabi/9.1.0/../../../../arm-none-eabi/lib/armv6k/fpu/libg.a(lib_a-findfp.o)
                0x00000000001122fc                __sfp
 .text.__sfp_lock_acquire
                0x0000000000112408        0xc /opt/devkitpro/devkitARM/lib/gcc/arm-none-eabi/9.1.0/../../../../arm-none-eabi/lib/armv6k/fpu/libg.a(lib_a-findfp.o)
                0x0000000000112408                __sfp_lock_acquire
 .text.__sfp_lock_release
                0x0000000000112414        0xc /opt/devkitpro/devkitARM/lib/gcc/arm-none-eabi/9.1.0/../../../../arm-none-eabi/lib/armv6k/fpu/libg.a(lib_a-findfp.o)
                0x0000000000112414                __sfp_lock_release
 .text.__libc_fini_array
                0x0000000000112420       0x3c /opt/devkitpro/devkitARM/lib/gcc/arm-none-eabi/9.1.0/../../../../arm-none-eabi/lib/armv6k/fpu/libg.a(lib_a-fini.o)
                0x0000000000112420                __libc_fini_array
 .text._fopen_r
                0x000000000011245c      0x138 /opt/devkitpro/devkitARM/lib/gcc/arm-none-eabi/9.1.0/../../../../arm-none-eabi/lib/armv6k/fpu/libg.a(lib_a-fopen.o)
                0x000000000011245c                _fopen_r
 .text.fopen    0x0000000000112594       0x28 /opt/devkitpro/devkitARM/lib/gcc/arm-none-eabi/9.1.0/../../../../arm-none-eabi/lib/armv6k/fpu/libg.a(lib_a-fopen.o)
                0x0000000000112594                fopen
 .text._fread_r
                0x00000000001125bc      0x2e0 /opt/devkitpro/devkitARM/lib/gcc/arm-none-eabi/9.1.0/../../../../arm-none-eabi/lib/armv6k/fpu/libg.a(lib_a-fread.o)
                0x00000000001125bc                _fread_r
 .text.fread    0x000000000011289c       0x38 /opt/devkitpro/devkitARM/lib/gcc/arm-none-eabi/9.1.0/../../../../arm-none-eabi/lib/armv6k/fpu/libg.a(lib_a-fread.o)
                0x000000000011289c                fread
 .text._malloc_trim_r
                0x00000000001128d4       0xf8 /opt/devkitpro/devkitARM/lib/gcc/arm-none-eabi/9.1.0/../../../../arm-none-eabi/lib/armv6k/fpu/libg.a(lib_a-freer.o)
                0x00000000001128d4                _malloc_trim_r
 .text._free_r  0x00000000001129cc      0x2e8 /opt/devkitpro/devkitARM/lib/gcc/arm-none-eabi/9.1.0/../../../../arm-none-eabi/lib/armv6k/fpu/libg.a(lib_a-freer.o)
                0x00000000001129cc                _free_r
 .text._fseek_r
                0x0000000000112cb4       0x20 /opt/devkitpro/devkitARM/lib/gcc/arm-none-eabi/9.1.0/../../../../arm-none-eabi/lib/armv6k/fpu/libg.a(lib_a-fseek.o)
                0x0000000000112cb4                _fseek_r
 .text._fseeko_r
                0x0000000000112cd4      0x5ac /opt/devkitpro/devkitARM/lib/gcc/arm-none-eabi/9.1.0/../../../../arm-none-eabi/lib/armv6k/fpu/libg.a(lib_a-fseeko.o)
                0x0000000000112cd4                _fseeko_r
 .text._fwalk   0x0000000000113280       0x68 /opt/devkitpro/devkitARM/lib/gcc/arm-none-eabi/9.1.0/../../../../arm-none-eabi/lib/armv6k/fpu/libg.a(lib_a-fwalk.o)
                0x0000000000113280                _fwalk
 .text._fwalk_reent
                0x00000000001132e8       0x70 /opt/devkitpro/devkitARM/lib/gcc/arm-none-eabi/9.1.0/../../../../arm-none-eabi/lib/armv6k/fpu/libg.a(lib_a-fwalk.o)
                0x00000000001132e8                _fwalk_reent
 .text.__libc_init_array
                0x0000000000113358       0x7c /opt/devkitpro/devkitARM/lib/gcc/arm-none-eabi/9.1.0/../../../../arm-none-eabi/lib/armv6k/fpu/libg.a(lib_a-init.o)
                0x0000000000113358                __libc_init_array
 .text.__swhatbuf_r
                0x00000000001133d4       0x94 /opt/devkitpro/devkitARM/lib/gcc/arm-none-eabi/9.1.0/../../../../arm-none-eabi/lib/armv6k/fpu/libg.a(lib_a-makebuf.o)
                0x00000000001133d4                __swhatbuf_r
 .text.__smakebuf_r
                0x0000000000113468       0xf8 /opt/devkitpro/devkitARM/lib/gcc/arm-none-eabi/9.1.0/../../../../arm-none-eabi/lib/armv6k/fpu/libg.a(lib_a-makebuf.o)
                0x0000000000113468                __smakebuf_r
 .text.memalign
                0x0000000000113560       0x28 /opt/devkitpro/devkitARM/lib/gcc/arm-none-eabi/9.1.0/../../../../arm-none-eabi/lib/armv6k/fpu/libg.a(lib_a-malign.o)
                0x0000000000113560                memalign
 .text._memalign_r
                0x0000000000113588      0x14c /opt/devkitpro/devkitARM/lib/gcc/arm-none-eabi/9.1.0/../../../../arm-none-eabi/lib/armv6k/fpu/libg.a(lib_a-malignr.o)
                0x0000000000113588                _memalign_r
 .text.malloc   0x00000000001136d4       0x20 /opt/devkitpro/devkitARM/lib/gcc/arm-none-eabi/9.1.0/../../../../arm-none-eabi/lib/armv6k/fpu/libg.a(lib_a-malloc.o)
                0x00000000001136d4                malloc
 .text.free     0x00000000001136f4       0x20 /opt/devkitpro/devkitARM/lib/gcc/arm-none-eabi/9.1.0/../../../../arm-none-eabi/lib/armv6k/fpu/libg.a(lib_a-malloc.o)
                0x00000000001136f4                free
 .text._malloc_r
                0x0000000000113714      0x7d0 /opt/devkitpro/devkitARM/lib/gcc/arm-none-eabi/9.1.0/../../../../arm-none-eabi/lib/armv6k/fpu/libg.a(lib_a-mallocr.o)
                0x0000000000113714                _malloc_r
 .text.memchr   0x0000000000113ee4       0xe0 /opt/devkitpro/devkitARM/lib/gcc/arm-none-eabi/9.1.0/../../../../arm-none-eabi/lib/armv6k/fpu/libg.a(lib_a-memchr-stub.o)
                0x0000000000113ee4                memchr
 .text.memcmp   0x0000000000113fc4       0xa0 /opt/devkitpro/devkitARM/lib/gcc/arm-none-eabi/9.1.0/../../../../arm-none-eabi/lib/armv6k/fpu/libg.a(lib_a-memcmp.o)
                0x0000000000113fc4                memcmp
 .text.memcpy   0x0000000000114064      0x120 /opt/devkitpro/devkitARM/lib/gcc/arm-none-eabi/9.1.0/../../../../arm-none-eabi/lib/armv6k/fpu/libg.a(lib_a-memcpy-stub.o)
                0x0000000000114064                memcpy
 .text.memset   0x0000000000114184      0x118 /opt/devkitpro/devkitARM/lib/gcc/arm-none-eabi/9.1.0/../../../../arm-none-eabi/lib/armv6k/fpu/libg.a(lib_a-memset.o)
                0x0000000000114184                memset
 .text.__malloc_lock
                0x000000000011429c        0xc /opt/devkitpro/devkitARM/lib/gcc/arm-none-eabi/9.1.0/../../../../arm-none-eabi/lib/armv6k/fpu/libg.a(lib_a-mlock.o)
                0x000000000011429c                __malloc_lock
 .text.__malloc_unlock
                0x00000000001142a8        0xc /opt/devkitpro/devkitARM/lib/gcc/arm-none-eabi/9.1.0/../../../../arm-none-eabi/lib/armv6k/fpu/libg.a(lib_a-mlock.o)
                0x00000000001142a8                __malloc_unlock
 .text.printf   0x00000000001142b4       0x34 /opt/devkitpro/devkitARM/lib/gcc/arm-none-eabi/9.1.0/../../../../arm-none-eabi/lib/armv6k/fpu/libg.a(lib_a-printf.o)
                0x00000000001142b4                printf
 .text.rand     0x00000000001142e8       0x44 /opt/devkitpro/devkitARM/lib/gcc/arm-none-eabi/9.1.0/../../../../arm-none-eabi/lib/armv6k/fpu/libg.a(lib_a-rand.o)
                0x00000000001142e8                rand
 .text.lflush   0x000000000011432c       0x1c /opt/devkitpro/devkitARM/lib/gcc/arm-none-eabi/9.1.0/../../../../arm-none-eabi/lib/armv6k/fpu/libg.a(lib_a-refill.o)
 .text.__srefill_r
                0x0000000000114348      0x1ac /opt/devkitpro/devkitARM/lib/gcc/arm-none-eabi/9.1.0/../../../../arm-none-eabi/lib/armv6k/fpu/libg.a(lib_a-refill.o)
                0x0000000000114348                __srefill_r
 .text.setvbuf  0x00000000001144f4      0x260 /opt/devkitpro/devkitARM/lib/gcc/arm-none-eabi/9.1.0/../../../../arm-none-eabi/lib/armv6k/fpu/libg.a(lib_a-setvbuf.o)
                0x00000000001144f4                setvbuf
 .text.sscanf   0x0000000000114754       0x74 /opt/devkitpro/devkitARM/lib/gcc/arm-none-eabi/9.1.0/../../../../arm-none-eabi/lib/armv6k/fpu/libg.a(lib_a-sscanf.o)
                0x0000000000114754                sscanf
 .text.__sread  0x00000000001147c8       0x3c /opt/devkitpro/devkitARM/lib/gcc/arm-none-eabi/9.1.0/../../../../arm-none-eabi/lib/armv6k/fpu/libg.a(lib_a-stdio.o)
                0x00000000001147c8                __sread
 .text.__seofread
                0x0000000000114804        0x8 /opt/devkitpro/devkitARM/lib/gcc/arm-none-eabi/9.1.0/../../../../arm-none-eabi/lib/armv6k/fpu/libg.a(lib_a-stdio.o)
                0x0000000000114804                __seofread
 .text.__swrite
                0x000000000011480c       0x68 /opt/devkitpro/devkitARM/lib/gcc/arm-none-eabi/9.1.0/../../../../arm-none-eabi/lib/armv6k/fpu/libg.a(lib_a-stdio.o)
                0x000000000011480c                __swrite
 .text.__sseek  0x0000000000114874       0x58 /opt/devkitpro/devkitARM/lib/gcc/arm-none-eabi/9.1.0/../../../../arm-none-eabi/lib/armv6k/fpu/libg.a(lib_a-stdio.o)
                0x0000000000114874                __sseek
 .text.__sclose
                0x00000000001148cc        0x8 /opt/devkitpro/devkitARM/lib/gcc/arm-none-eabi/9.1.0/../../../../arm-none-eabi/lib/armv6k/fpu/libg.a(lib_a-stdio.o)
                0x00000000001148cc                __sclose
 .text.strchr   0x00000000001148d4      0x144 /opt/devkitpro/devkitARM/lib/gcc/arm-none-eabi/9.1.0/../../../../arm-none-eabi/lib/armv6k/fpu/libg.a(lib_a-strchr.o)
                0x00000000001148d4                strchr
 .text.strlen   0x0000000000114a18       0x5c /opt/devkitpro/devkitARM/lib/gcc/arm-none-eabi/9.1.0/../../../../arm-none-eabi/lib/armv6k/fpu/libg.a(lib_a-strlen-stub.o)
                0x0000000000114a18                strlen
 .text.strncat  0x0000000000114a74       0x98 /opt/devkitpro/devkitARM/lib/gcc/arm-none-eabi/9.1.0/../../../../arm-none-eabi/lib/armv6k/fpu/libg.a(lib_a-strncat.o)
                0x0000000000114a74                strncat
 .text.strncmp  0x0000000000114b0c       0xec /opt/devkitpro/devkitARM/lib/gcc/arm-none-eabi/9.1.0/../../../../arm-none-eabi/lib/armv6k/fpu/libg.a(lib_a-strncmp.o)
                0x0000000000114b0c                strncmp
 .text.strncpy  0x0000000000114bf8       0xc0 /opt/devkitpro/devkitARM/lib/gcc/arm-none-eabi/9.1.0/../../../../arm-none-eabi/lib/armv6k/fpu/libg.a(lib_a-strncpy.o)
                0x0000000000114bf8                strncpy
 .text.strnlen  0x0000000000114cb8       0x48 /opt/devkitpro/devkitARM/lib/gcc/arm-none-eabi/9.1.0/../../../../arm-none-eabi/lib/armv6k/fpu/libg.a(lib_a-strnlen.o)
                0x0000000000114cb8                strnlen
 .text.get_arg  0x0000000000114d00       0x48 /opt/devkitpro/devkitARM/lib/gcc/arm-none-eabi/9.1.0/../../../../arm-none-eabi/lib/armv6k/fpu/libg.a(lib_a-svfscanf.o)
 .text.__ssvfscanf_r
                0x0000000000114d48     0x2b84 /opt/devkitpro/devkitARM/lib/gcc/arm-none-eabi/9.1.0/../../../../arm-none-eabi/lib/armv6k/fpu/libg.a(lib_a-svfscanf.o)
                0x0000000000114d48                __ssvfscanf_r
 .text.time     0x00000000001178cc       0x3c /opt/devkitpro/devkitARM/lib/gcc/arm-none-eabi/9.1.0/../../../../arm-none-eabi/lib/armv6k/fpu/libg.a(lib_a-time.o)
                0x00000000001178cc                time
 .text.__sprint_r
                0x0000000000117908       0x34 /opt/devkitpro/devkitARM/lib/gcc/arm-none-eabi/9.1.0/../../../../arm-none-eabi/lib/armv6k/fpu/libg.a(lib_a-vfiprintf.o)
                0x0000000000117908                __sprint_r
 .text.get_arg  0x000000000011793c      0x650 /opt/devkitpro/devkitARM/lib/gcc/arm-none-eabi/9.1.0/../../../../arm-none-eabi/lib/armv6k/fpu/libg.a(lib_a-vfprintf.o)
 *fill*         0x0000000000117f8c        0x4 
 .text._vfprintf_r
                0x0000000000117f90     0x38e0 /opt/devkitpro/devkitARM/lib/gcc/arm-none-eabi/9.1.0/../../../../arm-none-eabi/lib/armv6k/fpu/libg.a(lib_a-vfprintf.o)
                0x0000000000117f90                _vfprintf_r
 .text.__sbprintf
                0x000000000011b870       0xd4 /opt/devkitpro/devkitARM/lib/gcc/arm-none-eabi/9.1.0/../../../../arm-none-eabi/lib/armv6k/fpu/libg.a(lib_a-vfprintf.o)
 .text._wcrtomb_r
                0x000000000011b944       0x54 /opt/devkitpro/devkitARM/lib/gcc/arm-none-eabi/9.1.0/../../../../arm-none-eabi/lib/armv6k/fpu/libg.a(lib_a-wcrtomb.o)
                0x000000000011b944                _wcrtomb_r
 .text._wcsrtombs_r
                0x000000000011b998       0x20 /opt/devkitpro/devkitARM/lib/gcc/arm-none-eabi/9.1.0/../../../../arm-none-eabi/lib/armv6k/fpu/libg.a(lib_a-wcsrtombs.o)
                0x000000000011b998                _wcsrtombs_r
 .text.__swsetup_r
                0x000000000011b9b8      0x150 /opt/devkitpro/devkitARM/lib/gcc/arm-none-eabi/9.1.0/../../../../arm-none-eabi/lib/armv6k/fpu/libg.a(lib_a-wsetup.o)
                0x000000000011b9b8                __swsetup_r
 .text.__call_exitprocs
                0x000000000011bb08      0x118 /opt/devkitpro/devkitARM/lib/gcc/arm-none-eabi/9.1.0/../../../../arm-none-eabi/lib/armv6k/fpu/libg.a(lib_a-__call_atexit.o)
                0x000000000011bb08                __call_exitprocs
 .text.quorem   0x000000000011bc20      0x1a8 /opt/devkitpro/devkitARM/lib/gcc/arm-none-eabi/9.1.0/../../../../arm-none-eabi/lib/armv6k/fpu/libg.a(lib_a-dtoa.o)
 .text._dtoa_r  0x000000000011bdc8     0x12ac /opt/devkitpro/devkitARM/lib/gcc/arm-none-eabi/9.1.0/../../../../arm-none-eabi/lib/armv6k/fpu/libg.a(lib_a-dtoa.o)
                0x000000000011bdc8                _dtoa_r
 .text.__sflags
                0x000000000011d074       0xc8 /opt/devkitpro/devkitARM/lib/gcc/arm-none-eabi/9.1.0/../../../../arm-none-eabi/lib/armv6k/fpu/libg.a(lib_a-flags.o)
                0x000000000011d074                __sflags
 .text.__sfvwrite_r
                0x000000000011d13c      0x4a4 /opt/devkitpro/devkitARM/lib/gcc/arm-none-eabi/9.1.0/../../../../arm-none-eabi/lib/armv6k/fpu/libg.a(lib_a-fvwrite.o)
                0x000000000011d13c                __sfvwrite_r
 .text.iswspace
                0x000000000011d5e0        0x8 /opt/devkitpro/devkitARM/lib/gcc/arm-none-eabi/9.1.0/../../../../arm-none-eabi/lib/armv6k/fpu/libg.a(lib_a-iswspace.o)
                0x000000000011d5e0                iswspace
 .text._localeconv_r
                0x000000000011d5e8        0xc /opt/devkitpro/devkitARM/lib/gcc/arm-none-eabi/9.1.0/../../../../arm-none-eabi/lib/armv6k/fpu/libg.a(lib_a-localeconv.o)
                0x000000000011d5e8                _localeconv_r
 .text.__locale_mb_cur_max
                0x000000000011d5f4       0x10 /opt/devkitpro/devkitARM/lib/gcc/arm-none-eabi/9.1.0/../../../../arm-none-eabi/lib/armv6k/fpu/libg.a(lib_a-locale.o)
                0x000000000011d5f4                __locale_mb_cur_max
 .text._mbrtowc_r
                0x000000000011d604       0x60 /opt/devkitpro/devkitARM/lib/gcc/arm-none-eabi/9.1.0/../../../../arm-none-eabi/lib/armv6k/fpu/libg.a(lib_a-mbrtowc.o)
                0x000000000011d604                _mbrtowc_r
 .text.__utf8_mbtowc
                0x000000000011d664      0x2fc /opt/devkitpro/devkitARM/lib/gcc/arm-none-eabi/9.1.0/../../../../arm-none-eabi/lib/armv6k/fpu/libg.a(lib_a-mbtowc_r.o)
                0x000000000011d664                __utf8_mbtowc
 .text.memmove  0x000000000011d960      0x154 /opt/devkitpro/devkitARM/lib/gcc/arm-none-eabi/9.1.0/../../../../arm-none-eabi/lib/armv6k/fpu/libg.a(lib_a-memmove.o)
                0x000000000011d960                memmove
 .text._Balloc  0x000000000011dab4       0x88 /opt/devkitpro/devkitARM/lib/gcc/arm-none-eabi/9.1.0/../../../../arm-none-eabi/lib/armv6k/fpu/libg.a(lib_a-mprec.o)
                0x000000000011dab4                _Balloc
 .text._Bfree   0x000000000011db3c       0x1c /opt/devkitpro/devkitARM/lib/gcc/arm-none-eabi/9.1.0/../../../../arm-none-eabi/lib/armv6k/fpu/libg.a(lib_a-mprec.o)
                0x000000000011db3c                _Bfree
 .text.__multadd
                0x000000000011db58       0xd0 /opt/devkitpro/devkitARM/lib/gcc/arm-none-eabi/9.1.0/../../../../arm-none-eabi/lib/armv6k/fpu/libg.a(lib_a-mprec.o)
                0x000000000011db58                __multadd
 .text.__s2b    0x000000000011dc28       0xec /opt/devkitpro/devkitARM/lib/gcc/arm-none-eabi/9.1.0/../../../../arm-none-eabi/lib/armv6k/fpu/libg.a(lib_a-mprec.o)
                0x000000000011dc28                __s2b
 .text.__hi0bits
                0x000000000011dd14       0x58 /opt/devkitpro/devkitARM/lib/gcc/arm-none-eabi/9.1.0/../../../../arm-none-eabi/lib/armv6k/fpu/libg.a(lib_a-mprec.o)
                0x000000000011dd14                __hi0bits
 .text.__lo0bits
                0x000000000011dd6c       0x9c /opt/devkitpro/devkitARM/lib/gcc/arm-none-eabi/9.1.0/../../../../arm-none-eabi/lib/armv6k/fpu/libg.a(lib_a-mprec.o)
                0x000000000011dd6c                __lo0bits
 .text.__i2b    0x000000000011de08       0x20 /opt/devkitpro/devkitARM/lib/gcc/arm-none-eabi/9.1.0/../../../../arm-none-eabi/lib/armv6k/fpu/libg.a(lib_a-mprec.o)
                0x000000000011de08                __i2b
 .text.__multiply
                0x000000000011de28      0x1e0 /opt/devkitpro/devkitARM/lib/gcc/arm-none-eabi/9.1.0/../../../../arm-none-eabi/lib/armv6k/fpu/libg.a(lib_a-mprec.o)
                0x000000000011de28                __multiply
 .text.__pow5mult
                0x000000000011e008      0x100 /opt/devkitpro/devkitARM/lib/gcc/arm-none-eabi/9.1.0/../../../../arm-none-eabi/lib/armv6k/fpu/libg.a(lib_a-mprec.o)
                0x000000000011e008                __pow5mult
 .text.__lshift
                0x000000000011e108      0x114 /opt/devkitpro/devkitARM/lib/gcc/arm-none-eabi/9.1.0/../../../../arm-none-eabi/lib/armv6k/fpu/libg.a(lib_a-mprec.o)
                0x000000000011e108                __lshift
 .text.__mcmp   0x000000000011e21c       0x58 /opt/devkitpro/devkitARM/lib/gcc/arm-none-eabi/9.1.0/../../../../arm-none-eabi/lib/armv6k/fpu/libg.a(lib_a-mprec.o)
                0x000000000011e21c                __mcmp
 .text.__mdiff  0x000000000011e274      0x190 /opt/devkitpro/devkitARM/lib/gcc/arm-none-eabi/9.1.0/../../../../arm-none-eabi/lib/armv6k/fpu/libg.a(lib_a-mprec.o)
                0x000000000011e274                __mdiff
 .text.__ulp    0x000000000011e404       0x88 /opt/devkitpro/devkitARM/lib/gcc/arm-none-eabi/9.1.0/../../../../arm-none-eabi/lib/armv6k/fpu/libg.a(lib_a-mprec.o)
                0x000000000011e404                __ulp
 .text.__b2d    0x000000000011e48c       0xd4 /opt/devkitpro/devkitARM/lib/gcc/arm-none-eabi/9.1.0/../../../../arm-none-eabi/lib/armv6k/fpu/libg.a(lib_a-mprec.o)
                0x000000000011e48c                __b2d
 .text.__d2b    0x000000000011e560      0x104 /opt/devkitpro/devkitARM/lib/gcc/arm-none-eabi/9.1.0/../../../../arm-none-eabi/lib/armv6k/fpu/libg.a(lib_a-mprec.o)
                0x000000000011e560                __d2b
 .text.__ratio  0x000000000011e664       0x84 /opt/devkitpro/devkitARM/lib/gcc/arm-none-eabi/9.1.0/../../../../arm-none-eabi/lib/armv6k/fpu/libg.a(lib_a-mprec.o)
                0x000000000011e664                __ratio
 .text.__copybits
                0x000000000011e6e8       0x6c /opt/devkitpro/devkitARM/lib/gcc/arm-none-eabi/9.1.0/../../../../arm-none-eabi/lib/armv6k/fpu/libg.a(lib_a-mprec.o)
                0x000000000011e6e8                __copybits
 .text.__any_on
                0x000000000011e754       0x5c /opt/devkitpro/devkitARM/lib/gcc/arm-none-eabi/9.1.0/../../../../arm-none-eabi/lib/armv6k/fpu/libg.a(lib_a-mprec.o)
                0x000000000011e754                __any_on
 .text.realloc  0x000000000011e7b0       0x28 /opt/devkitpro/devkitARM/lib/gcc/arm-none-eabi/9.1.0/../../../../arm-none-eabi/lib/armv6k/fpu/libg.a(lib_a-realloc.o)
                0x000000000011e7b0                realloc
 .text._realloc_r
                0x000000000011e7d8      0x4bc /opt/devkitpro/devkitARM/lib/gcc/arm-none-eabi/9.1.0/../../../../arm-none-eabi/lib/armv6k/fpu/libg.a(lib_a-reallocr.o)