Archive member included to satisfy reference by file (symbol)

/opt/devkitpro/libctru/lib/libcitro2d.a(base.o)
                              main.o (C2D_Init)
/opt/devkitpro/libctru/lib/libcitro2d.a(spritesheet.o)
                              main.o (C2D_SpriteSheetLoad)
/opt/devkitpro/libctru/lib/libcitro2d.a(render2d.shbin.o)
                              /opt/devkitpro/libctru/lib/libcitro2d.a(base.o) (render2d_shbin_size)
/opt/devkitpro/libctru/lib/libcitro3d.a(base.o)
                              main.o (C3D_Init)
/opt/devkitpro/libctru/lib/libcitro3d.a(renderqueue.o)
                              main.o (C3D_FrameBegin)
/opt/devkitpro/libctru/lib/libcitro3d.a(texture.o)
                              /opt/devkitpro/libctru/lib/libcitro2d.a(base.o) (C3D_TexBind)
/opt/devkitpro/libctru/lib/libcitro3d.a(tex3ds.o)
                              /opt/devkitpro/libctru/lib/libcitro2d.a(spritesheet.o) (Tex3DS_TextureImport)
/opt/devkitpro/libctru/lib/libcitro3d.a(framebuffer.o)
                              /opt/devkitpro/libctru/lib/libcitro3d.a(renderqueue.o) (C3D_CalcColorBufSize)
/opt/devkitpro/libctru/lib/libcitro3d.a(texenv.o)
                              /opt/devkitpro/libctru/lib/libcitro2d.a(base.o) (C3D_GetTexEnv)
/opt/devkitpro/libctru/lib/libcitro3d.a(proctex.o)
                              /opt/devkitpro/libctru/lib/libcitro2d.a(base.o) (C3D_ProcTexInit)
/opt/devkitpro/libctru/lib/libcitro3d.a(buffers.o)
                              /opt/devkitpro/libctru/lib/libcitro2d.a(base.o) (BufInfo_Init)
/opt/devkitpro/libctru/lib/libcitro3d.a(drawArrays.o)
                              /opt/devkitpro/libctru/lib/libcitro2d.a(base.o) (C3D_DrawArrays)
/opt/devkitpro/libctru/lib/libcitro3d.a(effect.o)
                              /opt/devkitpro/libctru/lib/libcitro3d.a(base.o) (C3D_DepthMap)
/opt/devkitpro/libctru/lib/libcitro3d.a(attribs.o)
                              /opt/devkitpro/libctru/lib/libcitro2d.a(base.o) (AttrInfo_Init)
/opt/devkitpro/libctru/lib/libcitro3d.a(immediate.o)
                              /opt/devkitpro/libctru/lib/libcitro3d.a(base.o) (C3D_ImmSendAttrib)
/opt/devkitpro/libctru/lib/libcitro3d.a(uniforms.o)
                              /opt/devkitpro/libctru/lib/libcitro3d.a(base.o) (C3D_UpdateUniforms)
/opt/devkitpro/libctru/lib/libcitro3d.a(mtx_ortho.o)
                              /opt/devkitpro/libctru/lib/libcitro2d.a(base.o) (Mtx_Ortho)
/opt/devkitpro/libctru/lib/libcitro3d.a(mtx_orthotilt.o)
                              /opt/devkitpro/libctru/lib/libcitro2d.a(base.o) (Mtx_OrthoTilt)
/opt/devkitpro/libctru/lib/libctru.a(vram.o)
                              /opt/devkitpro/libctru/lib/libcitro3d.a(renderqueue.o) (vramAlloc)
/opt/devkitpro/libctru/lib/libctru.a(linear.o)
                              /opt/devkitpro/libctru/lib/libcitro2d.a(base.o) (linearAlloc)
/opt/devkitpro/libctru/lib/libctru.a(mem_pool.o)
                              /opt/devkitpro/libctru/lib/libctru.a(vram.o) (MemPool::Allocate(MemChunk&, unsigned long, int))
/opt/devkitpro/libctru/lib/libctru.a(romfs_dev.o)
                              main.o (romfsMount)
/opt/devkitpro/libctru/lib/libctru.a(os.o)
                              /opt/devkitpro/libctru/lib/libcitro3d.a(texture.o) (osConvertVirtToPhys)
/opt/devkitpro/libctru/lib/libctru.a(console.o)
                              main.o (consoleInit)
/opt/devkitpro/libctru/lib/libctru.a(gfx.o)
                              /opt/devkitpro/libctru/lib/libcitro3d.a(renderqueue.o) (gfxIs3D)
/opt/devkitpro/libctru/lib/libctru.a(shaderProgram.o)
                              /opt/devkitpro/libctru/lib/libcitro2d.a(base.o) (shaderInstanceGetUniformLocation)
/opt/devkitpro/libctru/lib/libctru.a(shbin.o)
                              /opt/devkitpro/libctru/lib/libcitro2d.a(base.o) (DVLB_ParseFile)
/opt/devkitpro/libctru/lib/libctru.a(gx.o)
                              /opt/devkitpro/libctru/lib/libctru.a(gfx.o) (gxCmdBuf)
/opt/devkitpro/libctru/lib/libctru.a(gxqueue.o)
                              /opt/devkitpro/libctru/lib/libcitro3d.a(renderqueue.o) (gxCmdQueueClear)
/opt/devkitpro/libctru/lib/libctru.a(gpu.o)
                              /opt/devkitpro/libctru/lib/libcitro3d.a(base.o) (gpuCmdBufOffset)
/opt/devkitpro/libctru/lib/libctru.a(gspgpu.o)
                              /opt/devkitpro/libctru/lib/libctru.a(gfx.o) (gspInit)
/opt/devkitpro/libctru/lib/libctru.a(apt.o)
                              /opt/devkitpro/libctru/lib/libcitro3d.a(base.o) (aptHook)
/opt/devkitpro/libctru/lib/libctru.a(hid.o)
                              main.o (hidScanInput)
/opt/devkitpro/libctru/lib/libctru.a(ptmsysm.o)
                              /opt/devkitpro/libctru/lib/libctru.a(os.o) (ptmSysmInit)
/opt/devkitpro/libctru/lib/libctru.a(fs.o)
                              /opt/devkitpro/libctru/lib/libctru.a(romfs_dev.o) (FSUSER_OpenFileDirectly)
/opt/devkitpro/libctru/lib/libctru.a(decompress.o)
[...]
Memory Configuration

Name             Origin             Length             Attributes
*default*        0x0000000000000000 0xffffffffffffffff

Linker script and memory map

                0x0000000000100000                PROVIDE (__start__ = 0x100000)
                0x0000000000100000                . = __start__

.text           0x0000000000100000    0x26e48
 *(.crt0)
 .crt0          0x0000000000100000       0x94 /opt/devkitpro/devkitARM/lib/gcc/arm-none-eabi/9.1.0/../../../../arm-none-eabi/lib/armv6k/fpu/3dsx_crt0.o
                0x0000000000100000                _start
                0x0000000000100008                __service_ptr
                0x000000000010000c                __apt_appid
                0x0000000000100010                __heap_size
                0x0000000000100014                __linear_heap_size
                0x0000000000100018                __system_arglist
                0x000000000010001c                __system_runflags
 *(.init)
 .init          0x0000000000100094        0xc /opt/devkitpro/devkitARM/lib/gcc/arm-none-eabi/9.1.0/armv6k/fpu/crti.o
                0x0000000000100094                _init
 .init          0x00000000001000a0        0xc /opt/devkitpro/devkitARM/lib/gcc/arm-none-eabi/9.1.0/armv6k/fpu/crtn.o
                0x00000000001000ac                . = ALIGN (0x4)
 *(.text)
 .text          0x00000000001000ac       0x64 /opt/devkitpro/libctru/lib/libctru.a(stack_adjust.o)
                0x00000000001000ac                initSystem
                0x00000000001000f0                __ctru_exit
 .text          0x0000000000100110      0x20c /opt/devkitpro/devkitARM/lib/gcc/arm-none-eabi/9.1.0/armv6k/fpu/libgcc.a(_udivsi3.o)
                0x0000000000100110                __udivsi3
                0x0000000000100110                __aeabi_uidiv
                0x00000000001002fc                __aeabi_uidivmod
 .text          0x000000000010031c      0x240 /opt/devkitpro/devkitARM/lib/gcc/arm-none-eabi/9.1.0/armv6k/fpu/libgcc.a(_divsi3.o)
                0x000000000010031c                __aeabi_idiv
                0x000000000010031c                __divsi3
                0x000000000010053c                __aeabi_idivmod
 .text          0x000000000010055c        0x4 /opt/devkitpro/devkitARM/lib/gcc/arm-none-eabi/9.1.0/armv6k/fpu/libgcc.a(_dvmd_tls.o)
                0x000000000010055c                __aeabi_ldiv0
                0x000000000010055c                __aeabi_idiv0
 .text          0x0000000000100560      0x3c0 /opt/devkitpro/devkitARM/lib/gcc/arm-none-eabi/9.1.0/armv6k/fpu/libgcc.a(_arm_addsubdf3.o)
                0x0000000000100560                __aeabi_drsub
                0x0000000000100568                __aeabi_dsub
                0x0000000000100568                __subdf3
                0x000000000010056c                __adddf3
                0x000000000010056c                __aeabi_dadd
                0x0000000000100818                __aeabi_ui2d
                0x0000000000100818                __floatunsidf
                0x000000000010083c                __floatsidf
                0x000000000010083c                __aeabi_i2d
                0x0000000000100864                __extendsfdf2
                0x0000000000100864                __aeabi_f2d
                0x00000000001008ac                __aeabi_ul2d
                0x00000000001008ac                __floatundidf
                0x00000000001008c0                __floatdidf
                0x00000000001008c0                __aeabi_l2d
 .text          0x0000000000100920       0x3c /opt/devkitpro/devkitARM/lib/gcc/arm-none-eabi/9.1.0/armv6k/fpu/libgcc.a(_aeabi_uldivmod.o)
                0x0000000000100920                __aeabi_uldivmod
 *fill*         0x000000000010095c        0x4 
 .text          0x0000000000100960      0x390 /opt/devkitpro/devkitARM/lib/gcc/arm-none-eabi/9.1.0/../../../../arm-none-eabi/lib/armv6k/fpu/libg.a(lib_a-strcmp.o)
                0x0000000000100968                strcmp
 *(.text.*)
 .text.deregister_tm_clones
                0x0000000000100cf0       0x2c /opt/devkitpro/devkitARM/lib/gcc/arm-none-eabi/9.1.0/armv6k/fpu/crtbegin.o
 .text.register_tm_clones
                0x0000000000100d1c       0x38 /opt/devkitpro/devkitARM/lib/gcc/arm-none-eabi/9.1.0/armv6k/fpu/crtbegin.o
 .text.__do_global_dtors_aux
                0x0000000000100d54       0x44 /opt/devkitpro/devkitARM/lib/gcc/arm-none-eabi/9.1.0/armv6k/fpu/crtbegin.o
 .text.frame_dummy
                0x0000000000100d98       0x34 /opt/devkitpro/devkitARM/lib/gcc/arm-none-eabi/9.1.0/armv6k/fpu/crtbegin.o
 .text.isaacStanding
                0x0000000000100dcc       0x50 main.o
 *fill*         0x0000000000100e1c        0x4 
 .text.startup.main
                0x0000000000100e20      0xc58 main.o
                0x0000000000100e20                main
 .text.C2D_Init
                0x0000000000101a78      0x330 /opt/devkitpro/libctru/lib/libcitro2d.a(base.o)
                0x0000000000101a78                C2D_Init
 .text.C2D_Fini
                0x0000000000101da8       0x44 /opt/devkitpro/libctru/lib/libcitro2d.a(base.o)
                0x0000000000101da8                C2D_Fini
 .text.C2D_Prepare
                0x0000000000101dec       0xc8 /opt/devkitpro/libctru/lib/libcitro2d.a(base.o)
                0x0000000000101dec                C2D_Prepare
 .text.C2D_SceneSize
                0x0000000000101eb4      0x10c /opt/devkitpro/libctru/lib/libcitro2d.a(base.o)
                0x0000000000101eb4                C2D_SceneSize
 .text.C2D_CreateScreenTarget
                0x0000000000101fc0       0x44 /opt/devkitpro/libctru/lib/libcitro2d.a(base.o)
                0x0000000000101fc0                C2D_CreateScreenTarget
 .text.C2Di_CalcQuad
                0x0000000000102004      0x13c /opt/devkitpro/libctru/lib/libcitro2d.a(base.o)
                0x0000000000102004                C2Di_CalcQuad
 .text.C2Di_FlushVtxBuf
                0x0000000000102140       0x30 /opt/devkitpro/libctru/lib/libcitro2d.a(base.o)
                0x0000000000102140                C2Di_FlushVtxBuf
 .text.C2Di_FrameEndHook
                0x0000000000102170       0x20 /opt/devkitpro/libctru/lib/libcitro2d.a(base.o)
 .text.C2D_Flush
                0x0000000000102190       0x18 /opt/devkitpro/libctru/lib/libcitro2d.a(base.o)
                0x0000000000102190                C2D_Flush
 .text.C2D_TargetClear
                0x00000000001021a8       0x30 /opt/devkitpro/libctru/lib/libcitro2d.a(base.o)
                0x00000000001021a8                C2D_TargetClear
 .text.C2Di_Update
                0x00000000001021d8      0x210 /opt/devkitpro/libctru/lib/libcitro2d.a(base.o)
                0x00000000001021d8                C2Di_Update
 .text.C2D_DrawImage
                0x00000000001023e8      0x2ec /opt/devkitpro/libctru/lib/libcitro2d.a(base.o)
                0x00000000001023e8                C2D_DrawImage
 .text.C2D_SpriteSheetLoadFromHandle
                0x00000000001026d4       0x6c /opt/devkitpro/libctru/lib/libcitro2d.a(spritesheet.o)
                0x00000000001026d4                C2D_SpriteSheetLoadFromHandle
 .text.C2D_SpriteSheetLoad
                0x0000000000102740       0x34 /opt/devkitpro/libctru/lib/libcitro2d.a(spritesheet.o)
                0x0000000000102740                C2D_SpriteSheetLoad
 .text.C2D_SpriteSheetFree
                0x0000000000102774       0x28 /opt/devkitpro/libctru/lib/libcitro2d.a(spritesheet.o)
                0x0000000000102774                C2D_SpriteSheetFree
 .text.C2D_SpriteSheetCount
                0x000000000010279c        0x8 /opt/devkitpro/libctru/lib/libcitro2d.a(spritesheet.o)
                0x000000000010279c                C2D_SpriteSheetCount
 .text.C2D_SpriteSheetGetImage
                0x00000000001027a4       0x28 /opt/devkitpro/libctru/lib/libcitro2d.a(spritesheet.o)
                0x00000000001027a4                C2D_SpriteSheetGetImage
 .text.C3Di_SplitFrame.part.1
                0x00000000001027cc       0xc4 /opt/devkitpro/libctru/lib/libcitro3d.a(base.o)
 .text.C3Di_LightEnvUpdate
                0x0000000000102890        0x4 /opt/devkitpro/libctru/lib/libcitro3d.a(base.o)
                0x0000000000102890                C3Di_LightEnvUpdate
 .text.C3Di_LightEnvDirty
                0x0000000000102894        0x4 /opt/devkitpro/libctru/lib/libcitro3d.a(base.o)
                0x0000000000102894                C3Di_LightEnvDirty
 .text.C3Di_AptEventHook
                0x0000000000102898       0xac /opt/devkitpro/libctru/lib/libcitro3d.a(base.o)
 .text.C3Di_GasUpdate
                0x0000000000102944        0x4 /opt/devkitpro/libctru/lib/libcitro3d.a(base.o)
                0x0000000000102944                C3Di_GasUpdate
 .text.C3D_Init
                0x0000000000102948      0x21c /opt/devkitpro/libctru/lib/libcitro3d.a(base.o)
                0x0000000000102948                C3D_Init
 .text.C3D_SetViewport
                0x0000000000102b64       0x98 /opt/devkitpro/libctru/lib/libcitro3d.a(base.o)
                0x0000000000102b64                C3D_SetViewport
 .text.C3Di_UpdateContext
                0x0000000000102bfc      0x50c /opt/devkitpro/libctru/lib/libcitro3d.a(base.o)
                0x0000000000102bfc                C3Di_UpdateContext
 .text.C3Di_SplitFrame
                0x0000000000103108       0x20 /opt/devkitpro/libctru/lib/libcitro3d.a(base.o)
                0x0000000000103108                C3Di_SplitFrame
 .text.C3D_GetCmdBufUsage
                0x0000000000103128       0x10 /opt/devkitpro/libctru/lib/libcitro3d.a(base.o)
                0x0000000000103128                C3D_GetCmdBufUsage
 .text.C3D_Fini
                0x0000000000103138       0x64 /opt/devkitpro/libctru/lib/libcitro3d.a(base.o)
                0x0000000000103138                C3D_Fini
 .text.C3D_BindProgram
                0x000000000010319c      0x114 /opt/devkitpro/libctru/lib/libcitro3d.a(base.o)
                0x000000000010319c                C3D_BindProgram
 .text.C3Di_RenderQueueInit
                0x00000000001032b0       0x54 /opt/devkitpro/libctru/lib/libcitro3d.a(renderqueue.o)
 .text.C3Di_RenderTargetDestroy
                0x0000000000103304       0x80 /opt/devkitpro/libctru/lib/libcitro3d.a(renderqueue.o)
 .text.onVBlank1
                0x0000000000103384       0xac /opt/devkitpro/libctru/lib/libcitro3d.a(renderqueue.o)
 .text.onVBlank0
                0x0000000000103430      0x13c /opt/devkitpro/libctru/lib/libcitro3d.a(renderqueue.o)
 .text.C3Di_RenderTargetNew
                0x000000000010356c        0xc /opt/devkitpro/libctru/lib/libcitro3d.a(renderqueue.o)
 .text.C3Di_WaitAndClearQueue
                0x0000000000103578       0x7c /opt/devkitpro/libctru/lib/libcitro3d.a(renderqueue.o)
 .text.onQueueFinish
                0x00000000001035f4       0xc0 /opt/devkitpro/libctru/lib/libcitro3d.a(renderqueue.o)
 .text.C3D_FrameSplit.part.6
                0x00000000001036b4       0x44 /opt/devkitpro/libctru/lib/libcitro3d.a(renderqueue.o)
 .text.C3D_FrameSync
                0x00000000001036f8       0x30 /opt/devkitpro/libctru/lib/libcitro3d.a(renderqueue.o)
                0x00000000001036f8                C3D_FrameSync
 .text.C3Di_RenderQueueExit
                0x0000000000103728       0xa0 /opt/devkitpro/libctru/lib/libcitro3d.a(renderqueue.o)
                0x0000000000103728                C3Di_RenderQueueExit
 .text.C3Di_RenderQueueWaitDone
                0x00000000001037c8       0x20 /opt/devkitpro/libctru/lib/libcitro3d.a(renderqueue.o)
                0x00000000001037c8                C3Di_RenderQueueWaitDone
 .text.C3D_FrameBegin
                0x00000000001037e8       0x7c /opt/devkitpro/libctru/lib/libcitro3d.a(renderqueue.o)
                0x00000000001037e8                C3D_FrameBegin
 .text.C3D_FrameDrawOn
                0x0000000000103864       0x48 /opt/devkitpro/libctru/lib/libcitro3d.a(renderqueue.o)
                0x0000000000103864                C3D_FrameDrawOn
 .text.C3D_FrameSplit
                0x00000000001038ac       0x18 /opt/devkitpro/libctru/lib/libcitro3d.a(renderqueue.o)
                0x00000000001038ac                C3D_FrameSplit
 .text.C3D_FrameEnd
                0x00000000001038c4      0x164 /opt/devkitpro/libctru/lib/libcitro3d.a(renderqueue.o)
                0x00000000001038c4                C3D_FrameEnd
 .text.C3D_FrameEndHook
                0x0000000000103a28       0x1c /opt/devkitpro/libctru/lib/libcitro3d.a(renderqueue.o)
                0x0000000000103a28                C3D_FrameEndHook
 .text.C3D_GetDrawingTime
                0x0000000000103a44       0x18 /opt/devkitpro/libctru/lib/libcitro3d.a(renderqueue.o)
                0x0000000000103a44                C3D_GetDrawingTime
 .text.C3D_GetProcessingTime
                0x0000000000103a5c       0x18 /opt/devkitpro/libctru/lib/libcitro3d.a(renderqueue.o)
                0x0000000000103a5c                C3D_GetProcessingTime
 .text.C3D_RenderTargetCreate
                0x0000000000103a74      0x17c /opt/devkitpro/libctru/lib/libcitro3d.a(renderqueue.o)
                0x0000000000103a74                C3D_RenderTargetCreate
 .text.C3D_RenderTargetSetOutput
                0x0000000000103bf0       0x4c /opt/devkitpro/libctru/lib/libcitro3d.a(renderqueue.o)
                0x0000000000103bf0                C3D_RenderTargetSetOutput
 .text.C3D_SyncTextureCopy
                0x0000000000103c3c       0xb4 /opt/devkitpro/libctru/lib/libcitro3d.a(renderqueue.o)
                0x0000000000103c3c                C3D_SyncTextureCopy
 .text.C3D_TexInitWithParams
                0x0000000000103cf0      0x284 /opt/devkitpro/libctru/lib/libcitro3d.a(texture.o)
                0x0000000000103cf0                C3D_TexInitWithParams
 .text.C3D_TexLoadImage
                0x0000000000103f74       0xdc /opt/devkitpro/libctru/lib/libcitro3d.a(texture.o)
                0x0000000000103f74                C3D_TexLoadImage
 .text.C3D_TexBind
                0x0000000000104050       0x48 /opt/devkitpro/libctru/lib/libcitro3d.a(texture.o)
                0x0000000000104050                C3D_TexBind
 .text.C3D_TexDelete
                0x0000000000104098       0x7c /opt/devkitpro/libctru/lib/libcitro3d.a(texture.o)
                0x0000000000104098                C3D_TexDelete
 .text.C3Di_SetTex
                0x0000000000104114      0x174 /opt/devkitpro/libctru/lib/libcitro3d.a(texture.o)
                0x0000000000104114                C3Di_SetTex
 .text.Tex3DSi_ImportCommon
                0x0000000000104288      0x3e8 /opt/devkitpro/libctru/lib/libcitro3d.a(tex3ds.o)
 .text.Tex3DS_TextureImportStdio
                0x0000000000104670       0x34 /opt/devkitpro/libctru/lib/libcitro3d.a(tex3ds.o)
                0x0000000000104670                Tex3DS_TextureImportStdio
 .text.Tex3DS_GetNumSubTextures
                0x00000000001046a4        0x8 /opt/devkitpro/libctru/lib/libcitro3d.a(tex3ds.o)
                0x00000000001046a4                Tex3DS_GetNumSubTextures
 .text.Tex3DS_GetSubTexture
                0x00000000001046ac       0x1c /opt/devkitpro/libctru/lib/libcitro3d.a(tex3ds.o)
                0x00000000001046ac                Tex3DS_GetSubTexture
 .text.Tex3DS_TextureFree
                0x00000000001046c8        0x4 /opt/devkitpro/libctru/lib/libcitro3d.a(tex3ds.o)
                0x00000000001046c8                Tex3DS_TextureFree
 .text.C3D_CalcColorBufSize
                0x00000000001046cc       0x1c /opt/devkitpro/libctru/lib/libcitro3d.a(framebuffer.o)
                0x00000000001046cc                C3D_CalcColorBufSize
 .text.C3D_CalcDepthBufSize
                0x00000000001046e8       0x1c /opt/devkitpro/libctru/lib/libcitro3d.a(framebuffer.o)
                0x00000000001046e8                C3D_CalcDepthBufSize
 .text.C3D_SetFrameBuf
                0x0000000000104704       0x44 /opt/devkitpro/libctru/lib/libcitro3d.a(framebuffer.o)
                0x0000000000104704                C3D_SetFrameBuf
 .text.C3Di_FrameBufBind
                0x0000000000104748      0x168 /opt/devkitpro/libctru/lib/libcitro3d.a(framebuffer.o)
                0x0000000000104748                C3Di_FrameBufBind
 .text.C3D_FrameBufClear
                0x00000000001048b0       0xc8 /opt/devkitpro/libctru/lib/libcitro3d.a(framebuffer.o)
                0x00000000001048b0                C3D_FrameBufClear
 .text.C3D_FrameBufTransfer
                0x0000000000104978       0x48 /opt/devkitpro/libctru/lib/libcitro3d.a(framebuffer.o)
                0x0000000000104978                C3D_FrameBufTransfer
 .text.C3D_GetTexEnv
                0x00000000001049c0       0x34 /opt/devkitpro/libctru/lib/libcitro3d.a(texenv.o)
                0x00000000001049c0                C3D_GetTexEnv
 .text.C3Di_TexEnvBind
                0x00000000001049f4       0x24 /opt/devkitpro/libctru/lib/libcitro3d.a(texenv.o)
                0x00000000001049f4                C3Di_TexEnvBind
 .text.C3D_ProcTexInit
                0x0000000000104a18       0x6c /opt/devkitpro/libctru/lib/libcitro3d.a(proctex.o)
                0x0000000000104a18                C3D_ProcTexInit
 .text.C3D_ProcTexBind
                0x0000000000104a84       0x50 /opt/devkitpro/libctru/lib/libcitro3d.a(proctex.o)
                0x0000000000104a84                C3D_ProcTexBind
 .text.C3D_ProcTexLutBind
                0x0000000000104ad4       0x60 /opt/devkitpro/libctru/lib/libcitro3d.a(proctex.o)
                0x0000000000104ad4                C3D_ProcTexLutBind
 .text.ProcTexLut_FromArray
                0x0000000000104b34       0xa4 /opt/devkitpro/libctru/lib/libcitro3d.a(proctex.o)
                0x0000000000104b34                ProcTexLut_FromArray
 .text.C3Di_ProcTexUpdate
                0x0000000000104bd8      0x174 /opt/devkitpro/libctru/lib/libcitro3d.a(proctex.o)
                0x0000000000104bd8                C3Di_ProcTexUpdate
 .text.C3Di_ProcTexDirty
                0x0000000000104d4c       0x68 /opt/devkitpro/libctru/lib/libcitro3d.a(proctex.o)
                0x0000000000104d4c                C3Di_ProcTexDirty
 .text.BufInfo_Init
                0x0000000000104db4       0x24 /opt/devkitpro/libctru/lib/libcitro3d.a(buffers.o)
                0x0000000000104db4                BufInfo_Init
 .text.BufInfo_Add
                0x0000000000104dd8       0x84 /opt/devkitpro/libctru/lib/libcitro3d.a(buffers.o)
                0x0000000000104dd8                BufInfo_Add
 .text.C3D_SetBufInfo
                0x0000000000104e5c       0x40 /opt/devkitpro/libctru/lib/libcitro3d.a(buffers.o)
                0x0000000000104e5c                C3D_SetBufInfo
 .text.C3Di_BufInfoBind
                0x0000000000104e9c       0x48 /opt/devkitpro/libctru/lib/libcitro3d.a(buffers.o)
                0x0000000000104e9c                C3Di_BufInfoBind
 .text.C3D_DrawArrays
                0x0000000000104ee4      0x148 /opt/devkitpro/libctru/lib/libcitro3d.a(drawArrays.o)
                0x0000000000104ee4                C3D_DrawArrays
 .text.C3D_DepthMap
                0x000000000010502c       0x40 /opt/devkitpro/libctru/lib/libcitro3d.a(effect.o)
                0x000000000010502c                C3D_DepthMap
 .text.C3D_CullFace
                0x000000000010506c       0x1c /opt/devkitpro/libctru/lib/libcitro3d.a(effect.o)
                0x000000000010506c                C3D_CullFace
 .text.C3D_StencilTest
                0x0000000000105088       0x40 /opt/devkitpro/libctru/lib/libcitro3d.a(effect.o)
                0x0000000000105088                C3D_StencilTest
 .text.C3D_StencilOp
                0x00000000001050c8       0x24 /opt/devkitpro/libctru/lib/libcitro3d.a(effect.o)
                0x00000000001050c8                C3D_StencilOp
 .text.C3D_BlendingColor
                0x00000000001050ec       0x1c /opt/devkitpro/libctru/lib/libcitro3d.a(effect.o)
                0x00000000001050ec                C3D_BlendingColor
 .text.C3D_EarlyDepthTest
                0x0000000000105108       0x24 /opt/devkitpro/libctru/lib/libcitro3d.a(effect.o)
                0x0000000000105108                C3D_EarlyDepthTest
 .text.C3D_DepthTest
                0x000000000010512c       0x2c /opt/devkitpro/libctru/lib/libcitro3d.a(effect.o)
                0x000000000010512c                C3D_DepthTest
 .text.C3D_AlphaTest
                0x0000000000105158       0x2c /opt/devkitpro/libctru/lib/libcitro3d.a(effect.o)
                0x0000000000105158                C3D_AlphaTest
 .text.C3D_AlphaBlend
                0x0000000000105184       0x50 /opt/devkitpro/libctru/lib/libcitro3d.a(effect.o)
                0x0000000000105184                C3D_AlphaBlend
 .text.C3D_FragOpMode
                0x00000000001051d4       0x30 /opt/devkitpro/libctru/lib/libcitro3d.a(effect.o)
                0x00000000001051d4                C3D_FragOpMode
 .text.C3D_FragOpShadow
                0x0000000000105204       0x44 /opt/devkitpro/libctru/lib/libcitro3d.a(effect.o)
                0x0000000000105204                C3D_FragOpShadow
 .text.C3Di_EffectBind
                0x0000000000105248      0x1ac /opt/devkitpro/libctru/lib/libcitro3d.a(effect.o)
                0x0000000000105248                C3Di_EffectBind
 .text.AttrInfo_Init
                0x00000000001053f4       0x28 /opt/devkitpro/libctru/lib/libcitro3d.a(attribs.o)
                0x00000000001053f4                AttrInfo_Init
 .text.AttrInfo_AddLoader
                0x000000000010541c       0xa0 /opt/devkitpro/libctru/lib/libcitro3d.a(attribs.o)
                0x000000000010541c                AttrInfo_AddLoader
 .text.C3D_SetAttrInfo
                0x00000000001054bc       0x54 /opt/devkitpro/libctru/lib/libcitro3d.a(attribs.o)
                0x00000000001054bc                C3D_SetAttrInfo
 .text.C3Di_AttrInfoBind
                0x0000000000105510       0x80 /opt/devkitpro/libctru/lib/libcitro3d.a(attribs.o)
                0x0000000000105510                C3Di_AttrInfoBind
 .text.C3D_ImmSendAttrib
                0x0000000000105590       0xa4 /opt/devkitpro/libctru/lib/libcitro3d.a(immediate.o)
                0x0000000000105590                C3D_ImmSendAttrib
 .text.C3D_UpdateUniforms
                0x0000000000105634      0x2b8 /opt/devkitpro/libctru/lib/libcitro3d.a(uniforms.o)
                0x0000000000105634                C3D_UpdateUniforms
 .text.C3Di_DirtyUniforms
                0x00000000001058ec       0xc0 /opt/devkitpro/libctru/lib/libcitro3d.a(uniforms.o)
                0x00000000001058ec                C3Di_DirtyUniforms
 .text.C3Di_LoadShaderUniforms
                0x00000000001059ac       0xe0 /opt/devkitpro/libctru/lib/libcitro3d.a(uniforms.o)
                0x00000000001059ac                C3Di_LoadShaderUniforms
 .text.C3Di_ClearShaderUniforms
                0x0000000000105a8c       0x28 /opt/devkitpro/libctru/lib/libcitro3d.a(uniforms.o)
                0x0000000000105a8c                C3Di_ClearShaderUniforms
 .text.Mtx_Ortho
                0x0000000000105ab4       0xcc /opt/devkitpro/libctru/lib/libcitro3d.a(mtx_ortho.o)
                0x0000000000105ab4                Mtx_Ortho
 .text.Mtx_OrthoTilt
                0x0000000000105b80       0xcc /opt/devkitpro/libctru/lib/libcitro3d.a(mtx_orthotilt.o)
                0x0000000000105b80                Mtx_OrthoTilt
 .text._ZL21addrMapNodeComparatorPK11rbtree_nodeS1_
                0x0000000000105c4c       0x24 /opt/devkitpro/libctru/lib/libctru.a(vram.o)
 .text._ZL21addrMapNodeDestructorP11rbtree_node
                0x0000000000105c70        0x4 /opt/devkitpro/libctru/lib/libctru.a(vram.o)
 .text.vramMemAlign
                0x0000000000105c74      0x114 /opt/devkitpro/libctru/lib/libctru.a(vram.o)
                0x0000000000105c74                vramMemAlign
 .text.vramAlloc
                0x0000000000105d88        0x8 /opt/devkitpro/libctru/lib/libctru.a(vram.o)
                0x0000000000105d88                vramAlloc
 .text.vramFree
                0x0000000000105d90       0x54 /opt/devkitpro/libctru/lib/libctru.a(vram.o)
                0x0000000000105d90                vramFree
 .text._ZL21addrMapNodeComparatorPK11rbtree_nodeS1_
                0x0000000000105de4       0x24 /opt/devkitpro/libctru/lib/libctru.a(linear.o)
 .text._ZL21addrMapNodeDestructorP11rbtree_node
                0x0000000000105e08        0x4 /opt/devkitpro/libctru/lib/libctru.a(linear.o)
 .text.linearMemAlign
                0x0000000000105e0c      0x124 /opt/devkitpro/libctru/lib/libctru.a(linear.o)
                0x0000000000105e0c                linearMemAlign
 .text.linearAlloc
                0x0000000000105f30        0x8 /opt/devkitpro/libctru/lib/libctru.a(linear.o)
                0x0000000000105f30                linearAlloc
 .text.linearFree
                0x0000000000105f38       0x54 /opt/devkitpro/libctru/lib/libctru.a(linear.o)
                0x0000000000105f38                linearFree
 .text._ZN7MemPool13CoalesceRightEP8MemBlock
                0x0000000000105f8c       0x8c /opt/devkitpro/libctru/lib/libctru.a(mem_pool.o)
                0x0000000000105f8c                MemPool::CoalesceRight(MemBlock*)
 .text._ZN7MemPool8AllocateER8MemChunkmi
                0x0000000000106018      0x174 /opt/devkitpro/libctru/lib/libctru.a(mem_pool.o)
                0x0000000000106018                MemPool::Allocate(MemChunk&, unsigned long, int)
 .text._ZN7MemPool10DeallocateERK8MemChunk
                0x000000000010618c       0xfc /opt/devkitpro/libctru/lib/libctru.a(mem_pool.o)
                0x000000000010618c                MemPool::Deallocate(MemChunk const&)
 .text.romfs_close
                0x0000000000106288        0x8 /opt/devkitpro/libctru/lib/libctru.a(romfs_dev.o)
 .text.romfs_seek
                0x0000000000106290       0xd4 /opt/devkitpro/libctru/lib/libctru.a(romfs_dev.o)
 .text.romfs_dirreset
                0x0000000000106364       0x24 /opt/devkitpro/libctru/lib/libctru.a(romfs_dev.o)
 .text.romfs_fstat
                0x0000000000106388       0x78 /opt/devkitpro/libctru/lib/libctru.a(romfs_dev.o)
 .text._romfs_read_chk
                0x0000000000106400       0x54 /opt/devkitpro/libctru/lib/libctru.a(romfs_dev.o)
 .text.romfs_read
                0x0000000000106454       0xcc /opt/devkitpro/libctru/lib/libctru.a(romfs_dev.o)
 .text.romfs_free
                0x0000000000106520       0x7c /opt/devkitpro/libctru/lib/libctru.a(romfs_dev.o)
 .text.romfsMountCommon
                0x000000000010659c      0x16c /opt/devkitpro/libctru/lib/libctru.a(romfs_dev.o)
 .text.romfs_dirnext
                0x0000000000106708      0x254 /opt/devkitpro/libctru/lib/libctru.a(romfs_dev.o)
 .text.romfsInitMtime.isra.0
                0x000000000010695c       0xbc /opt/devkitpro/libctru/lib/libctru.a(romfs_dev.o)
 .text.searchForFile.constprop.0
                0x0000000000106a18       0xb4 /opt/devkitpro/libctru/lib/libctru.a(romfs_dev.o)
 .text.searchForDir.constprop.0
                0x0000000000106acc       0xb8 /opt/devkitpro/libctru/lib/libctru.a(romfs_dev.o)
 .text.navigateToDir.constprop.0
                0x0000000000106b84      0x1c4 /opt/devkitpro/libctru/lib/libctru.a(romfs_dev.o)
 .text.romfs_open
                0x0000000000106d48      0x11c /opt/devkitpro/libctru/lib/libctru.a(romfs_dev.o)
 .text.romfs_stat
                0x0000000000106e64      0x204 /opt/devkitpro/libctru/lib/libctru.a(romfs_dev.o)
 .text.romfs_chdir
                0x0000000000107068       0x54 /opt/devkitpro/libctru/lib/libctru.a(romfs_dev.o)
 .text.romfs_diropen
                0x00000000001070bc       0x78 /opt/devkitpro/libctru/lib/libctru.a(romfs_dev.o)
 .text.romfs_dirclose
                0x0000000000107134        0x8 /opt/devkitpro/libctru/lib/libctru.a(romfs_dev.o)
 .text.romfsMount
                0x000000000010713c      0x344 /opt/devkitpro/libctru/lib/libctru.a(romfs_dev.o)
                0x000000000010713c                romfsMount
 .text.romfsUnmount
                0x0000000000107480       0x78 /opt/devkitpro/libctru/lib/libctru.a(romfs_dev.o)
                0x0000000000107480                romfsUnmount
 .text.getSysTime
                0x00000000001074f8       0x58 /opt/devkitpro/libctru/lib/libctru.a(os.o)
 .text.__ctru_speedup_config.part.0
                0x0000000000107550       0x28 /opt/devkitpro/libctru/lib/libctru.a(os.o)
 .text.osConvertVirtToPhys
                0x0000000000107578       0x4c /opt/devkitpro/libctru/lib/libctru.a(os.o)
                0x0000000000107578                osConvertVirtToPhys
 .text.osGetMemRegionUsed
                0x00000000001075c4       0x24 /opt/devkitpro/libctru/lib/libctru.a(os.o)
                0x00000000001075c4                osGetMemRegionUsed
 .text.__libctru_gtod
                0x00000000001075e8      0x128 /opt/devkitpro/libctru/lib/libctru.a(os.o)
                0x00000000001075e8                __libctru_gtod
 .text.osTickCounterRead
                0x0000000000107710       0x38 /opt/devkitpro/libctru/lib/libctru.a(os.o)
                0x0000000000107710                osTickCounterRead
 .text.__ctru_speedup_config
                0x0000000000107748       0x18 /opt/devkitpro/libctru/lib/libctru.a(os.o)
                0x0000000000107748                __ctru_speedup_config
 .text.consoleDrawChar
                0x0000000000107760      0x1b8 /opt/devkitpro/libctru/lib/libctru.a(console.o)
                0x0000000000107760                consoleDrawChar
 .text.consolePrintChar
                0x0000000000107918      0x124 /opt/devkitpro/libctru/lib/libctru.a(console.o)
                0x0000000000107918                consolePrintChar
 .text.consoleCls
                0x0000000000107a3c      0x15c /opt/devkitpro/libctru/lib/libctru.a(console.o)
 .text.consoleInit
                0x0000000000107b98      0x104 /opt/devkitpro/libctru/lib/libctru.a(console.o)
                0x0000000000107b98                consoleInit
 .text.consoleClearLine
                0x0000000000107c9c      0x10c /opt/devkitpro/libctru/lib/libctru.a(console.o)
 .text.newRow   0x0000000000107da8       0xc4 /opt/devkitpro/libctru/lib/libctru.a(console.o)
 .text.con_write
                0x0000000000107e6c      0x7cc /opt/devkitpro/libctru/lib/libctru.a(console.o)
                0x0000000000107e6c                con_write
 .text.gfxSetFramebufferInfo.part.0
                0x0000000000108638       0x8c /opt/devkitpro/libctru/lib/libctru.a(gfx.o)
 .text.gfxSetFramebufferInfo
                0x00000000001086c4       0x6c /opt/devkitpro/libctru/lib/libctru.a(gfx.o)
 .text.gfxGetFramebuffer.part.0
                0x0000000000108730       0x58 /opt/devkitpro/libctru/lib/libctru.a(gfx.o)
 .text.gfxIs3D  0x0000000000108788       0x10 /opt/devkitpro/libctru/lib/libctru.a(gfx.o)
                0x0000000000108788                gfxIs3D
 .text.__get_bytes_per_pixel
                0x0000000000108798       0x18 /opt/devkitpro/libctru/lib/libctru.a(gfx.o)
                0x0000000000108798                __get_bytes_per_pixel
 .text.gfxSetScreenFormat
                0x00000000001087b0      0x184 /opt/devkitpro/libctru/lib/libctru.a(gfx.o)
                0x00000000001087b0                gfxSetScreenFormat
 .text.gfxSetDoubleBuffering
                0x0000000000108934       0x10 /opt/devkitpro/libctru/lib/libctru.a(gfx.o)
                0x0000000000108934                gfxSetDoubleBuffering
 .text.gfxInit  0x0000000000108944      0x214 /opt/devkitpro/libctru/lib/libctru.a(gfx.o)
                0x0000000000108944                gfxInit
 .text.gfxInitDefault
                0x0000000000108b58       0x10 /opt/devkitpro/libctru/lib/libctru.a(gfx.o)
                0x0000000000108b58                gfxInitDefault
 .text.gfxExit  0x0000000000108b68       0xe0 /opt/devkitpro/libctru/lib/libctru.a(gfx.o)
                0x0000000000108b68                gfxExit
 .text.gfxGetFramebuffer
                0x0000000000108c48       0x64 /opt/devkitpro/libctru/lib/libctru.a(gfx.o)
                0x0000000000108c48                gfxGetFramebuffer
 .text.gfxFlushBuffers
                0x0000000000108cac       0xcc /opt/devkitpro/libctru/lib/libctru.a(gfx.o)
                0x0000000000108cac                gfxFlushBuffers
 .text.gfxConfigScreen
                0x0000000000108d78       0xf4 /opt/devkitpro/libctru/lib/libctru.a(gfx.o)
                0x0000000000108d78                gfxConfigScreen
 .text.gfxSwapBuffersGpu
                0x0000000000108e6c       0x20 /opt/devkitpro/libctru/lib/libctru.a(gfx.o)
                0x0000000000108e6c                gfxSwapBuffersGpu
 .text.shaderInstanceInit
                0x0000000000108e8c      0x1f0 /opt/devkitpro/libctru/lib/libctru.a(shaderProgram.o)
                0x0000000000108e8c                shaderInstanceInit
 .text.shaderInstanceFree
                0x000000000010907c       0x34 /opt/devkitpro/libctru/lib/libctru.a(shaderProgram.o)
                0x000000000010907c                shaderInstanceFree
 .text.shaderInstanceGetUniformLocation
                0x00000000001090b0       0x18 /opt/devkitpro/libctru/lib/libctru.a(shaderProgram.o)
                0x00000000001090b0                shaderInstanceGetUniformLocation
 .text.shaderProgramInit
                0x00000000001090c8       0x18 /opt/devkitpro/libctru/lib/libctru.a(shaderProgram.o)
                0x00000000001090c8                shaderProgramInit
 .text.shaderProgramFree
                0x00000000001090e0       0x2c /opt/devkitpro/libctru/lib/libctru.a(shaderProgram.o)
                0x00000000001090e0                shaderProgramFree
 .text.shaderProgramSetVsh
                0x000000000010910c       0x6c /opt/devkitpro/libctru/lib/libctru.a(shaderProgram.o)
                0x000000000010910c                shaderProgramSetVsh
 .text.shaderProgramConfigure
                0x0000000000109178      0x8b4 /opt/devkitpro/libctru/lib/libctru.a(shaderProgram.o)
                0x0000000000109178                shaderProgramConfigure
 .text.DVLE_GenerateOutmap.part.0
                0x0000000000109a2c      0x1f8 /opt/devkitpro/libctru/lib/libctru.a(shbin.o)
 .text.DVLB_ParseFile
                0x0000000000109c24      0x1c8 /opt/devkitpro/libctru/lib/libctru.a(shbin.o)
                0x0000000000109c24                DVLB_ParseFile
 .text.DVLB_Free
                0x0000000000109dec       0x38 /opt/devkitpro/libctru/lib/libctru.a(shbin.o)
                0x0000000000109dec                DVLB_Free
 .text.DVLE_GetUniformRegister
                0x0000000000109e24       0x78 /opt/devkitpro/libctru/lib/libctru.a(shbin.o)
                0x0000000000109e24                DVLE_GetUniformRegister
 .text.submitGxCommand
                0x0000000000109e9c       0x38 /opt/devkitpro/libctru/lib/libctru.a(gx.o)
 .text.GX_BindQueue
                0x0000000000109ed4       0x10 /opt/devkitpro/libctru/lib/libctru.a(gx.o)
                0x0000000000109ed4                GX_BindQueue
 .text.GX_ProcessCommandList
                0x0000000000109ee4       0x50 /opt/devkitpro/libctru/lib/libctru.a(gx.o)
                0x0000000000109ee4                GX_ProcessCommandList
 .text.GX_MemoryFill
                0x0000000000109f34       0x54 /opt/devkitpro/libctru/lib/libctru.a(gx.o)
                0x0000000000109f34                GX_MemoryFill
 .text.GX_DisplayTransfer
                0x0000000000109f88       0x48 /opt/devkitpro/libctru/lib/libctru.a(gx.o)
                0x0000000000109f88                GX_DisplayTransfer
 .text.GX_TextureCopy
                0x0000000000109fd0       0x4c /opt/devkitpro/libctru/lib/libctru.a(gx.o)
                0x0000000000109fd0                GX_TextureCopy
 .text.gxCmdQueueDoCommands.part.0
                0x000000000010a01c       0x74 /opt/devkitpro/libctru/lib/libctru.a(gxqueue.o)
 .text.gxCmdQueueInterrupt
                0x000000000010a090       0xc8 /opt/devkitpro/libctru/lib/libctru.a(gxqueue.o)
                0x000000000010a090                gxCmdQueueInterrupt
 .text.gxCmdQueueClear
                0x000000000010a158       0x4c /opt/devkitpro/libctru/lib/libctru.a(gxqueue.o)
                0x000000000010a158                gxCmdQueueClear
 .text.gxCmdQueueAdd
                0x000000000010a1a4       0xf8 /opt/devkitpro/libctru/lib/libctru.a(gxqueue.o)
                0x000000000010a1a4                gxCmdQueueAdd
 .text.gxCmdQueueRun
                0x000000000010a29c       0x80 /opt/devkitpro/libctru/lib/libctru.a(gxqueue.o)
                0x000000000010a29c                gxCmdQueueRun
 .text.gxCmdQueueStop
                0x000000000010a31c       0x60 /opt/devkitpro/libctru/lib/libctru.a(gxqueue.o)
                0x000000000010a31c                gxCmdQueueStop
 .text.gxCmdQueueWait
                0x000000000010a37c       0x84 /opt/devkitpro/libctru/lib/libctru.a(gxqueue.o)
                0x000000000010a37c                gxCmdQueueWait
 .text.GPUCMD_Add
                0x000000000010a400      0x13c /opt/devkitpro/libctru/lib/libctru.a(gpu.o)
                0x000000000010a400                GPUCMD_Add
 .text.GPUCMD_Split
                0x000000000010a53c       0xb0 /opt/devkitpro/libctru/lib/libctru.a(gpu.o)
                0x000000000010a53c                GPUCMD_Split
 .text.f32tof16
                0x000000000010a5ec       0x40 /opt/devkitpro/libctru/lib/libctru.a(gpu.o)
                0x000000000010a5ec                f32tof16
 .text.f32tof24
                0x000000000010a62c       0x40 /opt/devkitpro/libctru/lib/libctru.a(gpu.o)
                0x000000000010a62c                f32tof24
 .text.f32tof31
                0x000000000010a66c       0x44 /opt/devkitpro/libctru/lib/libctru.a(gpu.o)
                0x000000000010a66c                f32tof31
 .text.gspInit  0x000000000010a6b0       0x74 /opt/devkitpro/libctru/lib/libctru.a(gspgpu.o)
                0x000000000010a6b0                gspInit
 .text.gspExit  0x000000000010a724       0x3c /opt/devkitpro/libctru/lib/libctru.a(gspgpu.o)
                0x000000000010a724                gspExit
 .text.gspSetEventCallback
                0x000000000010a760       0x34 /opt/devkitpro/libctru/lib/libctru.a(gspgpu.o)
                0x000000000010a760                gspSetEventCallback
 .text.gspInitEventHandler
                0x000000000010a794       0xa4 /opt/devkitpro/libctru/lib/libctru.a(gspgpu.o)
                0x000000000010a794                gspInitEventHandler
 .text.gspExitEventHandler
                0x000000000010a838       0x40 /opt/devkitpro/libctru/lib/libctru.a(gspgpu.o)
                0x000000000010a838                gspExitEventHandler
 .text.gspWaitForEvent
                0x000000000010a878       0x50 /opt/devkitpro/libctru/lib/libctru.a(gspgpu.o)
                0x000000000010a878                gspWaitForEvent
 .text.gspWaitForAnyEvent
                0x000000000010a8c8       0x64 /opt/devkitpro/libctru/lib/libctru.a(gspgpu.o)
                0x000000000010a8c8                gspWaitForAnyEvent
 .text.gspEventThreadMain
                0x000000000010a92c      0x178 /opt/devkitpro/libctru/lib/libctru.a(gspgpu.o)
 .text.gspSubmitGxCommand
                0x000000000010aaa4      0x124 /opt/devkitpro/libctru/lib/libctru.a(gspgpu.o)
                0x000000000010aaa4                gspSubmitGxCommand
 .text.GSPGPU_SetBufferSwap
                0x000000000010abc8       0x6c /opt/devkitpro/libctru/lib/libctru.a(gspgpu.o)
                0x000000000010abc8                GSPGPU_SetBufferSwap
 .text.GSPGPU_FlushDataCache
                0x000000000010ac34       0x4c /opt/devkitpro/libctru/lib/libctru.a(gspgpu.o)
                0x000000000010ac34                GSPGPU_FlushDataCache
 .text.GSPGPU_SetLcdForceBlack
                0x000000000010ac80       0x34 /opt/devkitpro/libctru/lib/libctru.a(gspgpu.o)
                0x000000000010ac80                GSPGPU_SetLcdForceBlack
 .text.GSPGPU_RegisterInterruptRelayQueue
                0x000000000010acb4       0x64 /opt/devkitpro/libctru/lib/libctru.a(gspgpu.o)
                0x000000000010acb4                GSPGPU_RegisterInterruptRelayQueue
 .text.GSPGPU_UnregisterInterruptRelayQueue
                0x000000000010ad18       0x2c /opt/devkitpro/libctru/lib/libctru.a(gspgpu.o)
                0x000000000010ad18                GSPGPU_UnregisterInterruptRelayQueue
 .text.GSPGPU_AcquireRight
                0x000000000010ad44       0x48 /opt/devkitpro/libctru/lib/libctru.a(gspgpu.o)
                0x000000000010ad44                GSPGPU_AcquireRight
 .text.GSPGPU_ReleaseRight
                0x000000000010ad8c       0x2c /opt/devkitpro/libctru/lib/libctru.a(gspgpu.o)
                0x000000000010ad8c                GSPGPU_ReleaseRight
 .text.GSPGPU_ImportDisplayCaptureInfo
                0x000000000010adb8       0x80 /opt/devkitpro/libctru/lib/libctru.a(gspgpu.o)
                0x000000000010adb8                GSPGPU_ImportDisplayCaptureInfo
 .text.GSPGPU_SaveVramSysArea
                0x000000000010ae38       0x2c /opt/devkitpro/libctru/lib/libctru.a(gspgpu.o)
                0x000000000010ae38                GSPGPU_SaveVramSysArea
 .text.GSPGPU_RestoreVramSysArea
                0x000000000010ae64       0x2c /opt/devkitpro/libctru/lib/libctru.a(gspgpu.o)
                0x000000000010ae64                GSPGPU_RestoreVramSysArea
 .text._aptDebug
                0x000000000010ae90        0x4 /opt/devkitpro/libctru/lib/libctru.a(apt.o)
                0x000000000010ae90                _aptDebug
 .text.aptSendCommand
                0x000000000010ae94      0x170 /opt/devkitpro/libctru/lib/libctru.a(apt.o)
                0x000000000010ae94                aptSendCommand
 .text.aptExitProcess
                0x000000000010b004       0x3c /opt/devkitpro/libctru/lib/libctru.a(apt.o)
 .text.aptHook  0x000000000010b040       0x30 /opt/devkitpro/libctru/lib/libctru.a(apt.o)
                0x000000000010b040                aptHook
 .text.aptUnhook
                0x000000000010b070       0x30 /opt/devkitpro/libctru/lib/libctru.a(apt.o)
                0x000000000010b070                aptUnhook
 .text.APT_InquireNotification
                0x000000000010b0a0       0x50 /opt/devkitpro/libctru/lib/libctru.a(apt.o)
                0x000000000010b0a0                APT_InquireNotification
 .text.aptEventHandler
                0x000000000010b0f0      0x194 /opt/devkitpro/libctru/lib/libctru.a(apt.o)
 .text.APT_AppletUtility
                0x000000000010b284       0x74 /opt/devkitpro/libctru/lib/libctru.a(apt.o)
                0x000000000010b284                APT_AppletUtility
 .text.aptSetSleepAllowed
                0x000000000010b2f8       0xb0 /opt/devkitpro/libctru/lib/libctru.a(apt.o)
                0x000000000010b2f8                aptSetSleepAllowed
 .text.APT_GlanceParameter
                0x000000000010b3a8       0xb4 /opt/devkitpro/libctru/lib/libctru.a(apt.o)
                0x000000000010b3a8                APT_GlanceParameter
 .text.APT_ReceiveParameter
                0x000000000010b45c       0xc8 /opt/devkitpro/libctru/lib/libctru.a(apt.o)
                0x000000000010b45c                APT_ReceiveParameter
 .text.aptReceiveParameter.constprop.0
                0x000000000010b524       0xbc /opt/devkitpro/libctru/lib/libctru.a(apt.o)
 .text.aptScreenTransfer
                0x000000000010b5e0      0x1e0 /opt/devkitpro/libctru/lib/libctru.a(apt.o)
 .text.aptWaitForWakeUp
                0x000000000010b7c0      0x210 /opt/devkitpro/libctru/lib/libctru.a(apt.o)
 .text.APT_CancelParameter
                0x000000000010b9d0       0x70 /opt/devkitpro/libctru/lib/libctru.a(apt.o)
                0x000000000010b9d0                APT_CancelParameter
 .text.aptInit  0x000000000010ba40      0x25c /opt/devkitpro/libctru/lib/libctru.a(apt.o)
                0x000000000010ba40                aptInit
 .text.aptClearParamQueue
                0x000000000010bc9c       0x88 /opt/devkitpro/libctru/lib/libctru.a(apt.o)
 .text.aptMainLoop
                0x000000000010bd24      0x264 /opt/devkitpro/libctru/lib/libctru.a(apt.o)
                0x000000000010bd24                aptMainLoop
 .text.aptExit  0x000000000010bf88      0x254 /opt/devkitpro/libctru/lib/libctru.a(apt.o)
                0x000000000010bf88                aptExit
 .text.APT_CheckNew3DS
                0x000000000010c1dc       0x7c /opt/devkitpro/libctru/lib/libctru.a(apt.o)
                0x000000000010c1dc                APT_CheckNew3DS
 .text.hidCheckSectionUpdateTime.part.0
                0x000000000010c258       0x28 /opt/devkitpro/libctru/lib/libctru.a(hid.o)
 .text.hidExit  0x000000000010c280       0xd0 /opt/devkitpro/libctru/lib/libctru.a(hid.o)
                0x000000000010c280                hidExit
 .text.hidScanInput
                0x000000000010c350      0x1d8 /opt/devkitpro/libctru/lib/libctru.a(hid.o)
                0x000000000010c350                hidScanInput
 .text.hidKeysHeld
                0x000000000010c528       0x10 /opt/devkitpro/libctru/lib/libctru.a(hid.o)
                0x000000000010c528                hidKeysHeld
 .text.hidKeysDown
                0x000000000010c538       0x10 /opt/devkitpro/libctru/lib/libctru.a(hid.o)
                0x000000000010c538                hidKeysDown
 .text.hidKeysUp
                0x000000000010c548       0x10 /opt/devkitpro/libctru/lib/libctru.a(hid.o)
                0x000000000010c548                hidKeysUp
 .text.HIDUSER_GetHandles
                0x000000000010c558       0x90 /opt/devkitpro/libctru/lib/libctru.a(hid.o)
                0x000000000010c558                HIDUSER_GetHandles
 .text.hidInit  0x000000000010c5e8      0x1a4 /opt/devkitpro/libctru/lib/libctru.a(hid.o)
                0x000000000010c5e8                hidInit
 .text.ptmSysmInit
                0x000000000010c78c       0x74 /opt/devkitpro/libctru/lib/libctru.a(ptmsysm.o)
                0x000000000010c78c                ptmSysmInit
 .text.ptmSysmExit
                0x000000000010c800       0x3c /opt/devkitpro/libctru/lib/libctru.a(ptmsysm.o)
                0x000000000010c800                ptmSysmExit
 .text.PTMSYSM_ConfigureNew3DSCPU
                0x000000000010c83c       0x34 /opt/devkitpro/libctru/lib/libctru.a(ptmsysm.o)
                0x000000000010c83c                PTMSYSM_ConfigureNew3DSCPU
 .text.fsSessionForArchive.part.0
                0x000000000010c870       0x28 /opt/devkitpro/libctru/lib/libctru.a(fs.o)
 .text.fsInit   0x000000000010c898       0xc4 /opt/devkitpro/libctru/lib/libctru.a(fs.o)
                0x000000000010c898                fsInit
 .text.fsExit   0x000000000010c95c       0x3c /opt/devkitpro/libctru/lib/libctru.a(fs.o)
                0x000000000010c95c                fsExit
 .text.fsExemptFromSession
                0x000000000010c998       0x64 /opt/devkitpro/libctru/lib/libctru.a(fs.o)
                0x000000000010c998                fsExemptFromSession
 .text.fsUnexemptFromSession
                0x000000000010c9fc       0x5c /opt/devkitpro/libctru/lib/libctru.a(fs.o)
                0x000000000010c9fc                fsUnexemptFromSession
 .text.FSUSER_OpenFile
                0x000000000010ca58       0xbc /opt/devkitpro/libctru/lib/libctru.a(fs.o)
                0x000000000010ca58                FSUSER_OpenFile
 .text.FSUSER_OpenFileDirectly
                0x000000000010cb14       0xd4 /opt/devkitpro/libctru/lib/libctru.a(fs.o)
                0x000000000010cb14                FSUSER_OpenFileDirectly
 .text.FSUSER_DeleteFile
                0x000000000010cbe8       0xac /opt/devkitpro/libctru/lib/libctru.a(fs.o)
                0x000000000010cbe8                FSUSER_DeleteFile
 .text.FSUSER_RenameFile
                0x000000000010cc94       0xe8 /opt/devkitpro/libctru/lib/libctru.a(fs.o)
                0x000000000010cc94                FSUSER_RenameFile
 .text.FSUSER_DeleteDirectory
                0x000000000010cd7c       0xac /opt/devkitpro/libctru/lib/libctru.a(fs.o)
                0x000000000010cd7c                FSUSER_DeleteDirectory
 .text.FSUSER_CreateFile
                0x000000000010ce28       0xc4 /opt/devkitpro/libctru/lib/libctru.a(fs.o)
                0x000000000010ce28                FSUSER_CreateFile
 .text.FSUSER_CreateDirectory
                0x000000000010ceec       0xb4 /opt/devkitpro/libctru/lib/libctru.a(fs.o)
                0x000000000010ceec                FSUSER_CreateDirectory
 .text.FSUSER_RenameDirectory
                0x000000000010cfa0       0xe8 /opt/devkitpro/libctru/lib/libctru.a(fs.o)
                0x000000000010cfa0                FSUSER_RenameDirectory
 .text.FSUSER_OpenDirectory
                0x000000000010d088       0xa0 /opt/devkitpro/libctru/lib/libctru.a(fs.o)
                0x000000000010d088                FSUSER_OpenDirectory
 .text.FSUSER_OpenArchive
                0x000000000010d128       0x98 /opt/devkitpro/libctru/lib/libctru.a(fs.o)
                0x000000000010d128                FSUSER_OpenArchive
 .text.FSUSER_ControlArchive
                0x000000000010d1c0       0xa0 /opt/devkitpro/libctru/lib/libctru.a(fs.o)
                0x000000000010d1c0                FSUSER_ControlArchive
 .text.FSUSER_CloseArchive
                0x000000000010d260       0x78 /opt/devkitpro/libctru/lib/libctru.a(fs.o)
                0x000000000010d260                FSUSER_CloseArchive
 .text.FSUSER_GetSdmcArchiveResource
                0x000000000010d2d8       0x78 /opt/devkitpro/libctru/lib/libctru.a(fs.o)
                0x000000000010d2d8                FSUSER_GetSdmcArchiveResource
 .text.FSUSER_IsSdmcWritable
                0x000000000010d350       0x64 /opt/devkitpro/libctru/lib/libctru.a(fs.o)
                0x000000000010d350                FSUSER_IsSdmcWritable
 .text.FSFILE_Read
                0x000000000010d3b4       0x5c /opt/devkitpro/libctru/lib/libctru.a(fs.o)
                0x000000000010d3b4                FSFILE_Read
 .text.FSFILE_Write
                0x000000000010d410       0x64 /opt/devkitpro/libctru/lib/libctru.a(fs.o)
                0x000000000010d410                FSFILE_Write
 .text.FSFILE_GetSize
                0x000000000010d474       0x38 /opt/devkitpro/libctru/lib/libctru.a(fs.o)
                0x000000000010d474                FSFILE_GetSize
 .text.FSFILE_SetSize
                0x000000000010d4ac       0x28 /opt/devkitpro/libctru/lib/libctru.a(fs.o)
                0x000000000010d4ac                FSFILE_SetSize
 .text.FSFILE_Close
                0x000000000010d4d4       0x3c /opt/devkitpro/libctru/lib/libctru.a(fs.o)
                0x000000000010d4d4                FSFILE_Close
 .text.FSFILE_Flush
                0x000000000010d510       0x24 /opt/devkitpro/libctru/lib/libctru.a(fs.o)
                0x000000000010d510                FSFILE_Flush
 .text.FSDIR_Read
                0x000000000010d534       0x54 /opt/devkitpro/libctru/lib/libctru.a(fs.o)
                0x000000000010d534                FSDIR_Read
 .text.FSDIR_Close
                0x000000000010d588       0x3c /opt/devkitpro/libctru/lib/libctru.a(fs.o)
                0x000000000010d588                FSDIR_Close
 .text.iov_memmove
                0x000000000010d5c4      0x120 /opt/devkitpro/libctru/lib/libctru.a(decompress.o)
 .text.buffer_read
                0x000000000010d6e4       0xcc /opt/devkitpro/libctru/lib/libctru.a(decompress.o)
 .text.iov_read
                0x000000000010d7b0       0xd8 /opt/devkitpro/libctru/lib/libctru.a(decompress.o)
 .text.decompress_rle
                0x000000000010d888      0x1c4 /opt/devkitpro/libctru/lib/libctru.a(decompress.o)
 .text.decompress_lzss
                0x000000000010da4c      0x268 /opt/devkitpro/libctru/lib/libctru.a(decompress.o)
 .text.decompress_huff.isra.0.part.0
                0x000000000010dcb4      0x2ec /opt/devkitpro/libctru/lib/libctru.a(decompress.o)
 .text.decompress_lz11
                0x000000000010dfa0      0x440 /opt/devkitpro/libctru/lib/libctru.a(decompress.o)
 .text.decompressCallback_Stdio
                0x000000000010e3e0       0x10 /opt/devkitpro/libctru/lib/libctru.a(decompress.o)
                0x000000000010e3e0                decompressCallback_Stdio
 .text.decompressHeader
                0x000000000010e3f0       0xe8 /opt/devkitpro/libctru/lib/libctru.a(decompress.o)
                0x000000000010e3f0                decompressHeader
 .text.decompressV
                0x000000000010e4d8      0x23c /opt/devkitpro/libctru/lib/libctru.a(decompress.o)
                0x000000000010e4d8                decompressV
 .text.rbtree_init
                0x000000000010e714       0x14 /opt/devkitpro/libctru/lib/libctru.a(rbtree_init.o)
                0x000000000010e714                rbtree_init
 .text.do_insert
                0x000000000010e728      0x1a4 /opt/devkitpro/libctru/lib/libctru.a(rbtree_insert.o)
 .text.rbtree_insert
                0x000000000010e8cc        0x8 /opt/devkitpro/libctru/lib/libctru.a(rbtree_insert.o)
                0x000000000010e8cc                rbtree_insert
 .text.rbtree_rotate
                0x000000000010e8d4       0x90 /opt/devkitpro/libctru/lib/libctru.a(rbtree_rotate.o)
                0x000000000010e8d4                rbtree_rotate
 .text.rbtree_remove
                0x000000000010e964      0x334 /opt/devkitpro/libctru/lib/libctru.a(rbtree_remove.o)
                0x000000000010e964                rbtree_remove
 .text.rbtree_find
                0x000000000010ec98       0x74 /opt/devkitpro/libctru/lib/libctru.a(rbtree_find.o)
                0x000000000010ec98                rbtree_find
 .text.utf16_to_utf8
                0x000000000010ed0c       0xe8 /opt/devkitpro/libctru/lib/libctru.a(utf16_to_utf8.o)
                0x000000000010ed0c                utf16_to_utf8
 .text.decode_utf16
                0x000000000010edf4       0x60 /opt/devkitpro/libctru/lib/libctru.a(decode_utf16.o)
                0x000000000010edf4                decode_utf16
 .text.utf8_to_utf16
                0x000000000010ee54       0xc0 /opt/devkitpro/libctru/lib/libctru.a(utf8_to_utf16.o)
                0x000000000010ee54                utf8_to_utf16
 .text.__libctru_init
                0x000000000010ef14       0x38 /opt/devkitpro/libctru/lib/libctru.a(initSystem.o)
                0x000000000010ef14                __libctru_init
 .text.__libctru_nanosleep
                0x000000000010ef4c       0x34 /opt/devkitpro/libctru/lib/libctru.a(syscalls.o)
 .text.__ctru_get_reent
                0x000000000010ef80       0x30 /opt/devkitpro/libctru/lib/libctru.a(syscalls.o)
 .text.__system_initSyscalls
                0x000000000010efb0       0xfc /opt/devkitpro/libctru/lib/libctru.a(syscalls.o)
                0x000000000010efb0                __system_initSyscalls
 .text.__system_allocateHeaps
                0x000000000010f0ac      0x100 /opt/devkitpro/libctru/lib/libctru.a(allocateHeaps.o)
                0x000000000010f0ac                __system_allocateHeaps
 .text.__system_initArgv
                0x000000000010f1ac       0xf0 /opt/devkitpro/libctru/lib/libctru.a(initArgv.o)
                0x000000000010f1ac                __system_initArgv
 .text.svcControlMemory
                0x000000000010f29c       0x20 /opt/devkitpro/libctru/lib/libctru.a(svc.o)
                0x000000000010f29c                svcControlMemory
 .text.svcExitProcess
                0x000000000010f2bc        0x8 /opt/devkitpro/libctru/lib/libctru.a(svc.o)
                0x000000000010f2bc                svcExitProcess
 .text.svcCreateThread
                0x000000000010f2c4       0x20 /opt/devkitpro/libctru/lib/libctru.a(svc.o)
                0x000000000010f2c4                svcCreateThread
 .text.svcExitThread
                0x000000000010f2e4        0x8 /opt/devkitpro/libctru/lib/libctru.a(svc.o)
                0x000000000010f2e4                svcExitThread
 .text.svcSleepThread
                0x000000000010f2ec        0x8 /opt/devkitpro/libctru/lib/libctru.a(svc.o)
                0x000000000010f2ec                svcSleepThread
 .text.svcReleaseMutex
                0x000000000010f2f4        0x8 /opt/devkitpro/libctru/lib/libctru.a(svc.o)
                0x000000000010f2f4                svcReleaseMutex
 .text.svcCreateEvent
                0x000000000010f2fc       0x14 /opt/devkitpro/libctru/lib/libctru.a(svc.o)
                0x000000000010f2fc                svcCreateEvent
 .text.svcSignalEvent
                0x000000000010f310        0x8 /opt/devkitpro/libctru/lib/libctru.a(svc.o)
                0x000000000010f310                svcSignalEvent
 .text.svcClearEvent
                0x000000000010f318        0x8 /opt/devkitpro/libctru/lib/libctru.a(svc.o)
                0x000000000010f318                svcClearEvent
 .text.svcMapMemoryBlock
                0x000000000010f320        0x8 /opt/devkitpro/libctru/lib/libctru.a(svc.o)
                0x000000000010f320                svcMapMemoryBlock
 .text.svcUnmapMemoryBlock
                0x000000000010f328        0x8 /opt/devkitpro/libctru/lib/libctru.a(svc.o)
                0x000000000010f328                svcUnmapMemoryBlock
 .text.svcCreateAddressArbiter
                0x000000000010f330       0x14 /opt/devkitpro/libctru/lib/libctru.a(svc.o)
                0x000000000010f330                svcCreateAddressArbiter
 .text.svcArbitrateAddress
                0x000000000010f344       0x18 /opt/devkitpro/libctru/lib/libctru.a(svc.o)
                0x000000000010f344                svcArbitrateAddress
 .text.svcCloseHandle
                0x000000000010f35c        0x8 /opt/devkitpro/libctru/lib/libctru.a(svc.o)
                0x000000000010f35c                svcCloseHandle
 .text.svcWaitSynchronization
                0x000000000010f364        0x8 /opt/devkitpro/libctru/lib/libctru.a(svc.o)
                0x000000000010f364                svcWaitSynchronization
 .text.svcWaitSynchronizationN
                0x000000000010f36c       0x28 /opt/devkitpro/libctru/lib/libctru.a(svc.o)
                0x000000000010f36c                svcWaitSynchronizationN
 .text.svcDuplicateHandle
                0x000000000010f394       0x14 /opt/devkitpro/libctru/lib/libctru.a(svc.o)
                0x000000000010f394                svcDuplicateHandle
 .text.svcGetSystemTick
                0x000000000010f3a8        0x8 /opt/devkitpro/libctru/lib/libctru.a(svc.o)
                0x000000000010f3a8                svcGetSystemTick
 .text.svcGetSystemInfo
                0x000000000010f3b0       0x18 /opt/devkitpro/libctru/lib/libctru.a(svc.o)
                0x000000000010f3b0                svcGetSystemInfo
 .text.svcConnectToPort
                0x000000000010f3c8       0x14 /opt/devkitpro/libctru/lib/libctru.a(svc.o)
                0x000000000010f3c8                svcConnectToPort
 .text.svcSendSyncRequest
                0x000000000010f3dc        0x8 /opt/devkitpro/libctru/lib/libctru.a(svc.o)
                0x000000000010f3dc                svcSendSyncRequest
 .text.svcBreak
                0x000000000010f3e4        0x8 /opt/devkitpro/libctru/lib/libctru.a(svc.o)
                0x000000000010f3e4                svcBreak
 .text._ZL21addrMapNodeComparatorPK11rbtree_nodeS1_
                0x000000000010f3ec       0x24 /opt/devkitpro/libctru/lib/libctru.a(mappable.o)
 .text._ZL21addrMapNodeDestructorP11rbtree_node
                0x000000000010f410        0x4 /opt/devkitpro/libctru/lib/libctru.a(mappable.o)
 .text.mappableAlloc
                0x000000000010f414       0xe8 /opt/devkitpro/libctru/lib/libctru.a(mappable.o)
                0x000000000010f414                mappableAlloc
 .text.mappableFree
                0x000000000010f4fc       0x54 /opt/devkitpro/libctru/lib/libctru.a(mappable.o)
                0x000000000010f4fc                mappableFree
 .text.LightLock_Unlock.part.0
                0x000000000010f550       0x38 /opt/devkitpro/libctru/lib/libctru.a(synchronization.o)
 .text.__sync_init
                0x000000000010f588        0xc /opt/devkitpro/libctru/lib/libctru.a(synchronization.o)
                0x000000000010f588                __sync_init
 .text.__sync_fini
                0x000000000010f594       0x18 /opt/devkitpro/libctru/lib/libctru.a(synchronization.o)
                0x000000000010f594                __sync_fini
 .text.__sync_get_arbiter
                0x000000000010f5ac       0x10 /opt/devkitpro/libctru/lib/libctru.a(synchronization.o)
                0x000000000010f5ac                __sync_get_arbiter
 .text.LightLock_Init
                0x000000000010f5bc       0x18 /opt/devkitpro/libctru/lib/libctru.a(synchronization.o)
                0x000000000010f5bc                LightLock_Init
 .text.LightLock_Lock
                0x000000000010f5d4       0x90 /opt/devkitpro/libctru/lib/libctru.a(synchronization.o)
                0x000000000010f5d4                LightLock_Lock
 .text.LightLock_TryLock
                0x000000000010f664       0x34 /opt/devkitpro/libctru/lib/libctru.a(synchronization.o)
                0x000000000010f664                LightLock_TryLock
 .text.LightLock_Unlock
                0x000000000010f698       0x20 /opt/devkitpro/libctru/lib/libctru.a(synchronization.o)
                0x000000000010f698                LightLock_Unlock
 .text.RecursiveLock_Init
                0x000000000010f6b8       0x24 /opt/devkitpro/libctru/lib/libctru.a(synchronization.o)
                0x000000000010f6b8                RecursiveLock_Init
 .text.RecursiveLock_Lock
                0x000000000010f6dc       0x30 /opt/devkitpro/libctru/lib/libctru.a(synchronization.o)
                0x000000000010f6dc                RecursiveLock_Lock
 .text.RecursiveLock_TryLock
                0x000000000010f70c       0x58 /opt/devkitpro/libctru/lib/libctru.a(synchronization.o)
                0x000000000010f70c                RecursiveLock_TryLock
 .text.RecursiveLock_Unlock
                0x000000000010f764       0x38 /opt/devkitpro/libctru/lib/libctru.a(synchronization.o)
                0x000000000010f764                RecursiveLock_Unlock
 .text.LightEvent_Init
                0x000000000010f79c       0x38 /opt/devkitpro/libctru/lib/libctru.a(synchronization.o)
                0x000000000010f79c                LightEvent_Init
 .text.LightEvent_Clear
                0x000000000010f7d4       0x7c /opt/devkitpro/libctru/lib/libctru.a(synchronization.o)
                0x000000000010f7d4                LightEvent_Clear
 .text.LightEvent_Signal
                0x000000000010f850       0xdc /opt/devkitpro/libctru/lib/libctru.a(synchronization.o)
                0x000000000010f850                LightEvent_Signal
 .text.LightEvent_Wait
                0x000000000010f92c       0xc0 /opt/devkitpro/libctru/lib/libctru.a(synchronization.o)
                0x000000000010f92c                LightEvent_Wait
 .text.envGetHandle
                0x000000000010f9ec       0x84 /opt/devkitpro/libctru/lib/libctru.a(env.o)
                0x000000000010f9ec                envGetHandle
 .text.envDestroyHandles
                0x000000000010fa70       0x4c /opt/devkitpro/libctru/lib/libctru.a(env.o)
                0x000000000010fa70                envDestroyHandles
 .text.srvExit  0x000000000010fabc       0x58 /opt/devkitpro/libctru/lib/libctru.a(srv.o)
                0x000000000010fabc                srvExit
 .text.srvRegisterClient
                0x000000000010fb14       0x38 /opt/devkitpro/libctru/lib/libctru.a(srv.o)
                0x000000000010fb14                srvRegisterClient
 .text.srvInit  0x000000000010fb4c       0xcc /opt/devkitpro/libctru/lib/libctru.a(srv.o)
                0x000000000010fb4c                srvInit
 .text.srvGetServiceHandleDirect
                0x000000000010fc18       0x80 /opt/devkitpro/libctru/lib/libctru.a(srv.o)
                0x000000000010fc18                srvGetServiceHandleDirect
 .text.srvGetServiceHandle
                0x000000000010fc98       0x48 /opt/devkitpro/libctru/lib/libctru.a(srv.o)
                0x000000000010fc98                srvGetServiceHandle
 .text.threadFree.part.0
                0x000000000010fce0       0x1c /opt/devkitpro/libctru/lib/libctru.a(thread.o)
 .text.threadCreate
                0x000000000010fcfc      0x180 /opt/devkitpro/libctru/lib/libctru.a(thread.o)
                0x000000000010fcfc                threadCreate
 .text.threadJoin
                0x000000000010fe7c       0x24 /opt/devkitpro/libctru/lib/libctru.a(thread.o)
                0x000000000010fe7c                threadJoin
 .text.threadExit
                0x000000000010fea0       0x68 /opt/devkitpro/libctru/lib/libctru.a(thread.o)
                0x000000000010fea0                threadExit
 .text._thread_begin
                0x000000000010ff08       0x48 /opt/devkitpro/libctru/lib/libctru.a(thread.o)
 .text.irrstScanInput
                0x000000000010ff50       0xac /opt/devkitpro/libctru/lib/libctru.a(irrst.o)
                0x000000000010ff50                irrstScanInput
 .text.irrstKeysHeld
                0x000000000010fffc       0x24 /opt/devkitpro/libctru/lib/libctru.a(irrst.o)
                0x000000000010fffc                irrstKeysHeld
 .text.IRRST_GetHandles
                0x0000000000110020       0x50 /opt/devkitpro/libctru/lib/libctru.a(irrst.o)
                0x0000000000110020                IRRST_GetHandles
 .text.irrstInit
                0x0000000000110070      0x154 /opt/devkitpro/libctru/lib/libctru.a(irrst.o)
                0x0000000000110070                irrstInit
 .text.IRRST_Shutdown
                0x00000000001101c4       0x2c /opt/devkitpro/libctru/lib/libctru.a(irrst.o)
                0x00000000001101c4                IRRST_Shutdown
 .text.irrstExit
                0x00000000001101f0       0xac /opt/devkitpro/libctru/lib/libctru.a(irrst.o)
                0x00000000001101f0                irrstExit
 .text.srvPmGetSessionHandle
                0x000000000011029c        0xc /opt/devkitpro/libctru/lib/libctru.a(srvpm.o)
                0x000000000011029c                srvPmGetSessionHandle
 .text.rbtree_node_next
                0x00000000001102a8       0x50 /opt/devkitpro/libctru/lib/libctru.a(rbtree_iterator.o)
                0x00000000001102a8                rbtree_node_next
 .text.encode_utf16
                0x00000000001102f8       0x68 /opt/devkitpro/libctru/lib/libctru.a(encode_utf16.o)
                0x00000000001102f8                encode_utf16
 .text.encode_utf8
                0x0000000000110360      0x104 /opt/devkitpro/libctru/lib/libctru.a(encode_utf8.o)
                0x0000000000110360                encode_utf8
 .text.decode_utf8
                0x0000000000110464      0x138 /opt/devkitpro/libctru/lib/libctru.a(decode_utf8.o)
                0x0000000000110464                decode_utf8
 .text.__appInit
                0x000000000011059c       0x1c /opt/devkitpro/libctru/lib/libctru.a(appInit.o)
                0x000000000011059c                __appInit
 .text.__appExit
                0x00000000001105b8       0x1c /opt/devkitpro/libctru/lib/libctru.a(appExit.o)
                0x00000000001105b8                __appExit
 .text.__libctru_exit
                0x00000000001105d4       0xa0 /opt/devkitpro/libctru/lib/libctru.a(ctru_exit.o)
                0x00000000001105d4                __libctru_exit
 .text.sdmc_link
                0x0000000000110674       0x14 /opt/devkitpro/libctru/lib/libctru.a(sdmc_dev.o)
 .text.sdmc_dirreset
                0x0000000000110688       0x14 /opt/devkitpro/libctru/lib/libctru.a(sdmc_dev.o)
 .text.sdmc_chmod
                0x000000000011069c       0x14 /opt/devkitpro/libctru/lib/libctru.a(sdmc_dev.o)
 .text.error_cmp
                0x00000000001106b0       0x24 /opt/devkitpro/libctru/lib/libctru.a(sdmc_dev.o)
 .text.sdmc_translate_error
                0x00000000001106d4       0x50 /opt/devkitpro/libctru/lib/libctru.a(sdmc_dev.o)
 .text.sdmc_fsync
                0x0000000000110724       0x34 /opt/devkitpro/libctru/lib/libctru.a(sdmc_dev.o)
 .text.sdmc_ftruncate
                0x0000000000110758       0x54 /opt/devkitpro/libctru/lib/libctru.a(sdmc_dev.o)
 .text.sdmc_statvfs
                0x00000000001107ac       0xbc /opt/devkitpro/libctru/lib/libctru.a(sdmc_dev.o)
 .text.sdmc_dirclose
                0x0000000000110868       0x38 /opt/devkitpro/libctru/lib/libctru.a(sdmc_dev.o)
 .text.sdmc_dirnext
                0x00000000001108a0      0x13c /opt/devkitpro/libctru/lib/libctru.a(sdmc_dev.o)
 .text.sdmc_close
                0x00000000001109dc       0x34 /opt/devkitpro/libctru/lib/libctru.a(sdmc_dev.o)
 .text.sdmc_fstat
                0x0000000000110a10       0x70 /opt/devkitpro/libctru/lib/libctru.a(sdmc_dev.o)
 .text.sdmc_seek
                0x0000000000110a80       0xd4 /opt/devkitpro/libctru/lib/libctru.a(sdmc_dev.o)
 .text.sdmc_read
                0x0000000000110b54       0x78 /opt/devkitpro/libctru/lib/libctru.a(sdmc_dev.o)
 .text.sdmc_write
                0x0000000000110bcc       0xac /opt/devkitpro/libctru/lib/libctru.a(sdmc_dev.o)
 .text.sdmc_utf16path
                0x0000000000110c78      0x1b0 /opt/devkitpro/libctru/lib/libctru.a(sdmc_dev.o)
 .text.sdmc_rmdir
                0x0000000000110e28       0x74 /opt/devkitpro/libctru/lib/libctru.a(sdmc_dev.o)
 .text.sdmc_diropen
                0x0000000000110e9c       0xa4 /opt/devkitpro/libctru/lib/libctru.a(sdmc_dev.o)
 .text.sdmc_chdir
                0x0000000000110f40       0xac /opt/devkitpro/libctru/lib/libctru.a(sdmc_dev.o)
 .text.sdmc_mkdir
                0x0000000000110fec       0x98 /opt/devkitpro/libctru/lib/libctru.a(sdmc_dev.o)
 .text.sdmc_rename
                0x0000000000111084      0x108 /opt/devkitpro/libctru/lib/libctru.a(sdmc_dev.o)
 .text.sdmc_unlink
                0x000000000011118c       0x74 /opt/devkitpro/libctru/lib/libctru.a(sdmc_dev.o)
 .text.sdmc_stat
                0x0000000000111200      0x108 /opt/devkitpro/libctru/lib/libctru.a(sdmc_dev.o)
 .text.sdmc_open
                0x0000000000111308      0x198 /opt/devkitpro/libctru/lib/libctru.a(sdmc_dev.o)
 .text.sdmc_fchmod
                0x00000000001114a0       0x14 /opt/devkitpro/libctru/lib/libctru.a(sdmc_dev.o)
 .text.sdmcInit
                0x00000000001114b4      0x168 /opt/devkitpro/libctru/lib/libctru.a(sdmc_dev.o)
                0x00000000001114b4                sdmcInit
 .text.sdmcExit
                0x000000000011161c       0x60 /opt/devkitpro/libctru/lib/libctru.a(sdmc_dev.o)
                0x000000000011161c                sdmcExit
 .text.__aeabi_read_tp
                0x000000000011167c        0xc /opt/devkitpro/libctru/lib/libctru.a(readtp.o)
                0x000000000011167c                __aeabi_read_tp
 .text.cosf     0x0000000000111688      0x244 /opt/devkitpro/devkitARM/lib/gcc/arm-none-eabi/9.1.0/../../../../arm-none-eabi/lib/armv6k/fpu/libm.a(lib_a-cosf.o)
                0x0000000000111688                cosf
 .text.with_errnof
                0x00000000001118cc       0x24 /opt/devkitpro/devkitARM/lib/gcc/arm-none-eabi/9.1.0/../../../../arm-none-eabi/lib/armv6k/fpu/libm.a(lib_a-math_errf.o)
 .text.__math_invalidf
                0x00000000001118f0       0x1c /opt/devkitpro/devkitARM/lib/gcc/arm-none-eabi/9.1.0/../../../../arm-none-eabi/lib/armv6k/fpu/libm.a(lib_a-math_errf.o)
                0x00000000001118f0                __math_invalidf
 *fill*         0x000000000011190c        0x4 
 .text.sinf     0x0000000000111910      0x26c /opt/devkitpro/devkitARM/lib/gcc/arm-none-eabi/9.1.0/../../../../arm-none-eabi/lib/armv6k/fpu/libm.a(lib_a-sinf.o)
                0x0000000000111910                sinf
 .text.__fixdfdi
                0x0000000000111b7c       0x38 /opt/devkitpro/devkitARM/lib/gcc/arm-none-eabi/9.1.0/armv6k/fpu/libgcc.a(_fixdfdi.o)
                0x0000000000111b7c                __aeabi_d2lz
                0x0000000000111b7c                __fixdfdi
 *fill*         0x0000000000111bb4        0x4 
 .text.__fixunsdfdi
                0x0000000000111bb8       0x40 /opt/devkitpro/devkitARM/lib/gcc/arm-none-eabi/9.1.0/armv6k/fpu/libgcc.a(_fixunsdfdi.o)
                0x0000000000111bb8                __aeabi_d2ulz
                0x0000000000111bb8                __fixunsdfdi
 .text.__udivmoddi4
                0x0000000000111bf8      0x130 /opt/devkitpro/devkitARM/lib/gcc/arm-none-eabi/9.1.0/armv6k/fpu/libgcc.a(_udivmoddi4.o)
                0x0000000000111bf8                __udivmoddi4
 .text.bsearch  0x0000000000111d28       0x7c /opt/devkitpro/devkitARM/lib/gcc/arm-none-eabi/9.1.0/../../../../arm-none-eabi/lib/armv6k/fpu/libg.a(lib_a-bsearch.o)
                0x0000000000111d28                bsearch
 .text.calloc   0x0000000000111da4       0x28 /opt/devkitpro/devkitARM/lib/gcc/arm-none-eabi/9.1.0/../../../../arm-none-eabi/lib/armv6k/fpu/libg.a(lib_a-calloc.o)
                0x0000000000111da4                calloc
 .text._calloc_r
                0x0000000000111dcc       0x94 /opt/devkitpro/devkitARM/lib/gcc/arm-none-eabi/9.1.0/../../../../arm-none-eabi/lib/armv6k/fpu/libg.a(lib_a-callocr.o)
                0x0000000000111dcc                _calloc_r
 .text.__errno  0x0000000000111e60        0xc /opt/devkitpro/devkitARM/lib/gcc/arm-none-eabi/9.1.0/../../../../arm-none-eabi/lib/armv6k/fpu/libg.a(lib_a-errno.o)
                0x0000000000111e60                __errno
 .text.exit     0x0000000000111e6c       0x34 /opt/devkitpro/devkitARM/lib/gcc/arm-none-eabi/9.1.0/../../../../arm-none-eabi/lib/armv6k/fpu/libg.a(lib_a-exit.o)
                0x0000000000111e6c                exit
 .text._fclose_r
                0x0000000000111ea0      0x160 /opt/devkitpro/devkitARM/lib/gcc/arm-none-eabi/9.1.0/../../../../arm-none-eabi/lib/armv6k/fpu/libg.a(lib_a-fclose.o)
                0x0000000000111ea0                _fclose_r
 .text.fclose   0x0000000000112000       0x20 /opt/devkitpro/devkitARM/lib/gcc/arm-none-eabi/9.1.0/../../../../arm-none-eabi/lib/armv6k/fpu/libg.a(lib_a-fclose.o)
                0x0000000000112000                fclose
 .text.__sflush_r
                0x0000000000112020      0x278 /opt/devkitpro/devkitARM/lib/gcc/arm-none-eabi/9.1.0/../../../../arm-none-eabi/lib/armv6k/fpu/libg.a(lib_a-fflush.o)
                0x0000000000112020                __sflush_r
 .text._fflush_r
                0x0000000000112298       0x94 /opt/devkitpro/devkitARM/lib/gcc/arm-none-eabi/9.1.0/../../../../arm-none-eabi/lib/armv6k/fpu/libg.a(lib_a-fflush.o)
                0x0000000000112298                _fflush_r
 .text.fflush   0x000000000011232c       0x38 /opt/devkitpro/devkitARM/lib/gcc/arm-none-eabi/9.1.0/../../../../arm-none-eabi/lib/armv6k/fpu/libg.a(lib_a-fflush.o)
                0x000000000011232c                fflush
 .text.std      0x0000000000112364       0x78 /opt/devkitpro/devkitARM/lib/gcc/arm-none-eabi/9.1.0/../../../../arm-none-eabi/lib/armv6k/fpu/libg.a(lib_a-findfp.o)
 .text._cleanup_r
                0x00000000001123dc        0xc /opt/devkitpro/devkitARM/lib/gcc/arm-none-eabi/9.1.0/../../../../arm-none-eabi/lib/armv6k/fpu/libg.a(lib_a-findfp.o)
                0x00000000001123dc                _cleanup_r
 .text.__sfmoreglue
                0x00000000001123e8       0x48 /opt/devkitpro/devkitARM/lib/gcc/arm-none-eabi/9.1.0/../../../../arm-none-eabi/lib/armv6k/fpu/libg.a(lib_a-findfp.o)
                0x00000000001123e8                __sfmoreglue
 .text.__sinit  0x0000000000112430       0x8c /opt/devkitpro/devkitARM/lib/gcc/arm-none-eabi/9.1.0/../../../../arm-none-eabi/lib/armv6k/fpu/libg.a(lib_a-findfp.o)
                0x0000000000112430                __sinit
 .text.__sfp    0x00000000001124bc      0x10c /opt/devkitpro/devkitARM/lib/gcc/arm-none-eabi/9.1.0/../../../../arm-none-eabi/lib/armv6k/fpu/libg.a(lib_a-findfp.o)
                0x00000000001124bc                __sfp
 .text.__sfp_lock_acquire
                0x00000000001125c8        0xc /opt/devkitpro/devkitARM/lib/gcc/arm-none-eabi/9.1.0/../../../../arm-none-eabi/lib/armv6k/fpu/libg.a(lib_a-findfp.o)
                0x00000000001125c8                __sfp_lock_acquire
 .text.__sfp_lock_release
                0x00000000001125d4        0xc /opt/devkitpro/devkitARM/lib/gcc/arm-none-eabi/9.1.0/../../../../arm-none-eabi/lib/armv6k/fpu/libg.a(lib_a-findfp.o)
                0x00000000001125d4                __sfp_lock_release
 .text.__libc_fini_array
                0x00000000001125e0       0x3c /opt/devkitpro/devkitARM/lib/gcc/arm-none-eabi/9.1.0/../../../../arm-none-eabi/lib/armv6k/fpu/libg.a(lib_a-fini.o)
                0x00000000001125e0                __libc_fini_array
 .text._fopen_r
                0x000000000011261c      0x138 /opt/devkitpro/devkitARM/lib/gcc/arm-none-eabi/9.1.0/../../../../arm-none-eabi/lib/armv6k/fpu/libg.a(lib_a-fopen.o)
                0x000000000011261c                _fopen_r
 .text.fopen    0x0000000000112754       0x28 /opt/devkitpro/devkitARM/lib/gcc/arm-none-eabi/9.1.0/../../../../arm-none-eabi/lib/armv6k/fpu/libg.a(lib_a-fopen.o)
                0x0000000000112754                fopen
 .text._fread_r
                0x000000000011277c      0x2e0 /opt/devkitpro/devkitARM/lib/gcc/arm-none-eabi/9.1.0/../../../../arm-none-eabi/lib/armv6k/fpu/libg.a(lib_a-fread.o)
                0x000000000011277c                _fread_r
 .text.fread    0x0000000000112a5c       0x38 /opt/devkitpro/devkitARM/lib/gcc/arm-none-eabi/9.1.0/../../../../arm-none-eabi/lib/armv6k/fpu/libg.a(lib_a-fread.o)
                0x0000000000112a5c                fread
 .text._malloc_trim_r
                0x0000000000112a94       0xf8 /opt/devkitpro/devkitARM/lib/gcc/arm-none-eabi/9.1.0/../../../../arm-none-eabi/lib/armv6k/fpu/libg.a(lib_a-freer.o)
                0x0000000000112a94                _malloc_trim_r
 .text._free_r  0x0000000000112b8c      0x2e8 /opt/devkitpro/devkitARM/lib/gcc/arm-none-eabi/9.1.0/../../../../arm-none-eabi/lib/armv6k/fpu/libg.a(lib_a-freer.o)
                0x0000000000112b8c                _free_r
 .text._fseek_r
                0x0000000000112e74       0x20 /opt/devkitpro/devkitARM/lib/gcc/arm-none-eabi/9.1.0/../../../../arm-none-eabi/lib/armv6k/fpu/libg.a(lib_a-fseek.o)
                0x0000000000112e74                _fseek_r
 .text._fseeko_r
                0x0000000000112e94      0x5ac /opt/devkitpro/devkitARM/lib/gcc/arm-none-eabi/9.1.0/../../../../arm-none-eabi/lib/armv6k/fpu/libg.a(lib_a-fseeko.o)
                0x0000000000112e94                _fseeko_r
 .text._fwalk   0x0000000000113440       0x68 /opt/devkitpro/devkitARM/lib/gcc/arm-none-eabi/9.1.0/../../../../arm-none-eabi/lib/armv6k/fpu/libg.a(lib_a-fwalk.o)
                0x0000000000113440                _fwalk
 .text._fwalk_reent
                0x00000000001134a8       0x70 /opt/devkitpro/devkitARM/lib/gcc/arm-none-eabi/9.1.0/../../../../arm-none-eabi/lib/armv6k/fpu/libg.a(lib_a-fwalk.o)
                0x00000000001134a8                _fwalk_reent
 .text.__libc_init_array
                0x0000000000113518       0x7c /opt/devkitpro/devkitARM/lib/gcc/arm-none-eabi/9.1.0/../../../../arm-none-eabi/lib/armv6k/fpu/libg.a(lib_a-init.o)
                0x0000000000113518                __libc_init_array
 .text.__swhatbuf_r
                0x0000000000113594       0x94 /opt/devkitpro/devkitARM/lib/gcc/arm-none-eabi/9.1.0/../../../../arm-none-eabi/lib/armv6k/fpu/libg.a(lib_a-makebuf.o)
                0x0000000000113594                __swhatbuf_r
 .text.__smakebuf_r
                0x0000000000113628       0xf8 /opt/devkitpro/devkitARM/lib/gcc/arm-none-eabi/9.1.0/../../../../arm-none-eabi/lib/armv6k/fpu/libg.a(lib_a-makebuf.o)
                0x0000000000113628                __smakebuf_r
 .text.memalign
                0x0000000000113720       0x28 /opt/devkitpro/devkitARM/lib/gcc/arm-none-eabi/9.1.0/../../../../arm-none-eabi/lib/armv6k/fpu/libg.a(lib_a-malign.o)
                0x0000000000113720                memalign
 .text._memalign_r
                0x0000000000113748      0x14c /opt/devkitpro/devkitARM/lib/gcc/arm-none-eabi/9.1.0/../../../../arm-none-eabi/lib/armv6k/fpu/libg.a(lib_a-malignr.o)
                0x0000000000113748                _memalign_r
 .text.malloc   0x0000000000113894       0x20 /opt/devkitpro/devkitARM/lib/gcc/arm-none-eabi/9.1.0/../../../../arm-none-eabi/lib/armv6k/fpu/libg.a(lib_a-malloc.o)
                0x0000000000113894                malloc
 .text.free     0x00000000001138b4       0x20 /opt/devkitpro/devkitARM/lib/gcc/arm-none-eabi/9.1.0/../../../../arm-none-eabi/lib/armv6k/fpu/libg.a(lib_a-malloc.o)
                0x00000000001138b4                free
 .text._malloc_r
                0x00000000001138d4      0x7d0 /opt/devkitpro/devkitARM/lib/gcc/arm-none-eabi/9.1.0/../../../../arm-none-eabi/lib/armv6k/fpu/libg.a(lib_a-mallocr.o)
                0x00000000001138d4                _malloc_r
 .text.memchr   0x00000000001140a4       0xe0 /opt/devkitpro/devkitARM/lib/gcc/arm-none-eabi/9.1.0/../../../../arm-none-eabi/lib/armv6k/fpu/libg.a(lib_a-memchr-stub.o)
                0x00000000001140a4                memchr
 .text.memcmp   0x0000000000114184       0xa0 /opt/devkitpro/devkitARM/lib/gcc/arm-none-eabi/9.1.0/../../../../arm-none-eabi/lib/armv6k/fpu/libg.a(lib_a-memcmp.o)
                0x0000000000114184                memcmp
 .text.memcpy   0x0000000000114224      0x120 /opt/devkitpro/devkitARM/lib/gcc/arm-none-eabi/9.1.0/../../../../arm-none-eabi/lib/armv6k/fpu/libg.a(lib_a-memcpy-stub.o)
                0x0000000000114224                memcpy
 .text.memset   0x0000000000114344      0x118 /opt/devkitpro/devkitARM/lib/gcc/arm-none-eabi/9.1.0/../../../../arm-none-eabi/lib/armv6k/fpu/libg.a(lib_a-memset.o)
                0x0000000000114344                memset
 .text.__malloc_lock
                0x000000000011445c        0xc /opt/devkitpro/devkitARM/lib/gcc/arm-none-eabi/9.1.0/../../../../arm-none-eabi/lib/armv6k/fpu/libg.a(lib_a-mlock.o)
                0x000000000011445c                __malloc_lock
 .text.__malloc_unlock
                0x0000000000114468        0xc /opt/devkitpro/devkitARM/lib/gcc/arm-none-eabi/9.1.0/../../../../arm-none-eabi/lib/armv6k/fpu/libg.a(lib_a-mlock.o)
                0x0000000000114468                __malloc_unlock
 .text.printf   0x0000000000114474       0x34 /opt/devkitpro/devkitARM/lib/gcc/arm-none-eabi/9.1.0/../../../../arm-none-eabi/lib/armv6k/fpu/libg.a(lib_a-printf.o)
                0x0000000000114474                printf
 .text.rand     0x00000000001144a8       0x44 /opt/devkitpro/devkitARM/lib/gcc/arm-none-eabi/9.1.0/../../../../arm-none-eabi/lib/armv6k/fpu/libg.a(lib_a-rand.o)
                0x00000000001144a8                rand
 .text.lflush   0x00000000001144ec       0x1c /opt/devkitpro/devkitARM/lib/gcc/arm-none-eabi/9.1.0/../../../../arm-none-eabi/lib/armv6k/fpu/libg.a(lib_a-refill.o)
 .text.__srefill_r
                0x0000000000114508      0x1ac /opt/devkitpro/devkitARM/lib/gcc/arm-none-eabi/9.1.0/../../../../arm-none-eabi/lib/armv6k/fpu/libg.a(lib_a-refill.o)
                0x0000000000114508                __srefill_r
 .text.setvbuf  0x00000000001146b4      0x260 /opt/devkitpro/devkitARM/lib/gcc/arm-none-eabi/9.1.0/../../../../arm-none-eabi/lib/armv6k/fpu/libg.a(lib_a-setvbuf.o)
                0x00000000001146b4                setvbuf
 .text.sscanf   0x0000000000114914       0x74 /opt/devkitpro/devkitARM/lib/gcc/arm-none-eabi/9.1.0/../../../../arm-none-eabi/lib/armv6k/fpu/libg.a(lib_a-sscanf.o)
                0x0000000000114914                sscanf
 .text.__sread  0x0000000000114988       0x3c /opt/devkitpro/devkitARM/lib/gcc/arm-none-eabi/9.1.0/../../../../arm-none-eabi/lib/armv6k/fpu/libg.a(lib_a-stdio.o)
                0x0000000000114988                __sread
 .text.__seofread
                0x00000000001149c4        0x8 /opt/devkitpro/devkitARM/lib/gcc/arm-none-eabi/9.1.0/../../../../arm-none-eabi/lib/armv6k/fpu/libg.a(lib_a-stdio.o)
                0x00000000001149c4                __seofread
 .text.__swrite
                0x00000000001149cc       0x68 /opt/devkitpro/devkitARM/lib/gcc/arm-none-eabi/9.1.0/../../../../arm-none-eabi/lib/armv6k/fpu/libg.a(lib_a-stdio.o)
                0x00000000001149cc                __swrite
 .text.__sseek  0x0000000000114a34       0x58 /opt/devkitpro/devkitARM/lib/gcc/arm-none-eabi/9.1.0/../../../../arm-none-eabi/lib/armv6k/fpu/libg.a(lib_a-stdio.o)
                0x0000000000114a34                __sseek
 .text.__sclose
                0x0000000000114a8c        0x8 /opt/devkitpro/devkitARM/lib/gcc/arm-none-eabi/9.1.0/../../../../arm-none-eabi/lib/armv6k/fpu/libg.a(lib_a-stdio.o)
                0x0000000000114a8c                __sclose
 .text.strchr   0x0000000000114a94      0x144 /opt/devkitpro/devkitARM/lib/gcc/arm-none-eabi/9.1.0/../../../../arm-none-eabi/lib/armv6k/fpu/libg.a(lib_a-strchr.o)
                0x0000000000114a94                strchr
 .text.strlen   0x0000000000114bd8       0x5c /opt/devkitpro/devkitARM/lib/gcc/arm-none-eabi/9.1.0/../../../../arm-none-eabi/lib/armv6k/fpu/libg.a(lib_a-strlen-stub.o)
                0x0000000000114bd8                strlen
 .text.strncat  0x0000000000114c34       0x98 /opt/devkitpro/devkitARM/lib/gcc/arm-none-eabi/9.1.0/../../../../arm-none-eabi/lib/armv6k/fpu/libg.a(lib_a-strncat.o)
                0x0000000000114c34                strncat
 .text.strncmp  0x0000000000114ccc       0xec /opt/devkitpro/devkitARM/lib/gcc/arm-none-eabi/9.1.0/../../../../arm-none-eabi/lib/armv6k/fpu/libg.a(lib_a-strncmp.o)
                0x0000000000114ccc                strncmp
 .text.strncpy  0x0000000000114db8       0xc0 /opt/devkitpro/devkitARM/lib/gcc/arm-none-eabi/9.1.0/../../../../arm-none-eabi/lib/armv6k/fpu/libg.a(lib_a-strncpy.o)
                0x0000000000114db8                strncpy
 .text.strnlen  0x0000000000114e78       0x48 /opt/devkitpro/devkitARM/lib/gcc/arm-none-eabi/9.1.0/../../../../arm-none-eabi/lib/armv6k/fpu/libg.a(lib_a-strnlen.o)
                0x0000000000114e78                strnlen
 .text.get_arg  0x0000000000114ec0       0x48 /opt/devkitpro/devkitARM/lib/gcc/arm-none-eabi/9.1.0/../../../../arm-none-eabi/lib/armv6k/fpu/libg.a(lib_a-svfscanf.o)
 .text.__ssvfscanf_r
                0x0000000000114f08     0x2b84 /opt/devkitpro/devkitARM/lib/gcc/arm-none-eabi/9.1.0/../../../../arm-none-eabi/lib/armv6k/fpu/libg.a(lib_a-svfscanf.o)
                0x0000000000114f08                __ssvfscanf_r
 .text.time     0x0000000000117a8c       0x3c /opt/devkitpro/devkitARM/lib/gcc/arm-none-eabi/9.1.0/../../../../arm-none-eabi/lib/armv6k/fpu/libg.a(lib_a-time.o)
                0x0000000000117a8c                time
 .text.__sprint_r
                0x0000000000117ac8       0x34 /opt/devkitpro/devkitARM/lib/gcc/arm-none-eabi/9.1.0/../../../../arm-none-eabi/lib/armv6k/fpu/libg.a(lib_a-vfiprintf.o)
                0x0000000000117ac8                __sprint_r
 .text.get_arg  0x0000000000117afc      0x650 /opt/devkitpro/devkitARM/lib/gcc/arm-none-eabi/9.1.0/../../../../arm-none-eabi/lib/armv6k/fpu/libg.a(lib_a-vfprintf.o)
 *fill*         0x000000000011814c        0x4 
 .text._vfprintf_r
                0x0000000000118150     0x38e0 /opt/devkitpro/devkitARM/lib/gcc/arm-none-eabi/9.1.0/../../../../arm-none-eabi/lib/armv6k/fpu/libg.a(lib_a-vfprintf.o)
                0x0000000000118150                _vfprintf_r
 .text.__sbprintf
                0x000000000011ba30       0xd4 /opt/devkitpro/devkitARM/lib/gcc/arm-none-eabi/9.1.0/../../../../arm-none-eabi/lib/armv6k/fpu/libg.a(lib_a-vfprintf.o)
 .text._wcrtomb_r
                0x000000000011bb04       0x54 /opt/devkitpro/devkitARM/lib/gcc/arm-none-eabi/9.1.0/../../../../arm-none-eabi/lib/armv6k/fpu/libg.a(lib_a-wcrtomb.o)
                0x000000000011bb04                _wcrtomb_r
 .text._wcsrtombs_r
                0x000000000011bb58       0x20 /opt/devkitpro/devkitARM/lib/gcc/arm-none-eabi/9.1.0/../../../../arm-none-eabi/lib/armv6k/fpu/libg.a(lib_a-wcsrtombs.o)
                0x000000000011bb58                _wcsrtombs_r
 .text.__swsetup_r
                0x000000000011bb78      0x150 /opt/devkitpro/devkitARM/lib/gcc/arm-none-eabi/9.1.0/../../../../arm-none-eabi/lib/armv6k/fpu/libg.a(lib_a-wsetup.o)
                0x000000000011bb78                __swsetup_r
 .text.__call_exitprocs
                0x000000000011bcc8      0x118 /opt/devkitpro/devkitARM/lib/gcc/arm-none-eabi/9.1.0/../../../../arm-none-eabi/lib/armv6k/fpu/libg.a(lib_a-__call_atexit.o)
                0x000000000011bcc8                __call_exitprocs
 .text.quorem   0x000000000011bde0      0x1a8 /opt/devkitpro/devkitARM/lib/gcc/arm-none-eabi/9.1.0/../../../../arm-none-eabi/lib/armv6k/fpu/libg.a(lib_a-dtoa.o)
 .text._dtoa_r  0x000000000011bf88     0x12ac /opt/devkitpro/devkitARM/lib/gcc/arm-none-eabi/9.1.0/../../../../arm-none-eabi/lib/armv6k/fpu/libg.a(lib_a-dtoa.o)
                0x000000000011bf88                _dtoa_r
 .text.__sflags
                0x000000000011d234       0xc8 /opt/devkitpro/devkitARM/lib/gcc/arm-none-eabi/9.1.0/../../../../arm-none-eabi/lib/armv6k/fpu/libg.a(lib_a-flags.o)
                0x000000000011d234                __sflags
 .text.__sfvwrite_r
                0x000000000011d2fc      0x4a4 /opt/devkitpro/devkitARM/lib/gcc/arm-none-eabi/9.1.0/../../../../arm-none-eabi/lib/armv6k/fpu/libg.a(lib_a-fvwrite.o)
                0x000000000011d2fc                __sfvwrite_r
 .text.iswspace
                0x000000000011d7a0        0x8 /opt/devkitpro/devkitARM/lib/gcc/arm-none-eabi/9.1.0/../../../../arm-none-eabi/lib/armv6k/fpu/libg.a(lib_a-iswspace.o)
                0x000000000011d7a0                iswspace
 .text._localeconv_r
                0x000000000011d7a8        0xc /opt/devkitpro/devkitARM/lib/gcc/arm-none-eabi/9.1.0/../../../../arm-none-eabi/lib/armv6k/fpu/libg.a(lib_a-localeconv.o)
                0x000000000011d7a8                _localeconv_r
 .text.__locale_mb_cur_max
                0x000000000011d7b4       0x10 /opt/devkitpro/devkitARM/lib/gcc/arm-none-eabi/9.1.0/../../../../arm-none-eabi/lib/armv6k/fpu/libg.a(lib_a-locale.o)
                0x000000000011d7b4                __locale_mb_cur_max
 .text._mbrtowc_r
                0x000000000011d7c4       0x60 /opt/devkitpro/devkitARM/lib/gcc/arm-none-eabi/9.1.0/../../../../arm-none-eabi/lib/armv6k/fpu/libg.a(lib_a-mbrtowc.o)
                0x000000000011d7c4                _mbrtowc_r
 .text.__utf8_mbtowc
                0x000000000011d824      0x2fc /opt/devkitpro/devkitARM/lib/gcc/arm-none-eabi/9.1.0/../../../../arm-none-eabi/lib/armv6k/fpu/libg.a(lib_a-mbtowc_r.o)
                0x000000000011d824                __utf8_mbtowc
 .text.memmove  0x000000000011db20      0x154 /opt/devkitpro/devkitARM/lib/gcc/arm-none-eabi/9.1.0/../../../../arm-none-eabi/lib/armv6k/fpu/libg.a(lib_a-memmove.o)
                0x000000000011db20                memmove
 .text._Balloc  0x000000000011dc74       0x88 /opt/devkitpro/devkitARM/lib/gcc/arm-none-eabi/9.1.0/../../../../arm-none-eabi/lib/armv6k/fpu/libg.a(lib_a-mprec.o)
                0x000000000011dc74                _Balloc
 .text._Bfree   0x000000000011dcfc       0x1c /opt/devkitpro/devkitARM/lib/gcc/arm-none-eabi/9.1.0/../../../../arm-none-eabi/lib/armv6k/fpu/libg.a(lib_a-mprec.o)
                0x000000000011dcfc                _Bfree
 .text.__multadd
                0x000000000011dd18       0xd0 /opt/devkitpro/devkitARM/lib/gcc/arm-none-eabi/9.1.0/../../../../arm-none-eabi/lib/armv6k/fpu/libg.a(lib_a-mprec.o)
                0x000000000011dd18                __multadd
 .text.__s2b    0x000000000011dde8       0xec /opt/devkitpro/devkitARM/lib/gcc/arm-none-eabi/9.1.0/../../../../arm-none-eabi/lib/armv6k/fpu/libg.a(lib_a-mprec.o)
                0x000000000011dde8                __s2b
 .text.__hi0bits
                0x000000000011ded4       0x58 /opt/devkitpro/devkitARM/lib/gcc/arm-none-eabi/9.1.0/../../../../arm-none-eabi/lib/armv6k/fpu/libg.a(lib_a-mprec.o)
                0x000000000011ded4                __hi0bits
 .text.__lo0bits
                0x000000000011df2c       0x9c /opt/devkitpro/devkitARM/lib/gcc/arm-none-eabi/9.1.0/../../../../arm-none-eabi/lib/armv6k/fpu/libg.a(lib_a-mprec.o)
                0x000000000011df2c                __lo0bits
 .text.__i2b    0x000000000011dfc8       0x20 /opt/devkitpro/devkitARM/lib/gcc/arm-none-eabi/9.1.0/../../../../arm-none-eabi/lib/armv6k/fpu/libg.a(lib_a-mprec.o)
                0x000000000011dfc8                __i2b
 .text.__multiply
                0x000000000011dfe8      0x1e0 /opt/devkitpro/devkitARM/lib/gcc/arm-none-eabi/9.1.0/../../../../arm-none-eabi/lib/armv6k/fpu/libg.a(lib_a-mprec.o)
                0x000000000011dfe8                __multiply
 .text.__pow5mult
                0x000000000011e1c8      0x100 /opt/devkitpro/devkitARM/lib/gcc/arm-none-eabi/9.1.0/../../../../arm-none-eabi/lib/armv6k/fpu/libg.a(lib_a-mprec.o)
                0x000000000011e1c8                __pow5mult
 .text.__lshift
                0x000000000011e2c8      0x114 /opt/devkitpro/devkitARM/lib/gcc/arm-none-eabi/9.1.0/../../../../arm-none-eabi/lib/armv6k/fpu/libg.a(lib_a-mprec.o)
                0x000000000011e2c8                __lshift
 .text.__mcmp   0x000000000011e3dc       0x58 /opt/devkitpro/devkitARM/lib/gcc/arm-none-eabi/9.1.0/../../../../arm-none-eabi/lib/armv6k/fpu/libg.a(lib_a-mprec.o)
                0x000000000011e3dc                __mcmp
 .text.__mdiff  0x000000000011e434      0x190 /opt/devkitpro/devkitARM/lib/gcc/arm-none-eabi/9.1.0/../../../../arm-none-eabi/lib/armv6k/fpu/libg.a(lib_a-mprec.o)
                0x000000000011e434                __mdiff
 .text.__ulp    0x000000000011e5c4       0x88 /opt/devkitpro/devkitARM/lib/gcc/arm-none-eabi/9.1.0/../../../../arm-none-eabi/lib/armv6k/fpu/libg.a(lib_a-mprec.o)
                0x000000000011e5c4                __ulp
 .text.__b2d    0x000000000011e64c       0xd4 /opt/devkitpro/devkitARM/lib/gcc/arm-none-eabi/9.1.0/../../../../arm-none-eabi/lib/armv6k/fpu/libg.a(lib_a-mprec.o)
                0x000000000011e64c                __b2d
 .text.__d2b    0x000000000011e720      0x104 /opt/devkitpro/devkitARM/lib/gcc/arm-none-eabi/9.1.0/../../../../arm-none-eabi/lib/armv6k/fpu/libg.a(lib_a-mprec.o)
                0x000000000011e720                __d2b
 .text.__ratio  0x000000000011e824       0x84 /opt/devkitpro/devkitARM/lib/gcc/arm-none-eabi/9.1.0/../../../../arm-none-eabi/lib/armv6k/fpu/libg.a(lib_a-mprec.o)
                0x000000000011e824                __ratio
 .text.__copybits
                0x000000000011e8a8       0x6c /opt/devkitpro/devkitARM/lib/gcc/arm-none-eabi/9.1.0/../../../../arm-none-eabi/lib/armv6k/fpu/libg.a(lib_a-mprec.o)
                0x000000000011e8a8                __copybits
 .text.__any_on
                0x000000000011e914       0x5c /opt/devkitpro/devkitARM/lib/gcc/arm-none-eabi/9.1.0/../../../../arm-none-eabi/lib/armv6k/fpu/libg.a(lib_a-mprec.o)
                0x000000000011e914                __any_on
 .text.realloc  0x000000000011e970       0x28 /opt/devkitpro/devkitARM/lib/gcc/arm-none-eabi/9.1.0/../../../../arm-none-eabi/lib/armv6k/fpu/libg.a(lib_a-realloc.o)